<html>
<body>
<pre>
<h1>µVision Build Log</h1>
<h2>Tool Versions:</h2>
IDE-Version: ¦ÌVision V5.36.0.0
Copyright (C) 2021 ARM Ltd and ARM Germany GmbH. All rights reserved.
License Information: 1 LIME, 1, LIC=IK1BF-64LF1-01LP1-CR1L5-6SJ4S-MEYYZ
 
Tool Versions:
Toolchain:       MDK-ARM Plus  Version: 5.36.0.0
Toolchain Path:  E:\Keil5\Core\ARM\ARMCC\Bin
C Compiler:      Armcc.exe V5.06 update 7 (build 960)
Assembler:       Armasm.exe V5.06 update 7 (build 960)
Linker/Locator:  ArmLink.exe V5.06 update 7 (build 960)
Library Manager: ArmAr.exe V5.06 update 7 (build 960)
Hex Converter:   FromElf.exe V5.06 update 7 (build 960)
CPU DLL:         SARMCM3.DLL V5.36.0.0
Dialog DLL:      DCM.DLL V1.17.3.0
Target DLL:      STLink\ST-LINKIII-KEIL_SWO.dll V3.0.9.0
Dialog DLL:      TCM.DLL V1.53.0.0
 
<h2>Project:</h2>
E:\Keil5\Keil5Project\02_Prepare\15_Project\02_Stage1_FreeRTOS\01_HC05_ESP01S\02_HC05_ESP01S.uvprojx
Project File Date:  03/15/2026

<h2>Output:</h2>
*** Using Compiler 'V5.06 update 7 (build 960)', folder: 'E:\Keil5\Core\ARM\ARMCC\Bin'
Build target 'Target 1'
assembling startup_stm32f10x_md.s...
compiling misc.c...
compiling system_stm32f10x.c...
compiling stm32f10x_bkp.c...
compiling Delay.c...
compiling stm32f10x_crc.c...
compiling Utils.c...
compiling stm32f10x_dma.c...
compiling stm32f10x_dbgmcu.c...
compiling main.c...
User\main.c(129): warning:  #177-D: function "MainTest_WIFI_Restore"  was declared but never referenced
  static void MainTest_WIFI_Restore(void) {
User\main.c(144): warning:  #177-D: function "MainTest_BlueTooth_Config"  was declared but never referenced
  static void MainTest_BlueTooth_Config(void) {
User\main.c(188): warning:  #177-D: function "MainTest_WiFi_Config"  was declared but never referenced
  static void MainTest_WiFi_Config(void) {
User\main.c: 3 warnings, 0 errors
compiling stm32f10x_can.c...
compiling stm32f10x_i2c.c...
compiling BlueTooth.c...
compiling core_cm3.c...
compiling stm32f10x_adc.c...
compiling DebugUSART1.c...
compiling stm32f10x_iwdg.c...
compiling stm32f10x_it.c...
compiling stm32f10x_rtc.c...
compiling stm32f10x_dac.c...
compiling stm32f10x_flash.c...
compiling stm32f10x_wwdg.c...
compiling stm32f10x_gpio.c...
compiling stm32f10x_pwr.c...
compiling stm32f10x_cec.c...
compiling WiFi.c...
compiling stm32f10x_exti.c...
compiling stm32f10x_sdio.c...
compiling stm32f10x_spi.c...
compiling stm32f10x_usart.c...
compiling stm32f10x_fsmc.c...
compiling stm32f10x_rcc.c...
compiling stm32f10x_tim.c...
linking...
Program Size: Code=5088 RO-data=268 RW-data=36 ZI-data=1540  
".\Objects\02_HC05_ESP01S.axf" - 0 Error(s), 3 Warning(s).

<h2>Software Packages used:</h2>

Package Vendor: Keil
                https://www.keil.com/pack/Keil.STM32F1xx_DFP.2.4.1.pack
                Keil.STM32F1xx_DFP.2.4.1
                STMicroelectronics STM32F1 Series Device Support, Drivers and Examples

<h2>Collection of Component include folders:</h2>
  E:\Keil5\Pack\Keil\STM32F1xx_DFP\2.4.1\Device\Include

<h2>Collection of Component Files used:</h2>
Build Time Elapsed:  00:00:04
</pre>
</body>
</html>
