Component: ARM Compiler 5.06 update 7 (build 960) Tool: armlink [4d3601]

==============================================================================

Section Cross References

    startup_stm32f10x_md.o(STACK) refers (Special) to heapauxi.o(.text) for __use_two_region_memory
    startup_stm32f10x_md.o(HEAP) refers (Special) to heapauxi.o(.text) for __use_two_region_memory
    startup_stm32f10x_md.o(RESET) refers (Special) to heapauxi.o(.text) for __use_two_region_memory
    startup_stm32f10x_md.o(RESET) refers to startup_stm32f10x_md.o(STACK) for __initial_sp
    startup_stm32f10x_md.o(RESET) refers to startup_stm32f10x_md.o(.text) for Reset_Handler
    startup_stm32f10x_md.o(RESET) refers to stm32f10x_it.o(i.NMI_Handler) for NMI_Handler
    startup_stm32f10x_md.o(RESET) refers to stm32f10x_it.o(i.HardFault_Handler) for HardFault_Handler
    startup_stm32f10x_md.o(RESET) refers to stm32f10x_it.o(i.MemManage_Handler) for MemManage_Handler
    startup_stm32f10x_md.o(RESET) refers to stm32f10x_it.o(i.BusFault_Handler) for BusFault_Handler
    startup_stm32f10x_md.o(RESET) refers to stm32f10x_it.o(i.UsageFault_Handler) for UsageFault_Handler
    startup_stm32f10x_md.o(RESET) refers to port.o(.emb_text) for SVC_Handler
    startup_stm32f10x_md.o(RESET) refers to stm32f10x_it.o(i.DebugMon_Handler) for DebugMon_Handler
    startup_stm32f10x_md.o(RESET) refers to port.o(i.SysTick_Handler) for SysTick_Handler
    startup_stm32f10x_md.o(RESET) refers to dog.o(i.WWDG_IRQHandler) for WWDG_IRQHandler
    startup_stm32f10x_md.o(RESET) refers to wifi.o(i.USART2_IRQHandler) for USART2_IRQHandler
    startup_stm32f10x_md.o(RESET) refers to bluetooth.o(i.USART3_IRQHandler) for USART3_IRQHandler
    startup_stm32f10x_md.o(.text) refers (Special) to heapauxi.o(.text) for __use_two_region_memory
    startup_stm32f10x_md.o(.text) refers to system_stm32f10x.o(i.SystemInit) for SystemInit
    startup_stm32f10x_md.o(.text) refers to __main.o(!!!main) for __main
    startup_stm32f10x_md.o(.text) refers to startup_stm32f10x_md.o(HEAP) for Heap_Mem
    startup_stm32f10x_md.o(.text) refers to startup_stm32f10x_md.o(STACK) for Stack_Mem
    system_stm32f10x.o(i.SetSysClock) refers to system_stm32f10x.o(i.SetSysClockTo72) for SetSysClockTo72
    system_stm32f10x.o(i.SystemCoreClockUpdate) refers to system_stm32f10x.o(.data) for SystemCoreClock
    system_stm32f10x.o(i.SystemInit) refers to system_stm32f10x.o(i.SetSysClock) for SetSysClock
    stm32f10x_adc.o(i.ADC_DeInit) refers to stm32f10x_rcc.o(i.RCC_APB2PeriphResetCmd) for RCC_APB2PeriphResetCmd
    stm32f10x_bkp.o(i.BKP_DeInit) refers to stm32f10x_rcc.o(i.RCC_BackupResetCmd) for RCC_BackupResetCmd
    stm32f10x_can.o(i.CAN_DeInit) refers to stm32f10x_rcc.o(i.RCC_APB1PeriphResetCmd) for RCC_APB1PeriphResetCmd
    stm32f10x_can.o(i.CAN_GetITStatus) refers to stm32f10x_can.o(i.CheckITStatus) for CheckITStatus
    stm32f10x_cec.o(i.CEC_DeInit) refers to stm32f10x_rcc.o(i.RCC_APB1PeriphResetCmd) for RCC_APB1PeriphResetCmd
    stm32f10x_dac.o(i.DAC_DeInit) refers to stm32f10x_rcc.o(i.RCC_APB1PeriphResetCmd) for RCC_APB1PeriphResetCmd
    stm32f10x_flash.o(i.FLASH_EnableWriteProtection) refers to stm32f10x_flash.o(i.FLASH_WaitForLastOperation) for FLASH_WaitForLastOperation
    stm32f10x_flash.o(i.FLASH_EraseAllBank1Pages) refers to stm32f10x_flash.o(i.FLASH_WaitForLastBank1Operation) for FLASH_WaitForLastBank1Operation
    stm32f10x_flash.o(i.FLASH_EraseAllPages) refers to stm32f10x_flash.o(i.FLASH_WaitForLastOperation) for FLASH_WaitForLastOperation
    stm32f10x_flash.o(i.FLASH_EraseOptionBytes) refers to stm32f10x_flash.o(i.FLASH_GetReadOutProtectionStatus) for FLASH_GetReadOutProtectionStatus
    stm32f10x_flash.o(i.FLASH_EraseOptionBytes) refers to stm32f10x_flash.o(i.FLASH_WaitForLastOperation) for FLASH_WaitForLastOperation
    stm32f10x_flash.o(i.FLASH_ErasePage) refers to stm32f10x_flash.o(i.FLASH_WaitForLastOperation) for FLASH_WaitForLastOperation
    stm32f10x_flash.o(i.FLASH_ProgramHalfWord) refers to stm32f10x_flash.o(i.FLASH_WaitForLastOperation) for FLASH_WaitForLastOperation
    stm32f10x_flash.o(i.FLASH_ProgramOptionByteData) refers to stm32f10x_flash.o(i.FLASH_WaitForLastOperation) for FLASH_WaitForLastOperation
    stm32f10x_flash.o(i.FLASH_ProgramWord) refers to stm32f10x_flash.o(i.FLASH_WaitForLastOperation) for FLASH_WaitForLastOperation
    stm32f10x_flash.o(i.FLASH_ReadOutProtection) refers to stm32f10x_flash.o(i.FLASH_WaitForLastOperation) for FLASH_WaitForLastOperation
    stm32f10x_flash.o(i.FLASH_UserOptionByteConfig) refers to stm32f10x_flash.o(i.FLASH_WaitForLastOperation) for FLASH_WaitForLastOperation
    stm32f10x_flash.o(i.FLASH_WaitForLastBank1Operation) refers to stm32f10x_flash.o(i.FLASH_GetBank1Status) for FLASH_GetBank1Status
    stm32f10x_flash.o(i.FLASH_WaitForLastOperation) refers to stm32f10x_flash.o(i.FLASH_GetBank1Status) for FLASH_GetBank1Status
[...]
    RTC_IRQHandler                           0x080002e7   Thumb Code     0  startup_stm32f10x_md.o(.text)
    SPI1_IRQHandler                          0x080002e7   Thumb Code     0  startup_stm32f10x_md.o(.text)
    SPI2_IRQHandler                          0x080002e7   Thumb Code     0  startup_stm32f10x_md.o(.text)
    TAMPER_IRQHandler                        0x080002e7   Thumb Code     0  startup_stm32f10x_md.o(.text)
    TIM1_BRK_IRQHandler                      0x080002e7   Thumb Code     0  startup_stm32f10x_md.o(.text)
    TIM1_CC_IRQHandler                       0x080002e7   Thumb Code     0  startup_stm32f10x_md.o(.text)
    TIM1_TRG_COM_IRQHandler                  0x080002e7   Thumb Code     0  startup_stm32f10x_md.o(.text)
    TIM1_UP_IRQHandler                       0x080002e7   Thumb Code     0  startup_stm32f10x_md.o(.text)
    TIM2_IRQHandler                          0x080002e7   Thumb Code     0  startup_stm32f10x_md.o(.text)
    TIM3_IRQHandler                          0x080002e7   Thumb Code     0  startup_stm32f10x_md.o(.text)
    TIM4_IRQHandler                          0x080002e7   Thumb Code     0  startup_stm32f10x_md.o(.text)
    USART1_IRQHandler                        0x080002e7   Thumb Code     0  startup_stm32f10x_md.o(.text)
    USBWakeUp_IRQHandler                     0x080002e7   Thumb Code     0  startup_stm32f10x_md.o(.text)
    USB_HP_CAN1_TX_IRQHandler                0x080002e7   Thumb Code     0  startup_stm32f10x_md.o(.text)
    USB_LP_CAN1_RX0_IRQHandler               0x080002e7   Thumb Code     0  startup_stm32f10x_md.o(.text)
    __user_initial_stackheap                 0x080002e9   Thumb Code     0  startup_stm32f10x_md.o(.text)
    __aeabi_uldivmod                         0x0800030d   Thumb Code     0  lludivv7m.o(.text)
    _ll_udiv                                 0x0800030d   Thumb Code   238  lludivv7m.o(.text)
    vsprintf                                 0x080003fd   Thumb Code    32  vsprintf.o(.text)
    __2sprintf                               0x08000421   Thumb Code    38  __2sprintf.o(.text)
    _printf_str                              0x0800044d   Thumb Code    82  _printf_str.o(.text)
    _printf_int_dec                          0x080004a1   Thumb Code   104  _printf_dec.o(.text)
    __printf                                 0x08000519   Thumb Code   388  __printf_flags_ss_wp.o(.text)
    strstr                                   0x080006a1   Thumb Code    36  strstr.o(.text)
    strcpy                                   0x080006c5   Thumb Code    72  strcpy.o(.text)
    strlen                                   0x0800070d   Thumb Code    62  strlen.o(.text)
    __aeabi_memcpy                           0x0800074b   Thumb Code     0  rt_memcpy_v6.o(.text)
    __rt_memcpy                              0x0800074b   Thumb Code   138  rt_memcpy_v6.o(.text)
    _memcpy_lastbytes                        0x080007b1   Thumb Code     0  rt_memcpy_v6.o(.text)
    __aeabi_memclr                           0x080007d5   Thumb Code     0  rt_memclr.o(.text)
    __rt_memclr                              0x080007d5   Thumb Code    68  rt_memclr.o(.text)
    _memset                                  0x080007d9   Thumb Code     0  rt_memclr.o(.text)
    __aeabi_memclr4                          0x08000819   Thumb Code     0  rt_memclr_w.o(.text)
    __aeabi_memclr8                          0x08000819   Thumb Code     0  rt_memclr_w.o(.text)
    __rt_memclr_w                            0x08000819   Thumb Code    78  rt_memclr_w.o(.text)
    _memset_w                                0x0800081d   Thumb Code     0  rt_memclr_w.o(.text)
    __use_two_region_memory                  0x08000867   Thumb Code     2  heapauxi.o(.text)
    __rt_heap_escrow$2region                 0x08000869   Thumb Code     2  heapauxi.o(.text)
    __rt_heap_expand$2region                 0x0800086b   Thumb Code     2  heapauxi.o(.text)
    __read_errno                             0x0800086d   Thumb Code    10  _rserrno.o(.text)
    __set_errno                              0x08000877   Thumb Code    12  _rserrno.o(.text)
    _printf_pre_padding                      0x08000883   Thumb Code    44  _printf_pad.o(.text)
    _printf_post_padding                     0x080008af   Thumb Code    34  _printf_pad.o(.text)
    _printf_truncate_signed                  0x080008d1   Thumb Code    18  _printf_truncate.o(.text)
    _printf_truncate_unsigned                0x080008e3   Thumb Code    18  _printf_truncate.o(.text)
    _printf_int_common                       0x080008f5   Thumb Code   178  _printf_intcommon.o(.text)
    _printf_charcount                        0x080009a7   Thumb Code    40  _printf_charcount.o(.text)
    __lib_sel_fp_printf                      0x080009cf   Thumb Code     2  _printf_fp_dec.o(.text)
    _printf_fp_dec_real                      0x08000b81   Thumb Code   620  _printf_fp_dec.o(.text)
    _printf_char_common                      0x08000df7   Thumb Code    32  _printf_char_common.o(.text)
    _sputc                                   0x08000e1d   Thumb Code    10  _sputc.o(.text)
    _printf_cs_common                        0x08000e27   Thumb Code    20  _printf_char.o(.text)
    _printf_char                             0x08000e3b   Thumb Code    16  _printf_char.o(.text)
    _printf_string                           0x08000e4b   Thumb Code     8  _printf_char.o(.text)
    _printf_wctomb                           0x08000e55   Thumb Code   182  _printf_wctomb.o(.text)
    _printf_longlong_dec                     0x08000f11   Thumb Code   108  _printf_longlong_dec.o(.text)
    _printf_longlong_oct                     0x08000f8d   Thumb Code    66  _printf_oct_int_ll.o(.text)
    _printf_int_oct                          0x08000fcf   Thumb Code    24  _printf_oct_int_ll.o(.text)
    _printf_ll_oct                           0x08000fe7   Thumb Code    12  _printf_oct_int_ll.o(.text)
    _printf_longlong_hex                     0x08000ffd   Thumb Code    86  _printf_hex_int_ll_ptr.o(.text)
    _printf_int_hex                          0x08001053   Thumb Code    28  _printf_hex_int_ll_ptr.o(.text)
    _printf_ll_hex                           0x0800106f   Thumb Code    12  _printf_hex_int_ll_ptr.o(.text)
    _printf_hex_ptr                          0x0800107b   Thumb Code    18  _printf_hex_int_ll_ptr.o(.text)
    __aeabi_memcpy4                          0x08001091   Thumb Code     0  rt_memcpy_w.o(.text)
    __aeabi_memcpy8                          0x08001091   Thumb Code     0  rt_memcpy_w.o(.text)
    __rt_memcpy_w                            0x08001091   Thumb Code   100  rt_memcpy_w.o(.text)
    _memcpy_lastbytes_aligned                0x080010d9   Thumb Code     0  rt_memcpy_w.o(.text)
    __rt_locale                              0x080010f5   Thumb Code     8  rt_locale_intlibspace.o(.text)
    __aeabi_errno_addr                       0x080010fd   Thumb Code     8  rt_errno_addr_intlibspace.o(.text)
    __errno$intlibspace                      0x080010fd   Thumb Code     0  rt_errno_addr_intlibspace.o(.text)
    __rt_errno_addr$intlibspace              0x080010fd   Thumb Code     0  rt_errno_addr_intlibspace.o(.text)
    _ll_udiv10                               0x08001105   Thumb Code   138  lludiv10.o(.text)
    _printf_fp_hex_real                      0x08001191   Thumb Code   756  _printf_fp_hex.o(.text)
    _printf_fp_infnan                        0x0800148d   Thumb Code   112  _printf_fp_infnan.o(.text)
    _printf_lcs_common                       0x0800150d   Thumb Code    20  _printf_wchar.o(.text)
    _printf_wchar                            0x08001521   Thumb Code    16  _printf_wchar.o(.text)
    _printf_wstring                          0x08001531   Thumb Code     8  _printf_wchar.o(.text)
    _btod_etento                             0x08001539   Thumb Code   224  bigflt0.o(.text)
    _wcrtomb                                 0x0800161d   Thumb Code    64  _wcrtomb.o(.text)
    __user_libspace                          0x0800165d   Thumb Code     8  libspace.o(.text)
    __user_perproc_libspace                  0x0800165d   Thumb Code     0  libspace.o(.text)
    __user_perthread_libspace                0x0800165d   Thumb Code     0  libspace.o(.text)
    __user_setup_stackheap                   0x08001665   Thumb Code    74  sys_stackheap_outer.o(.text)
    __rt_ctype_table                         0x080016b1   Thumb Code    16  rt_ctype_table.o(.text)
    exit                                     0x080016c1   Thumb Code    18  exit.o(.text)
    strcmp                                   0x080016d5   Thumb Code   128  strcmpv7m.o(.text)
    _sys_exit                                0x08001755   Thumb Code     8  sys_exit.o(.text)
    __I$use$semihosting                      0x08001761   Thumb Code     0  use_no_semi.o(.text)
    __use_no_semihosting_swi                 0x08001761   Thumb Code     2  use_no_semi.o(.text)
    __semihosting_library_function           0x08001763   Thumb Code     0  indicate_semi.o(.text)
    _btod_d2e                                0x08001763   Thumb Code    62  btod.o(CL$$btod_d2e)
    _d2e_denorm_low                          0x080017a1   Thumb Code    70  btod.o(CL$$btod_d2e_denorm_low)
    _d2e_norm_op1                            0x080017e7   Thumb Code    96  btod.o(CL$$btod_d2e_norm_op1)
    __btod_div_common                        0x08001847   Thumb Code   696  btod.o(CL$$btod_div_common)
    _e2e                                     0x08001b7f   Thumb Code   220  btod.o(CL$$btod_e2e)
    _btod_ediv                               0x08001c5b   Thumb Code    42  btod.o(CL$$btod_ediv)
    _btod_emul                               0x08001c85   Thumb Code    42  btod.o(CL$$btod_emul)
    __btod_mult_common                       0x08001caf   Thumb Code   580  btod.o(CL$$btod_mult_common)
    ADC_Cmd                                  0x08001ef3   Thumb Code    22  stm32f10x_adc.o(i.ADC_Cmd)
    ADC_Config                               0x08001f09   Thumb Code   126  adc.o(i.ADC_Config)
    ADC_GetCalibrationStatus                 0x08001f91   Thumb Code    20  stm32f10x_adc.o(i.ADC_GetCalibrationStatus)
    ADC_GetConversionValue                   0x08001fa5   Thumb Code     8  stm32f10x_adc.o(i.ADC_GetConversionValue)
    ADC_GetFlagStatus                        0x08001fad   Thumb Code    18  stm32f10x_adc.o(i.ADC_GetFlagStatus)
    ADC_GetResetCalibrationStatus            0x08001fbf   Thumb Code    20  stm32f10x_adc.o(i.ADC_GetResetCalibrationStatus)
    ADC_Init                                 0x08001fd5   Thumb Code    70  stm32f10x_adc.o(i.ADC_Init)
    ADC_Read                                 0x08002025   Thumb Code    46  adc.o(i.ADC_Read)
    ADC_RegularChannelConfig                 0x08002059   Thumb Code   184  stm32f10x_adc.o(i.ADC_RegularChannelConfig)
    ADC_ResetCalibration                     0x08002111   Thumb Code    10  stm32f10x_adc.o(i.ADC_ResetCalibration)
    ADC_SoftwareStartConvCmd                 0x0800211b   Thumb Code    22  stm32f10x_adc.o(i.ADC_SoftwareStartConvCmd)
    ADC_StartCalibration                     0x08002131   Thumb Code    10  stm32f10x_adc.o(i.ADC_StartCalibration)
    BlueTooth_Init                           0x0800213d   Thumb Code   164  bluetooth.o(i.BlueTooth_Init)
    BusFault_Handler                         0x080021e9   Thumb Code     4  stm32f10x_it.o(i.BusFault_Handler)
    Buzzer_On                                0x080021ed   Thumb Code    14  buzzer.o(i.Buzzer_On)
    DebugMon_Handler                         0x08002201   Thumb Code     2  stm32f10x_it.o(i.DebugMon_Handler)
    DebugUART_Init                           0x08002205   Thumb Code   128  debug_uart.o(i.DebugUART_Init)
    Delay_Init                               0x080022ad   Thumb Code    54  delay.o(i.Delay_Init)
    Delay_Ms                                 0x080022e3   Thumb Code    26  delay.o(i.Delay_Ms)
    Delay_S                                  0x080022fd   Thumb Code    26  delay.o(i.Delay_S)
    Delay_Us                                 0x08002317   Thumb Code    30  delay.o(i.Delay_Us)
    ESPTask_ClearQueue                       0x08002335   Thumb Code    26  common_utils.o(i.ESPTask_ClearQueue)
    ESPTask_Entry                            0x08002355   Thumb Code    94  esp_task.o(i.ESPTask_Entry)
    ESPTask_SendCmdAndWait                   0x080023bd   Thumb Code    50  common_utils.o(i.ESPTask_SendCmdAndWait)
    ESPTask_WaitResponse                     0x080023f1   Thumb Code   144  common_utils.o(i.ESPTask_WaitResponse)
    ESP_ConnectTCP                           0x080024b1   Thumb Code    64  common_utils.o(i.ESP_ConnectTCP)
    ESP_ConnectWiFi                          0x08002569   Thumb Code    80  common_utils.o(i.ESP_ConnectWiFi)
    ESP_Init                                 0x08002625   Thumb Code   120  common_utils.o(i.ESP_Init)
    ESP_NetworkConnect                       0x08002731   Thumb Code   158  common_utils.o(i.ESP_NetworkConnect)
    ESP_SendMultiSensorData                  0x080028ad   Thumb Code   160  common_utils.o(i.ESP_SendMultiSensorData)
    ESP_SendSensorData                       0x08002a31   Thumb Code   220  common_utils.o(i.ESP_SendSensorData)
    FLASH_ErasePage                          0x08002bfd   Thumb Code    72  stm32f10x_flash.o(i.FLASH_ErasePage)
    FLASH_GetBank1Status                     0x08002c49   Thumb Code    48  stm32f10x_flash.o(i.FLASH_GetBank1Status)
    FLASH_Lock                               0x08002c7d   Thumb Code    14  stm32f10x_flash.o(i.FLASH_Lock)
    FLASH_ProgramWord                        0x08002c91   Thumb Code   102  stm32f10x_flash.o(i.FLASH_ProgramWord)
    FLASH_Unlock                             0x08002cfd   Thumb Code    12  stm32f10x_flash.o(i.FLASH_Unlock)
    FLASH_WaitForLastOperation               0x08002d15   Thumb Code    38  stm32f10x_flash.o(i.FLASH_WaitForLastOperation)
    FeedDog_Task                             0x08002d3d   Thumb Code   114  feed_dog_task.o(i.FeedDog_Task)
    Flash_Clear_WIFI_Flag                    0x08002e51   Thumb Code    18  flash.o(i.Flash_Clear_WIFI_Flag)
    Flash_Read_WIFI_Flag                     0x08002e69   Thumb Code    18  flash.o(i.Flash_Read_WIFI_Flag)
    Flash_Write_WIFI_Flag                    0x08002e81   Thumb Code    28  flash.o(i.Flash_Write_WIFI_Flag)
    GPIO_Init                                0x08002eed   Thumb Code   278  stm32f10x_gpio.o(i.GPIO_Init)
    GPIO_ReadInputDataBit                    0x08003003   Thumb Code    18  stm32f10x_gpio.o(i.GPIO_ReadInputDataBit)
    GPIO_ResetBits                           0x08003015   Thumb Code     4  stm32f10x_gpio.o(i.GPIO_ResetBits)
    GPIO_SetBits                             0x08003019   Thumb Code     4  stm32f10x_gpio.o(i.GPIO_SetBits)
    Get_Light_Intensity                      0x0800301d   Thumb Code   128  sensor.o(i.Get_Light_Intensity)
    Get_Temperature                          0x080030c5   Thumb Code   196  sensor.o(i.Get_Temperature)
    HardFault_Handler                        0x080031ad   Thumb Code     4  stm32f10x_it.o(i.HardFault_Handler)
    IWDG_Config                              0x080031b1   Thumb Code    40  dog.o(i.IWDG_Config)
    IWDG_Enable                              0x08003205   Thumb Code    10  stm32f10x_iwdg.o(i.IWDG_Enable)
    IWDG_ReloadCounter                       0x08003215   Thumb Code    10  stm32f10x_iwdg.o(i.IWDG_ReloadCounter)
    IWDG_SetPrescaler                        0x08003225   Thumb Code     6  stm32f10x_iwdg.o(i.IWDG_SetPrescaler)
    IWDG_SetReload                           0x08003231   Thumb Code     6  stm32f10x_iwdg.o(i.IWDG_SetReload)
    IWDG_WriteAccessCmd                      0x0800323d   Thumb Code     6  stm32f10x_iwdg.o(i.IWDG_WriteAccessCmd)
    Instruction_Task                         0x08003249   Thumb Code   268  instruction_task.o(i.Instruction_Task)
    Key_Check_LongPress                      0x08003439   Thumb Code    42  reset_button.o(i.Key_Check_LongPress)
    Key_GPIO_Init                            0x08003469   Thumb Code    38  reset_button.o(i.Key_GPIO_Init)
    LEDS_Blinking                            0x08003495   Thumb Code    30  leds.o(i.LEDS_Blinking)
    LEDS_Init                                0x080034b9   Thumb Code    50  leds.o(i.LEDS_Init)
    LEDS_Off                                 0x080034f1   Thumb Code    14  leds.o(i.LEDS_Off)
    LEDS_On                                  0x08003505   Thumb Code    14  leds.o(i.LEDS_On)
    MemManage_Handler                        0x08003519   Thumb Code     4  stm32f10x_it.o(i.MemManage_Handler)
    NMI_Handler                              0x0800351d   Thumb Code     2  stm32f10x_it.o(i.NMI_Handler)
    NVIC_Init                                0x08003521   Thumb Code   100  misc.o(i.NVIC_Init)
    NVIC_PriorityGroupConfig                 0x08003591   Thumb Code    10  misc.o(i.NVIC_PriorityGroupConfig)
    Outline_Entry                            0x08003605   Thumb Code   126  outline_task.o(i.Outline_Entry)
    RCC_ADCCLKConfig                         0x08003905   Thumb Code    18  stm32f10x_rcc.o(i.RCC_ADCCLKConfig)
    RCC_APB1PeriphClockCmd                   0x0800391d   Thumb Code    26  stm32f10x_rcc.o(i.RCC_APB1PeriphClockCmd)
    RCC_APB2PeriphClockCmd                   0x0800393d   Thumb Code    26  stm32f10x_rcc.o(i.RCC_APB2PeriphClockCmd)
    RCC_ClearFlag                            0x0800395d   Thumb Code    14  stm32f10x_rcc.o(i.RCC_ClearFlag)
    RCC_GetClocksFreq                        0x08003971   Thumb Code   192  stm32f10x_rcc.o(i.RCC_GetClocksFreq)
    RCC_GetFlagStatus                        0x08003a45   Thumb Code    56  stm32f10x_rcc.o(i.RCC_GetFlagStatus)
    SPI_Cmd                                  0x08003ab9   Thumb Code    24  stm32f10x_spi.o(i.SPI_Cmd)
    SPI_I2S_GetFlagStatus                    0x08003ad1   Thumb Code    18  stm32f10x_spi.o(i.SPI_I2S_GetFlagStatus)
    SPI_I2S_ReceiveData                      0x08003ae3   Thumb Code     6  stm32f10x_spi.o(i.SPI_I2S_ReceiveData)
    SPI_I2S_SendData                         0x08003ae9   Thumb Code     4  stm32f10x_spi.o(i.SPI_I2S_SendData)
    SPI_Init                                 0x08003aed   Thumb Code    60  stm32f10x_spi.o(i.SPI_Init)
    SPI_NSSInternalSoftwareConfig            0x08003b29   Thumb Code    30  stm32f10x_spi.o(i.SPI_NSSInternalSoftwareConfig)
    SplitWiFiInfo                            0x08003c31   Thumb Code    60  common_utils.o(i.SplitWiFiInfo)
    SysTick_Handler                          0x08003c6d   Thumb Code    46  port.o(i.SysTick_Handler)
    SystemInit                               0x08003ca1   Thumb Code    78  system_stm32f10x.o(i.SystemInit)
    System_Init                              0x08003d01   Thumb Code   198  init.o(i.System_Init)
    System_Reset_Check                       0x08003e7d   Thumb Code    50  dog.o(i.System_Reset_Check)
    TIM_Cmd                                  0x08003ef5   Thumb Code    24  stm32f10x_tim.o(i.TIM_Cmd)
    TIM_GetCounter                           0x08003f0d   Thumb Code     6  stm32f10x_tim.o(i.TIM_GetCounter)
    TIM_SetCounter                           0x08003f13   Thumb Code     4  stm32f10x_tim.o(i.TIM_SetCounter)
    TIM_TimeBaseInit                         0x08003f19   Thumb Code   122  stm32f10x_tim.o(i.TIM_TimeBaseInit)
    USART2_IRQHandler                        0x08003fbd   Thumb Code    50  wifi.o(i.USART2_IRQHandler)
    USART3_IRQHandler                        0x08003ff9   Thumb Code    44  bluetooth.o(i.USART3_IRQHandler)
    USART_Cmd                                0x0800402d   Thumb Code    24  stm32f10x_usart.o(i.USART_Cmd)
    USART_GetFlagStatus                      0x08004045   Thumb Code    26  stm32f10x_usart.o(i.USART_GetFlagStatus)
    USART_GetITStatus                        0x0800405f   Thumb Code    84  stm32f10x_usart.o(i.USART_GetITStatus)
    USART_ITConfig                           0x080040b3   Thumb Code    74  stm32f10x_usart.o(i.USART_ITConfig)
    USART_Init                               0x080040fd   Thumb Code   210  stm32f10x_usart.o(i.USART_Init)
    USART_ReceiveData                        0x080041d5   Thumb Code    10  stm32f10x_usart.o(i.USART_ReceiveData)
    USART_SendData                           0x080041df   Thumb Code     8  stm32f10x_usart.o(i.USART_SendData)
    UsageFault_Handler                       0x080041e7   Thumb Code     4  stm32f10x_it.o(i.UsageFault_Handler)
    W25Q64_GPIO_Init                         0x080041fd   Thumb Code    84  w25q64.o(i.W25Q64_GPIO_Init)
    W25Q64_ReadByte                          0x0800425d   Thumb Code    52  w25q64.o(i.W25Q64_ReadByte)
    W25Q64_SPI1_Init                         0x080042ad   Thumb Code    88  w25q64.o(i.W25Q64_SPI1_Init)
    W25Q64_SectorErase                       0x08004309   Thumb Code    54  w25q64.o(i.W25Q64_SectorErase)
    W25Q64_WriteByte                         0x08004363   Thumb Code    16  w25q64.o(i.W25Q64_WriteByte)
    W25Q64_WriteBytes                        0x08004373   Thumb Code    80  w25q64.o(i.W25Q64_WriteBytes)
    WIFI_Init                                0x080043d9   Thumb Code   158  wifi.o(i.WIFI_Init)
    WIFI_SendString                          0x080044a1   Thumb Code    22  wifi.o(i.WIFI_SendString)
    WWDG_ClearFlag                           0x080044b9   Thumb Code     8  stm32f10x_wwdg.o(i.WWDG_ClearFlag)
    WWDG_GetFlagStatus                       0x080044c5   Thumb Code     8  stm32f10x_wwdg.o(i.WWDG_GetFlagStatus)
    WWDG_IRQHandler                          0x080044d1   Thumb Code    26  dog.o(i.WWDG_IRQHandler)
    WWDG_SetCounter                          0x080044f1   Thumb Code    10  stm32f10x_wwdg.o(i.WWDG_SetCounter)
    WiFiConfigTask_Entry                     0x08004501   Thumb Code   372  wifi_config_task.o(i.WiFiConfigTask_Entry)
    WiFiReconnectTask_Entry                  0x080047c9   Thumb Code   126  wifi_reconnect_task.o(i.WiFiReconnectTask_Entry)
    __ARM_fpclassify                         0x080048e1   Thumb Code    40  fpclassify.o(i.__ARM_fpclassify)
    __ARM_fpclassifyf                        0x08004909   Thumb Code    38  fpclassifyf.o(i.__ARM_fpclassifyf)
    __kernel_poly                            0x0800492f   Thumb Code   170  poly.o(i.__kernel_poly)
    __mathlib_dbl_divzero                    0x080049d9   Thumb Code    12  dunder.o(i.__mathlib_dbl_divzero)
    __mathlib_dbl_infnan                     0x080049e9   Thumb Code     6  dunder.o(i.__mathlib_dbl_infnan)
    __mathlib_dbl_invalid                    0x080049ef   Thumb Code    12  dunder.o(i.__mathlib_dbl_invalid)
    __mathlib_flt_divzero                    0x080049fb   Thumb Code    10  funder.o(i.__mathlib_flt_divzero)
    __mathlib_flt_infnan2                    0x08004a05   Thumb Code     4  funder.o(i.__mathlib_flt_infnan2)
    __mathlib_flt_invalid                    0x08004a09   Thumb Code     8  funder.o(i.__mathlib_flt_invalid)
    __mathlib_flt_overflow                   0x08004a11   Thumb Code    10  funder.o(i.__mathlib_flt_overflow)
    __mathlib_flt_underflow                  0x08004a1b   Thumb Code    10  funder.o(i.__mathlib_flt_underflow)
    _is_digit                                0x08004a25   Thumb Code    14  __printf_wp.o(i._is_digit)
    log                                      0x08004a35   Thumb Code   808  log.o(i.log)
    main                                     0x08004d91   Thumb Code   216  main.o(i.main)
    __mathlib_powf                           0x08004fbd   Thumb Code     0  powf.o(i.powf)
    powf                                     0x08004fbd   Thumb Code  1548  powf.o(i.powf)
    printf1                                  0x080055dd   Thumb Code    56  debug_uart.o(i.printf1)
    pvPortMalloc                             0x08005cc9   Thumb Code   234  heap_4.o(i.pvPortMalloc)
    pxPortInitialiseStack                    0x08005dc9   Thumb Code    30  port.o(i.pxPortInitialiseStack)
    uxListRemove                             0x08005ded   Thumb Code    40  list.o(i.uxListRemove)
    uxTaskGetNumberOfTasks                   0x08005e15   Thumb Code     6  tasks.o(i.uxTaskGetNumberOfTasks)
    vListInitialise                          0x08005e21   Thumb Code    26  list.o(i.vListInitialise)
    vListInitialiseItem                      0x08005e3b   Thumb Code     6  list.o(i.vListInitialiseItem)
    vListInsert                              0x08005e41   Thumb Code    52  list.o(i.vListInsert)
    vListInsertEnd                           0x08005e75   Thumb Code    24  list.o(i.vListInsertEnd)
    vPortEnterCritical                       0x08005e8d   Thumb Code    30  port.o(i.vPortEnterCritical)
    vPortExitCritical                        0x08005eb1   Thumb Code    28  port.o(i.vPortExitCritical)
    vPortFree                                0x08005ed1   Thumb Code    68  heap_4.o(i.vPortFree)
    vPortSetupTimerInterrupt                 0x08005f1d   Thumb Code    20  port.o(i.vPortSetupTimerInterrupt)
    vTaskDelay                               0x08005f35   Thumb Code    46  tasks.o(i.vTaskDelay)
    vTaskDelete                              0x08005f69   Thumb Code   198  tasks.o(i.vTaskDelete)
    vTaskInternalSetTimeOutState             0x08006055   Thumb Code    14  tasks.o(i.vTaskInternalSetTimeOutState)
    vTaskMissedYield                         0x0800606d   Thumb Code     8  tasks.o(i.vTaskMissedYield)
    vTaskPlaceOnEventList                    0x08006079   Thumb Code    28  tasks.o(i.vTaskPlaceOnEventList)
    vTaskResume                              0x08006099   Thumb Code   170  tasks.o(i.vTaskResume)
    vTaskStartScheduler                      0x08006155   Thumb Code    60  tasks.o(i.vTaskStartScheduler)
    vTaskSuspend                             0x080061a1   Thumb Code   192  tasks.o(i.vTaskSuspend)
    vTaskSuspendAll                          0x0800627d   Thumb Code    12  tasks.o(i.vTaskSuspendAll)
    vTaskSwitchContext                       0x0800628d   Thumb Code    84  tasks.o(i.vTaskSwitchContext)
    xPortStartScheduler                      0x080062f5   Thumb Code    42  port.o(i.xPortStartScheduler)
    xQueueGenericCreate                      0x08006329   Thumb Code    76  queue.o(i.xQueueGenericCreate)
    xQueueGenericReset                       0x08006375   Thumb Code   156  queue.o(i.xQueueGenericReset)
    xQueueGenericSendFromISR                 0x08006415   Thumb Code   154  queue.o(i.xQueueGenericSendFromISR)
    xQueueReceive                            0x080064b1   Thumb Code   256  queue.o(i.xQueueReceive)
    xTaskCheckForTimeOut                     0x080065b5   Thumb Code    88  tasks.o(i.xTaskCheckForTimeOut)
    xTaskCreate                              0x08006615   Thumb Code    56  tasks.o(i.xTaskCreate)
    xTaskDelayUntil                          0x0800664d   Thumb Code   108  tasks.o(i.xTaskDelayUntil)
    xTaskGetTickCount                        0x080066c1   Thumb Code     6  tasks.o(i.xTaskGetTickCount)
    xTaskIncrementTick                       0x080066cd   Thumb Code   372  tasks.o(i.xTaskIncrementTick)
    xTaskRemoveFromEventList                 0x0800686d   Thumb Code   256  tasks.o(i.xTaskRemoveFromEventList)
    xTaskResumeAll                           0x08006985   Thumb Code   344  tasks.o(i.xTaskResumeAll)
    _get_lc_numeric                          0x08006b01   Thumb Code    44  lc_numeric_c.o(locale$$code)
    _get_lc_ctype                            0x08006b2d   Thumb Code    44  lc_ctype_c.o(locale$$code)
    __aeabi_d2f                              0x08006b59   Thumb Code     0  d2f.o(x$fpl$d2f)
    _d2f                                     0x08006b59   Thumb Code    98  d2f.o(x$fpl$d2f)
    __aeabi_dadd                             0x08006bbd   Thumb Code     0  daddsub_clz.o(x$fpl$dadd)
    _dadd                                    0x08006bbd   Thumb Code   332  daddsub_clz.o(x$fpl$dadd)
    __fpl_dcheck_NaN1                        0x08006d0d   Thumb Code    10  dcheck1.o(x$fpl$dcheck1)
    __fpl_dcmp_Inf                           0x08006d1d   Thumb Code    24  dcmpi.o(x$fpl$dcmpinf)
    __aeabi_ddiv                             0x08006d35   Thumb Code     0  ddiv.o(x$fpl$ddiv)
    _ddiv                                    0x08006d35   Thumb Code   552  ddiv.o(x$fpl$ddiv)
    __aeabi_cdcmpeq                          0x08006fe5   Thumb Code     0  deqf.o(x$fpl$deqf)
    _dcmpeq                                  0x08006fe5   Thumb Code   120  deqf.o(x$fpl$deqf)
    __aeabi_i2d                              0x0800705d   Thumb Code     0  dflt_clz.o(x$fpl$dflt)
    _dflt                                    0x0800705d   Thumb Code    46  dflt_clz.o(x$fpl$dflt)
    __aeabi_ui2d                             0x0800708b   Thumb Code     0  dflt_clz.o(x$fpl$dfltu)
    _dfltu                                   0x0800708b   Thumb Code    38  dflt_clz.o(x$fpl$dfltu)
    __aeabi_dmul                             0x080070b1   Thumb Code     0  dmul.o(x$fpl$dmul)
    _dmul                                    0x080070b1   Thumb Code   332  dmul.o(x$fpl$dmul)
    __fpl_dnaninf                            0x08007205   Thumb Code   156  dnaninf.o(x$fpl$dnaninf)
    __fpl_dretinf                            0x080072a1   Thumb Code    12  dretinf.o(x$fpl$dretinf)
    __aeabi_drsub                            0x080072ad   Thumb Code     0  daddsub_clz.o(x$fpl$drsb)
    _drsb                                    0x080072ad   Thumb Code    22  daddsub_clz.o(x$fpl$drsb)
    __aeabi_dsub                             0x080072c5   Thumb Code     0  daddsub_clz.o(x$fpl$dsub)
    _dsub                                    0x080072c5   Thumb Code   464  daddsub_clz.o(x$fpl$dsub)
    __aeabi_f2d                              0x08007499   Thumb Code     0  f2d.o(x$fpl$f2d)
    _f2d                                     0x08007499   Thumb Code    86  f2d.o(x$fpl$f2d)
    __aeabi_fadd                             0x080074f1   Thumb Code     0  faddsub_clz.o(x$fpl$fadd)
    _fadd                                    0x080074f1   Thumb Code   196  faddsub_clz.o(x$fpl$fadd)
    __fpl_fcheck_NaN1                        0x080075b5   Thumb Code     6  fcheck1.o(x$fpl$fcheck1)
    __fpl_fcmp_Inf                           0x080075c1   Thumb Code    24  fcmpi.o(x$fpl$fcmpinf)
    __aeabi_fdiv                             0x080075d9   Thumb Code     0  fdiv.o(x$fpl$fdiv)
    _fdiv                                    0x080075d9   Thumb Code   384  fdiv.o(x$fpl$fdiv)
    _ffix_r                                  0x0800775d   Thumb Code    82  ffix.o(x$fpl$ffixr)
    __aeabi_i2f                              0x080077b1   Thumb Code     0  fflt_clz.o(x$fpl$fflt)
    _fflt                                    0x080077b1   Thumb Code    48  fflt_clz.o(x$fpl$fflt)
    __aeabi_ui2f                             0x080077e1   Thumb Code     0  fflt_clz.o(x$fpl$ffltu)
    _ffltu                                   0x080077e1   Thumb Code    38  fflt_clz.o(x$fpl$ffltu)
    __aeabi_cfcmple                          0x08007809   Thumb Code     0  fleqf.o(x$fpl$fleqf)
    _fcmple                                  0x08007809   Thumb Code   104  fleqf.o(x$fpl$fleqf)
    __fpl_fcmple_InfNaN                      0x0800785b   Thumb Code     0  fleqf.o(x$fpl$fleqf)
    __aeabi_fmul                             0x08007871   Thumb Code     0  fmul.o(x$fpl$fmul)
    _fmul                                    0x08007871   Thumb Code   258  fmul.o(x$fpl$fmul)
    __fpl_fnaninf                            0x08007973   Thumb Code   140  fnaninf.o(x$fpl$fnaninf)
    __fpl_fretinf                            0x080079ff   Thumb Code    10  fretinf.o(x$fpl$fretinf)
    __aeabi_cfrcmple                         0x08007a09   Thumb Code     0  frleqf.o(x$fpl$frleqf)
    _frcmple                                 0x08007a09   Thumb Code    98  frleqf.o(x$fpl$frleqf)
    __aeabi_frsub                            0x08007a6b   Thumb Code     0  faddsub_clz.o(x$fpl$frsb)
    _frsb                                    0x08007a6b   Thumb Code    20  faddsub_clz.o(x$fpl$frsb)
    __aeabi_fsub                             0x08007a81   Thumb Code     0  faddsub_clz.o(x$fpl$fsub)
    _fsub                                    0x08007a81   Thumb Code   234  faddsub_clz.o(x$fpl$fsub)
    _printf_fp_dec                           0x08007b6b   Thumb Code     4  printf1.o(x$fpl$printf1)
    _printf_fp_hex                           0x08007b6f   Thumb Code     4  printf2.o(x$fpl$printf2)
    __fpl_return_NaN                         0x08007b73   Thumb Code   100  retnan.o(x$fpl$retnan)
    __ARM_scalbn                             0x08007bd7   Thumb Code    92  scalbn.o(x$fpl$scalbn)
    __ARM_scalbnf                            0x08007c33   Thumb Code    76  scalbnf.o(x$fpl$scalbnf)
    __fpl_cmpreturn                          0x08007c7f   Thumb Code    48  trapv.o(x$fpl$trapveneer)
    __I$use$fp                               0x08007cae   Number         0  usenofp.o(x$fpl$usenofp)
    __mathlib_zero                           0x08007e68   Data           8  qnan.o(.constdata)
    Region$$Table$$Base                      0x08008000   Number         0  anon$$obj.o(Region$$Table)
    Region$$Table$$Limit                     0x08008020   Number         0  anon$$obj.o(Region$$Table)
    __ctype                                  0x08008049   Data           0  lc_ctype_c.o(locale$$data)
    pxCurrentTCB                             0x20000034   Data           4  tasks.o(.data)
    WiFiConfigTaskHandle                     0x20000074   Data           4  global.o(.data)
    ESPTaskHandle                            0x20000078   Data           4  global.o(.data)
    MonitorTaskHandle                        0x2000007c   Data           4  global.o(.data)
    FeedDogTaskHandle                        0x20000080   Data           4  global.o(.data)
    WiFiReconnectTaskHandle                  0x20000084   Data           4  global.o(.data)
    OutlineTaskHandle                        0x20000088   Data           4  global.o(.data)
    g_InstructionTask_RunFlag                0x2000008c   Data           1  global.o(.data)
    g_WiFi_BT_Task_RunFlag                   0x2000008d   Data           1  global.o(.data)
    g_WiFi_Reconnect_Task_Created            0x2000008e   Data           1  global.o(.data)
    g_WiFi_Connect_State                     0x2000008f   Data           1  global.o(.data)
    g_W25Q64_Current_Write_Addr              0x20000090   Data           4  global.o(.data)
    g_W25Q64_Current_Sector_Erased           0x20000094   Data           1  global.o(.data)
    BT_MsgQueue                              0x20000098   Data           4  global.o(.data)
    ESP_ATRxQueue                            0x2000009c   Data           4  global.o(.data)
    g_led_status                             0x200000a0   Data           1  instruction_task.o(.data)
    WiFiConfigInfo                           0x2000456c   Data          40  global.o(.bss)
    s_RxBuf                                  0x20004594   Data         256  global.o(.bss)
    s_ATCmd                                  0x20004694   Data         128  global.o(.bss)
    __libspace_start                         0x20004714   Data          96  libspace.o(.bss)
    __temporary_stack_top$libspace           0x20004774   Data           0  libspace.o(.bss)



==============================================================================

Memory Map of the image

  Image Entry point : 0x080000ed

  Load Region LR_IROM1 (Base: 0x08000000, Size: 0x000081f0, Max: 0x00010000, ABSOLUTE)

    Execution Region ER_IROM1 (Exec base: 0x08000000, Load base: 0x08000000, Size: 0x0000814c, Max: 0x00010000, ABSOLUTE)

    Exec Addr    Load Addr    Size         Type   Attr      Idx    E Section Name        Object

    0x08000000   0x08000000   0x000000ec   Data   RO            3    RESET               startup_stm32f10x_md.o
    0x080000ec   0x080000ec   0x00000008   Code   RO         5020  * !!!main             c_w.l(__main.o)
    0x080000f4   0x080000f4   0x00000034   Code   RO         5459    !!!scatter          c_w.l(__scatter.o)
    0x08000128   0x08000128   0x0000001a   Code   RO         5461    !!handler_copy      c_w.l(__scatter_copy.o)
    0x08000142   0x08000142   0x00000002   PAD
    0x08000144   0x08000144   0x0000001c   Code   RO         5463    !!handler_zi        c_w.l(__scatter_zi.o)
    0x08000160   0x08000160   0x00000000   Code   RO         5005    .ARM.Collect$$_printf_percent$$00000000  c_w.l(_printf_percent.o)
    0x08000160   0x08000160   0x00000006   Code   RO         5144    .ARM.Collect$$_printf_percent$$00000001  c_w.l(_printf_n.o)
    0x08000166   0x08000166   0x00000006   Code   RO         5146    .ARM.Collect$$_printf_percent$$00000002  c_w.l(_printf_p.o)
    0x0800016c   0x0800016c   0x00000006   Code   RO         5004    .ARM.Collect$$_printf_percent$$00000003  c_w.l(_printf_f.o)
    0x08000172   0x08000172   0x00000006   Code   RO         5150    .ARM.Collect$$_printf_percent$$00000004  c_w.l(_printf_e.o)
    0x08000178   0x08000178   0x00000006   Code   RO         5151    .ARM.Collect$$_printf_percent$$00000005  c_w.l(_printf_g.o)
    0x0800017e   0x0800017e   0x00000006   Code   RO         5152    .ARM.Collect$$_printf_percent$$00000006  c_w.l(_printf_a.o)
    0x08000184   0x08000184   0x0000000a   Code   RO         5157    .ARM.Collect$$_printf_percent$$00000007  c_w.l(_printf_ll.o)
    0x0800018e   0x0800018e   0x00000006   Code   RO         5148    .ARM.Collect$$_printf_percent$$00000008  c_w.l(_printf_i.o)
    0x08000194   0x08000194   0x00000006   Code   RO         5003    .ARM.Collect$$_printf_percent$$00000009  c_w.l(_printf_d.o)
    0x0800019a   0x0800019a   0x00000006   Code   RO         5149    .ARM.Collect$$_printf_percent$$0000000A  c_w.l(_printf_u.o)
    0x080001a0   0x080001a0   0x00000006   Code   RO         5147    .ARM.Collect$$_printf_percent$$0000000B  c_w.l(_printf_o.o)
    0x080001a6   0x080001a6   0x00000006   Code   RO         5145    .ARM.Collect$$_printf_percent$$0000000C  c_w.l(_printf_x.o)
    0x080001ac   0x080001ac   0x00000006   Code   RO         5154    .ARM.Collect$$_printf_percent$$0000000D  c_w.l(_printf_lli.o)
    0x080001b2   0x080001b2   0x00000006   Code   RO         5155    .ARM.Collect$$_printf_percent$$0000000E  c_w.l(_printf_lld.o)
    0x080001b8   0x080001b8   0x00000006   Code   RO         5156    .ARM.Collect$$_printf_percent$$0000000F  c_w.l(_printf_llu.o)
    0x080001be   0x080001be   0x00000006   Code   RO         5161    .ARM.Collect$$_printf_percent$$00000010  c_w.l(_printf_llo.o)
    0x080001c4   0x080001c4   0x00000006   Code   RO         5162    .ARM.Collect$$_printf_percent$$00000011  c_w.l(_printf_llx.o)
    0x080001ca   0x080001ca   0x0000000a   Code   RO         5158    .ARM.Collect$$_printf_percent$$00000012  c_w.l(_printf_l.o)
    0x080001d4   0x080001d4   0x00000006   Code   RO         5143    .ARM.Collect$$_printf_percent$$00000013  c_w.l(_printf_c.o)
    0x080001da   0x080001da   0x00000006   Code   RO         5002    .ARM.Collect$$_printf_percent$$00000014  c_w.l(_printf_s.o)
    0x080001e0   0x080001e0   0x00000006   Code   RO         5159    .ARM.Collect$$_printf_percent$$00000015  c_w.l(_printf_lc.o)
    0x080001e6   0x080001e6   0x00000006   Code   RO         5160    .ARM.Collect$$_printf_percent$$00000016  c_w.l(_printf_ls.o)
    0x080001ec   0x080001ec   0x00000004   Code   RO         5153    .ARM.Collect$$_printf_percent$$00000017  c_w.l(_printf_percent_end.o)
    0x080001f0   0x080001f0   0x00000002   Code   RO         5323    .ARM.Collect$$libinit$$00000000  c_w.l(libinit.o)
    0x080001f2   0x080001f2   0x00000000   Code   RO         5325    .ARM.Collect$$libinit$$00000002  c_w.l(libinit2.o)
    0x080001f2   0x080001f2   0x00000000   Code   RO         5327    .ARM.Collect$$libinit$$00000004  c_w.l(libinit2.o)
    0x080001f2   0x080001f2   0x00000000   Code   RO         5330    .ARM.Collect$$libinit$$0000000A  c_w.l(libinit2.o)
    0x080001f2   0x080001f2   0x00000000   Code   RO         5332    .ARM.Collect$$libinit$$0000000C  c_w.l(libinit2.o)
    0x080001f2   0x080001f2   0x00000000   Code   RO         5334    .ARM.Collect$$libinit$$0000000E  c_w.l(libinit2.o)
    0x080001f2   0x080001f2   0x00000006   Code   RO         5335    .ARM.Collect$$libinit$$0000000F  c_w.l(libinit2.o)
    0x080001f8   0x080001f8   0x00000000   Code   RO         5337    .ARM.Collect$$libinit$$00000011  c_w.l(libinit2.o)
    0x080001f8   0x080001f8   0x0000000c   Code   RO         5338    .ARM.Collect$$libinit$$00000012  c_w.l(libinit2.o)
    0x08000204   0x08000204   0x00000000   Code   RO         5339    .ARM.Collect$$libinit$$00000013  c_w.l(libinit2.o)
    0x08000204   0x08000204   0x00000000   Code   RO         5341    .ARM.Collect$$libinit$$00000015  c_w.l(libinit2.o)
    0x08000204   0x08000204   0x0000000a   Code   RO         5342    .ARM.Collect$$libinit$$00000016  c_w.l(libinit2.o)
    0x0800020e   0x0800020e   0x00000000   Code   RO         5343    .ARM.Collect$$libinit$$00000017  c_w.l(libinit2.o)
    0x0800020e   0x0800020e   0x00000000   Code   RO         5345    .ARM.Collect$$libinit$$00000019  c_w.l(libinit2.o)
    0x0800020e   0x0800020e   0x00000000   Code   RO         5347    .ARM.Collect$$libinit$$0000001B  c_w.l(libinit2.o)
    0x0800020e   0x0800020e   0x00000000   Code   RO         5349    .ARM.Collect$$libinit$$0000001D  c_w.l(libinit2.o)
    0x0800020e   0x0800020e   0x00000000   Code   RO         5351    .ARM.Collect$$libinit$$0000001F  c_w.l(libinit2.o)
    0x0800020e   0x0800020e   0x00000000   Code   RO         5353    .ARM.Collect$$libinit$$00000021  c_w.l(libinit2.o)
    0x0800020e   0x0800020e   0x00000000   Code   RO         5355    .ARM.Collect$$libinit$$00000023  c_w.l(libinit2.o)
    0x0800020e   0x0800020e   0x00000000   Code   RO         5357    .ARM.Collect$$libinit$$00000025  c_w.l(libinit2.o)
    0x0800020e   0x0800020e   0x00000000   Code   RO         5361    .ARM.Collect$$libinit$$0000002C  c_w.l(libinit2.o)
    0x0800020e   0x0800020e   0x00000000   Code   RO         5363    .ARM.Collect$$libinit$$0000002E  c_w.l(libinit2.o)
    0x0800020e   0x0800020e   0x00000000   Code   RO         5365    .ARM.Collect$$libinit$$00000030  c_w.l(libinit2.o)
    0x0800020e   0x0800020e   0x00000000   Code   RO         5367    .ARM.Collect$$libinit$$00000032  c_w.l(libinit2.o)
    0x0800020e   0x0800020e   0x00000002   Code   RO         5368    .ARM.Collect$$libinit$$00000033  c_w.l(libinit2.o)
    0x08000210   0x08000210   0x00000002   Code   RO         5422    .ARM.Collect$$libshutdown$$00000000  c_w.l(libshutdown.o)
    0x08000212   0x08000212   0x00000000   Code   RO         5440    .ARM.Collect$$libshutdown$$00000002  c_w.l(libshutdown2.o)
    0x08000212   0x08000212   0x00000000   Code   RO         5442    .ARM.Collect$$libshutdown$$00000004  c_w.l(libshutdown2.o)
    0x08000212   0x08000212   0x00000000   Code   RO         5444    .ARM.Collect$$libshutdown$$00000006  c_w.l(libshutdown2.o)
    0x08000212   0x08000212   0x00000000   Code   RO         5447    .ARM.Collect$$libshutdown$$00000009  c_w.l(libshutdown2.o)
    0x08000212   0x08000212   0x00000000   Code   RO         5450    .ARM.Collect$$libshutdown$$0000000C  c_w.l(libshutdown2.o)
    0x08000212   0x08000212   0x00000000   Code   RO         5452    .ARM.Collect$$libshutdown$$0000000E  c_w.l(libshutdown2.o)
    0x08000212   0x08000212   0x00000000   Code   RO         5455    .ARM.Collect$$libshutdown$$00000011  c_w.l(libshutdown2.o)
    0x08000212   0x08000212   0x00000002   Code   RO         5456    .ARM.Collect$$libshutdown$$00000012  c_w.l(libshutdown2.o)
    0x08000214   0x08000214   0x00000000   Code   RO         5088    .ARM.Collect$$rtentry$$00000000  c_w.l(__rtentry.o)
    0x08000214   0x08000214   0x00000000   Code   RO         5228    .ARM.Collect$$rtentry$$00000002  c_w.l(__rtentry2.o)
    0x08000214   0x08000214   0x00000006   Code   RO         5240    .ARM.Collect$$rtentry$$00000004  c_w.l(__rtentry4.o)
    0x0800021a   0x0800021a   0x00000000   Code   RO         5230    .ARM.Collect$$rtentry$$00000009  c_w.l(__rtentry2.o)
    0x0800021a   0x0800021a   0x00000004   Code   RO         5231    .ARM.Collect$$rtentry$$0000000A  c_w.l(__rtentry2.o)
    0x0800021e   0x0800021e   0x00000000   Code   RO         5233    .ARM.Collect$$rtentry$$0000000C  c_w.l(__rtentry2.o)
    0x0800021e   0x0800021e   0x00000008   Code   RO         5234    .ARM.Collect$$rtentry$$0000000D  c_w.l(__rtentry2.o)
    0x08000226   0x08000226   0x00000002   Code   RO         5371    .ARM.Collect$$rtexit$$00000000  c_w.l(rtexit.o)
    0x08000228   0x08000228   0x00000000   Code   RO         5391    .ARM.Collect$$rtexit$$00000002  c_w.l(rtexit2.o)
    0x08000228   0x08000228   0x00000004   Code   RO         5392    .ARM.Collect$$rtexit$$00000003  c_w.l(rtexit2.o)
    0x0800022c   0x0800022c   0x00000006   Code   RO         5393    .ARM.Collect$$rtexit$$00000004  c_w.l(rtexit2.o)
    0x08000232   0x08000232   0x00000002   PAD
    0x08000234   0x08000234   0x00000096   Code   RO         3436    .emb_text           port.o
    0x080002ca   0x080002ca   0x00000002   PAD
    0x080002cc   0x080002cc   0x00000040   Code   RO            4    .text               startup_stm32f10x_md.o
    0x0800030c   0x0800030c   0x000000ee   Code   RO         4968    .text               c_w.l(lludivv7m.o)
    0x080003fa   0x080003fa   0x00000002   PAD
    0x080003fc   0x080003fc   0x00000024   Code   RO         4970    .text               c_w.l(vsprintf.o)
    0x08000420   0x08000420   0x0000002c   Code   RO         4972    .text               c_w.l(__2sprintf.o)
    0x0800044c   0x0800044c   0x00000052   Code   RO         4978    .text               c_w.l(_printf_str.o)
    0x0800049e   0x0800049e   0x00000002   PAD
    0x080004a0   0x080004a0   0x00000078   Code   RO         4980    .text               c_w.l(_printf_dec.o)
    0x08000518   0x08000518   0x00000188   Code   RO         4999    .text               c_w.l(__printf_flags_ss_wp.o)
    0x080006a0   0x080006a0   0x00000024   Code   RO         5006    .text               c_w.l(strstr.o)
    0x080006c4   0x080006c4   0x00000048   Code   RO         5008    .text               c_w.l(strcpy.o)
    0x0800070c   0x0800070c   0x0000003e   Code   RO         5010    .text               c_w.l(strlen.o)
    0x0800074a   0x0800074a   0x0000008a   Code   RO         5012    .text               c_w.l(rt_memcpy_v6.o)
    0x080007d4   0x080007d4   0x00000044   Code   RO         5014    .text               c_w.l(rt_memclr.o)
    0x08000818   0x08000818   0x0000004e   Code   RO         5016    .text               c_w.l(rt_memclr_w.o)
    0x08000866   0x08000866   0x00000006   Code   RO         5018    .text               c_w.l(heapauxi.o)
    0x0800086c   0x0800086c   0x00000016   Code   RO         5093    .text               c_w.l(_rserrno.o)
    0x08000882   0x08000882   0x0000004e   Code   RO         5095    .text               c_w.l(_printf_pad.o)
    0x080008d0   0x080008d0   0x00000024   Code   RO         5097    .text               c_w.l(_printf_truncate.o)
    0x080008f4   0x080008f4   0x000000b2   Code   RO         5099    .text               c_w.l(_printf_intcommon.o)
    0x080009a6   0x080009a6   0x00000028   Code   RO         5101    .text               c_w.l(_printf_charcount.o)
    0x080009ce   0x080009ce   0x0000041e   Code   RO         5103    .text               c_w.l(_printf_fp_dec.o)
    0x08000dec   0x08000dec   0x00000030   Code   RO         5105    .text               c_w.l(_printf_char_common.o)
    0x08000e1c   0x08000e1c   0x0000000a   Code   RO         5107    .text               c_w.l(_sputc.o)
    0x08000e26   0x08000e26   0x0000002c   Code   RO         5109    .text               c_w.l(_printf_char.o)
    0x08000e52   0x08000e52   0x00000002   PAD
    0x08000e54   0x08000e54   0x000000bc   Code   RO         5111    .text               c_w.l(_printf_wctomb.o)
    0x08000f10   0x08000f10   0x0000007c   Code   RO         5114    .text               c_w.l(_printf_longlong_dec.o)
    0x08000f8c   0x08000f8c   0x00000070   Code   RO         5120    .text               c_w.l(_printf_oct_int_ll.o)
    0x08000ffc   0x08000ffc   0x00000094   Code   RO         5140    .text               c_w.l(_printf_hex_int_ll_ptr.o)
    0x08001090   0x08001090   0x00000064   Code   RO         5163    .text               c_w.l(rt_memcpy_w.o)
    0x080010f4   0x080010f4   0x00000008   Code   RO         5247    .text               c_w.l(rt_locale_intlibspace.o)
    0x080010fc   0x080010fc   0x00000008   Code   RO         5252    .text               c_w.l(rt_errno_addr_intlibspace.o)
    0x08001104   0x08001104   0x0000008a   Code   RO         5254    .text               c_w.l(lludiv10.o)
    0x0800118e   0x0800118e   0x00000002   PAD
    0x08001190   0x08001190   0x000002fc   Code   RO         5256    .text               c_w.l(_printf_fp_hex.o)
    0x0800148c   0x0800148c   0x00000080   Code   RO         5259    .text               c_w.l(_printf_fp_infnan.o)
    0x0800150c   0x0800150c   0x0000002c   Code   RO         5263    .text               c_w.l(_printf_wchar.o)
    0x08001538   0x08001538   0x000000e4   Code   RO         5265    .text               c_w.l(bigflt0.o)
    0x0800161c   0x0800161c   0x00000040   Code   RO         5290    .text               c_w.l(_wcrtomb.o)
    0x0800165c   0x0800165c   0x00000008   Code   RO         5303    .text               c_w.l(libspace.o)
    0x08001664   0x08001664   0x0000004a   Code   RO         5306    .text               c_w.l(sys_stackheap_outer.o)
    0x080016ae   0x080016ae   0x00000002   PAD
    0x080016b0   0x080016b0   0x00000010   Code   RO         5308    .text               c_w.l(rt_ctype_table.o)
    0x080016c0   0x080016c0   0x00000012   Code   RO         5310    .text               c_w.l(exit.o)
    0x080016d2   0x080016d2   0x00000002   PAD
    0x080016d4   0x080016d4   0x00000080   Code   RO         5316    .text               c_w.l(strcmpv7m.o)
    0x08001754   0x08001754   0x0000000c   Code   RO         5388    .text               c_w.l(sys_exit.o)
    0x08001760   0x08001760   0x00000002   Code   RO         5409    .text               c_w.l(use_no_semi.o)
    0x08001762   0x08001762   0x00000000   Code   RO         5411    .text               c_w.l(indicate_semi.o)
    0x08001762   0x08001762   0x0000003e   Code   RO         5268    CL$$btod_d2e        c_w.l(btod.o)
    0x080017a0   0x080017a0   0x00000046   Code   RO         5270    CL$$btod_d2e_denorm_low  c_w.l(btod.o)
    0x080017e6   0x080017e6   0x00000060   Code   RO         5269    CL$$btod_d2e_norm_op1  c_w.l(btod.o)
    0x08001846   0x08001846   0x00000338   Code   RO         5278    CL$$btod_div_common  c_w.l(btod.o)
    0x08001b7e   0x08001b7e   0x000000dc   Code   RO         5275    CL$$btod_e2e        c_w.l(btod.o)
    0x08001c5a   0x08001c5a   0x0000002a   Code   RO         5272    CL$$btod_ediv       c_w.l(btod.o)
    0x08001c84   0x08001c84   0x0000002a   Code   RO         5271    CL$$btod_emul       c_w.l(btod.o)
    0x08001cae   0x08001cae   0x00000244   Code   RO         5277    CL$$btod_mult_common  c_w.l(btod.o)
    0x08001ef2   0x08001ef2   0x00000016   Code   RO          202    i.ADC_Cmd           stm32f10x_adc.o
    0x08001f08   0x08001f08   0x00000088   Code   RO         4612    i.ADC_Config        adc.o
    0x08001f90   0x08001f90   0x00000014   Code   RO          210    i.ADC_GetCalibrationStatus  stm32f10x_adc.o
    0x08001fa4   0x08001fa4   0x00000008   Code   RO          211    i.ADC_GetConversionValue  stm32f10x_adc.o
    0x08001fac   0x08001fac   0x00000012   Code   RO          213    i.ADC_GetFlagStatus  stm32f10x_adc.o
    0x08001fbe   0x08001fbe   0x00000014   Code   RO          216    i.ADC_GetResetCalibrationStatus  stm32f10x_adc.o
    0x08001fd2   0x08001fd2   0x00000002   PAD
    0x08001fd4   0x08001fd4   0x00000050   Code   RO          220    i.ADC_Init          stm32f10x_adc.o
    0x08002024   0x08002024   0x00000034   Code   RO         4613    i.ADC_Read          adc.o
    0x08002058   0x08002058   0x000000b8   Code   RO          224    i.ADC_RegularChannelConfig  stm32f10x_adc.o
    0x08002110   0x08002110   0x0000000a   Code   RO          225    i.ADC_ResetCalibration  stm32f10x_adc.o
    0x0800211a   0x0800211a   0x00000016   Code   RO          227    i.ADC_SoftwareStartConvCmd  stm32f10x_adc.o
    0x08002130   0x08002130   0x0000000a   Code   RO          229    i.ADC_StartCalibration  stm32f10x_adc.o
    0x0800213a   0x0800213a   0x00000002   PAD
    0x0800213c   0x0800213c   0x000000ac   Code   RO         4361    i.BlueTooth_Init    bluetooth.o
    0x080021e8   0x080021e8   0x00000004   Code   RO         4921    i.BusFault_Handler  stm32f10x_it.o
    0x080021ec   0x080021ec   0x00000014   Code   RO         4456    i.Buzzer_On         buzzer.o
    0x08002200   0x08002200   0x00000002   Code   RO         4922    i.DebugMon_Handler  stm32f10x_it.o
    0x08002202   0x08002202   0x00000002   PAD
    0x08002204   0x08002204   0x00000088   Code   RO         4382    i.DebugUART_Init    debug_uart.o
    0x0800228c   0x0800228c   0x00000020   Code   RO         4383    i.DebugUSART1_SendByte  debug_uart.o
    0x080022ac   0x080022ac   0x00000036   Code   RO         4325    i.Delay_Init        delay.o
    0x080022e2   0x080022e2   0x0000001a   Code   RO         4326    i.Delay_Ms          delay.o
    0x080022fc   0x080022fc   0x0000001a   Code   RO         4327    i.Delay_S           delay.o
    0x08002316   0x08002316   0x0000001e   Code   RO         4328    i.Delay_Us          delay.o
    0x08002334   0x08002334   0x00000020   Code   RO         4142    i.ESPTask_ClearQueue  common_utils.o
    0x08002354   0x08002354   0x00000068   Code   RO         4772    i.ESPTask_Entry     esp_task.o
    0x080023bc   0x080023bc   0x00000032   Code   RO         4143    i.ESPTask_SendCmdAndWait  common_utils.o
    0x080023ee   0x080023ee   0x00000002   PAD
    0x080023f0   0x080023f0   0x000000c0   Code   RO         4144    i.ESPTask_WaitResponse  common_utils.o
    0x080024b0   0x080024b0   0x000000b8   Code   RO         4145    i.ESP_ConnectTCP    common_utils.o
    0x08002568   0x08002568   0x000000bc   Code   RO         4146    i.ESP_ConnectWiFi   common_utils.o
    0x08002624   0x08002624   0x0000010c   Code   RO         4147    i.ESP_Init          common_utils.o
    0x08002730   0x08002730   0x0000017c   Code   RO         4148    i.ESP_NetworkConnect  common_utils.o
    0x080028ac   0x080028ac   0x00000184   Code   RO         4149    i.ESP_SendMultiSensorData  common_utils.o
    0x08002a30   0x08002a30   0x000001cc   Code   RO         4150    i.ESP_SendSensorData  common_utils.o
    0x08002bfc   0x08002bfc   0x0000004c   Code   RO         1046    i.FLASH_ErasePage   stm32f10x_flash.o
    0x08002c48   0x08002c48   0x00000034   Code   RO         1047    i.FLASH_GetBank1Status  stm32f10x_flash.o
    0x08002c7c   0x08002c7c   0x00000014   Code   RO         1056    i.FLASH_Lock        stm32f10x_flash.o
    0x08002c90   0x08002c90   0x0000006c   Code   RO         1061    i.FLASH_ProgramWord  stm32f10x_flash.o
    0x08002cfc   0x08002cfc   0x00000018   Code   RO         1064    i.FLASH_Unlock      stm32f10x_flash.o
    0x08002d14   0x08002d14   0x00000026   Code   RO         1068    i.FLASH_WaitForLastOperation  stm32f10x_flash.o
    0x08002d3a   0x08002d3a   0x00000002   PAD
    0x08002d3c   0x08002d3c   0x00000114   Code   RO         4834    i.FeedDog_Task      feed_dog_task.o
    0x08002e50   0x08002e50   0x00000018   Code   RO         4675    i.Flash_Clear_WIFI_Flag  flash.o
    0x08002e68   0x08002e68   0x00000018   Code   RO         4676    i.Flash_Read_WIFI_Flag  flash.o
    0x08002e80   0x08002e80   0x00000020   Code   RO         4677    i.Flash_Write_WIFI_Flag  flash.o
    0x08002ea0   0x08002ea0   0x0000004c   Code   RO         4864    i.FormatSensorData  outline_task.o
    0x08002eec   0x08002eec   0x00000116   Code   RO         1347    i.GPIO_Init         stm32f10x_gpio.o
    0x08003002   0x08003002   0x00000012   Code   RO         1351    i.GPIO_ReadInputDataBit  stm32f10x_gpio.o
    0x08003014   0x08003014   0x00000004   Code   RO         1354    i.GPIO_ResetBits    stm32f10x_gpio.o
    0x08003018   0x08003018   0x00000004   Code   RO         1355    i.GPIO_SetBits      stm32f10x_gpio.o
    0x0800301c   0x0800301c   0x000000a8   Code   RO         4633    i.Get_Light_Intensity  sensor.o
    0x080030c4   0x080030c4   0x000000e8   Code   RO         4634    i.Get_Temperature   sensor.o
    0x080031ac   0x080031ac   0x00000004   Code   RO         4923    i.HardFault_Handler  stm32f10x_it.o
    0x080031b0   0x080031b0   0x00000054   Code   RO         4702    i.IWDG_Config       dog.o
    0x08003204   0x08003204   0x00000010   Code   RO         1665    i.IWDG_Enable       stm32f10x_iwdg.o
    0x08003214   0x08003214   0x00000010   Code   RO         1667    i.IWDG_ReloadCounter  stm32f10x_iwdg.o
    0x08003224   0x08003224   0x0000000c   Code   RO         1668    i.IWDG_SetPrescaler  stm32f10x_iwdg.o
    0x08003230   0x08003230   0x0000000c   Code   RO         1669    i.IWDG_SetReload    stm32f10x_iwdg.o
    0x0800323c   0x0800323c   0x0000000c   Code   RO         1670    i.IWDG_WriteAccessCmd  stm32f10x_iwdg.o
    0x08003248   0x08003248   0x000001f0   Code   RO         4811    i.Instruction_Task  instruction_task.o
    0x08003438   0x08003438   0x00000030   Code   RO         4654    i.Key_Check_LongPress  reset_button.o
    0x08003468   0x08003468   0x0000002c   Code   RO         4655    i.Key_GPIO_Init     reset_button.o
    0x08003494   0x08003494   0x00000024   Code   RO         4486    i.LEDS_Blinking     leds.o
    0x080034b8   0x080034b8   0x00000038   Code   RO         4487    i.LEDS_Init         leds.o
    0x080034f0   0x080034f0   0x00000014   Code   RO         4488    i.LEDS_Off          leds.o
    0x08003504   0x08003504   0x00000014   Code   RO         4489    i.LEDS_On           leds.o
    0x08003518   0x08003518   0x00000004   Code   RO         4924    i.MemManage_Handler  stm32f10x_it.o
    0x0800351c   0x0800351c   0x00000002   Code   RO         4925    i.NMI_Handler       stm32f10x_it.o
    0x0800351e   0x0800351e   0x00000002   PAD
    0x08003520   0x08003520   0x00000070   Code   RO          137    i.NVIC_Init         misc.o
    0x08003590   0x08003590   0x00000014   Code   RO          138    i.NVIC_PriorityGroupConfig  misc.o
    0x080035a4   0x080035a4   0x00000060   Code   RO         4865    i.Outline_ClearFlashData  outline_task.o
    0x08003604   0x08003604   0x000000e0   Code   RO         4866    i.Outline_Entry     outline_task.o
    0x080036e4   0x080036e4   0x000000a0   Code   RO         4867    i.Outline_ReadAllData  outline_task.o
    0x08003784   0x08003784   0x000000bc   Code   RO         4868    i.Outline_SaveDataToW25Q64  outline_task.o
    0x08003840   0x08003840   0x000000c4   Code   RO         4869    i.Outline_UploadToServer  outline_task.o
    0x08003904   0x08003904   0x00000018   Code   RO         1773    i.RCC_ADCCLKConfig  stm32f10x_rcc.o
    0x0800391c   0x0800391c   0x00000020   Code   RO         1775    i.RCC_APB1PeriphClockCmd  stm32f10x_rcc.o
    0x0800393c   0x0800393c   0x00000020   Code   RO         1777    i.RCC_APB2PeriphClockCmd  stm32f10x_rcc.o
    0x0800395c   0x0800395c   0x00000014   Code   RO         1781    i.RCC_ClearFlag     stm32f10x_rcc.o
    0x08003970   0x08003970   0x000000d4   Code   RO         1785    i.RCC_GetClocksFreq  stm32f10x_rcc.o
    0x08003a44   0x08003a44   0x0000003c   Code   RO         1786    i.RCC_GetFlagStatus  stm32f10x_rcc.o
    0x08003a80   0x08003a80   0x00000038   Code   RO         4519    i.SPI1_TransferByte  w25q64.o
    0x08003ab8   0x08003ab8   0x00000018   Code   RO         2263    i.SPI_Cmd           stm32f10x_spi.o
    0x08003ad0   0x08003ad0   0x00000012   Code   RO         2271    i.SPI_I2S_GetFlagStatus  stm32f10x_spi.o
    0x08003ae2   0x08003ae2   0x00000006   Code   RO         2274    i.SPI_I2S_ReceiveData  stm32f10x_spi.o
    0x08003ae8   0x08003ae8   0x00000004   Code   RO         2275    i.SPI_I2S_SendData  stm32f10x_spi.o
    0x08003aec   0x08003aec   0x0000003c   Code   RO         2276    i.SPI_Init          stm32f10x_spi.o
    0x08003b28   0x08003b28   0x0000001e   Code   RO         2277    i.SPI_NSSInternalSoftwareConfig  stm32f10x_spi.o
    0x08003b46   0x08003b46   0x00000008   Code   RO           24    i.SetSysClock       system_stm32f10x.o
    0x08003b4e   0x08003b4e   0x00000002   PAD
    0x08003b50   0x08003b50   0x000000e0   Code   RO           25    i.SetSysClockTo72   system_stm32f10x.o
    0x08003c30   0x08003c30   0x0000003c   Code   RO         4151    i.SplitWiFiInfo     common_utils.o
    0x08003c6c   0x08003c6c   0x00000034   Code   RO         3437    i.SysTick_Handler   port.o
    0x08003ca0   0x08003ca0   0x00000060   Code   RO           27    i.SystemInit        system_stm32f10x.o
    0x08003d00   0x08003d00   0x0000017c   Code   RO         4756    i.System_Init       init.o
    0x08003e7c   0x08003e7c   0x00000078   Code   RO         4703    i.System_Reset_Check  dog.o
    0x08003ef4   0x08003ef4   0x00000018   Code   RO         2421    i.TIM_Cmd           stm32f10x_tim.o
    0x08003f0c   0x08003f0c   0x00000006   Code   RO         2440    i.TIM_GetCounter    stm32f10x_tim.o
    0x08003f12   0x08003f12   0x00000004   Code   RO         2486    i.TIM_SetCounter    stm32f10x_tim.o
    0x08003f16   0x08003f16   0x00000002   PAD
    0x08003f18   0x08003f18   0x000000a4   Code   RO         2492    i.TIM_TimeBaseInit  stm32f10x_tim.o
    0x08003fbc   0x08003fbc   0x0000003c   Code   RO         4421    i.USART2_IRQHandler  wifi.o
    0x08003ff8   0x08003ff8   0x00000034   Code   RO         4362    i.USART3_IRQHandler  bluetooth.o
    0x0800402c   0x0800402c   0x00000018   Code   RO         2960    i.USART_Cmd         stm32f10x_usart.o
    0x08004044   0x08004044   0x0000001a   Code   RO         2963    i.USART_GetFlagStatus  stm32f10x_usart.o
    0x0800405e   0x0800405e   0x00000054   Code   RO         2964    i.USART_GetITStatus  stm32f10x_usart.o
    0x080040b2   0x080040b2   0x0000004a   Code   RO         2966    i.USART_ITConfig    stm32f10x_usart.o
    0x080040fc   0x080040fc   0x000000d8   Code   RO         2967    i.USART_Init        stm32f10x_usart.o
    0x080041d4   0x080041d4   0x0000000a   Code   RO         2974    i.USART_ReceiveData  stm32f10x_usart.o
    0x080041de   0x080041de   0x00000008   Code   RO         2977    i.USART_SendData    stm32f10x_usart.o
    0x080041e6   0x080041e6   0x00000004   Code   RO         4926    i.UsageFault_Handler  stm32f10x_it.o
    0x080041ea   0x080041ea   0x00000002   PAD
    0x080041ec   0x080041ec   0x00000010   Code   RO         4520    i.W25Q64_Deselect   w25q64.o
    0x080041fc   0x080041fc   0x00000058   Code   RO         4521    i.W25Q64_GPIO_Init  w25q64.o
    0x08004254   0x08004254   0x00000008   Code   RO         4870    i.W25Q64_GetSectorStartAddr  outline_task.o
    0x0800425c   0x0800425c   0x00000034   Code   RO         4522    i.W25Q64_ReadByte   w25q64.o
    0x08004290   0x08004290   0x0000001c   Code   RO         4524    i.W25Q64_ReadStatusRegister1  w25q64.o
    0x080042ac   0x080042ac   0x0000005c   Code   RO         4526    i.W25Q64_SPI1_Init  w25q64.o
    0x08004308   0x08004308   0x00000036   Code   RO         4528    i.W25Q64_SectorErase  w25q64.o
    0x0800433e   0x0800433e   0x00000002   PAD
    0x08004340   0x08004340   0x00000010   Code   RO         4529    i.W25Q64_Select     w25q64.o
    0x08004350   0x08004350   0x00000012   Code   RO         4530    i.W25Q64_WaitBusy   w25q64.o
    0x08004362   0x08004362   0x00000010   Code   RO         4531    i.W25Q64_WriteByte  w25q64.o
    0x08004372   0x08004372   0x00000050   Code   RO         4532    i.W25Q64_WriteBytes  w25q64.o
    0x080043c2   0x080043c2   0x00000016   Code   RO         4533    i.W25Q64_WriteEnable  w25q64.o
    0x080043d8   0x080043d8   0x000000a8   Code   RO         4422    i.WIFI_Init         wifi.o
    0x08004480   0x08004480   0x00000020   Code   RO         4423    i.WIFI_SendByte     wifi.o
    0x080044a0   0x080044a0   0x00000016   Code   RO         4424    i.WIFI_SendString   wifi.o
    0x080044b6   0x080044b6   0x00000002   PAD
    0x080044b8   0x080044b8   0x0000000c   Code   RO         3139    i.WWDG_ClearFlag    stm32f10x_wwdg.o
    0x080044c4   0x080044c4   0x0000000c   Code   RO         3143    i.WWDG_GetFlagStatus  stm32f10x_wwdg.o
    0x080044d0   0x080044d0   0x00000020   Code   RO         4705    i.WWDG_IRQHandler   dog.o
    0x080044f0   0x080044f0   0x00000010   Code   RO         3144    i.WWDG_SetCounter   stm32f10x_wwdg.o
    0x08004500   0x08004500   0x000002c8   Code   RO         4787    i.WiFiConfigTask_Entry  wifi_config_task.o
    0x080047c8   0x080047c8   0x00000118   Code   RO         4849    i.WiFiReconnectTask_Entry  wifi_reconnect_task.o
    0x080048e0   0x080048e0   0x00000028   Code   RO         5301    i.__ARM_fpclassify  m_ws.l(fpclassify.o)
    0x08004908   0x08004908   0x00000026   Code   RO         5208    i.__ARM_fpclassifyf  m_ws.l(fpclassifyf.o)
    0x0800492e   0x0800492e   0x000000aa   Code   RO         5224    i.__kernel_poly     m_ws.l(poly.o)
    0x080049d8   0x080049d8   0x00000010   Code   RO         5194    i.__mathlib_dbl_divzero  m_ws.l(dunder.o)
    0x080049e8   0x080049e8   0x00000006   Code   RO         5195    i.__mathlib_dbl_infnan  m_ws.l(dunder.o)
    0x080049ee   0x080049ee   0x0000000c   Code   RO         5197    i.__mathlib_dbl_invalid  m_ws.l(dunder.o)
    0x080049fa   0x080049fa   0x0000000a   Code   RO         5210    i.__mathlib_flt_divzero  m_ws.l(funder.o)
    0x08004a04   0x08004a04   0x00000004   Code   RO         5212    i.__mathlib_flt_infnan2  m_ws.l(funder.o)
    0x08004a08   0x08004a08   0x00000008   Code   RO         5213    i.__mathlib_flt_invalid  m_ws.l(funder.o)
    0x08004a10   0x08004a10   0x0000000a   Code   RO         5214    i.__mathlib_flt_overflow  m_ws.l(funder.o)
    0x08004a1a   0x08004a1a   0x0000000a   Code   RO         5216    i.__mathlib_flt_underflow  m_ws.l(funder.o)
    0x08004a24   0x08004a24   0x0000000e   Code   RO         4992    i._is_digit         c_w.l(__printf_wp.o)
    0x08004a32   0x08004a32   0x00000002   PAD
    0x08004a34   0x08004a34   0x0000035c   Code   RO         5069    i.log               m_ws.l(log.o)
    0x08004d90   0x08004d90   0x0000022c   Code   RO         4909    i.main              main.o
    0x08004fbc   0x08004fbc   0x00000620   Code   RO         5079    i.powf              m_ws.l(powf.o)
    0x080055dc   0x080055dc   0x00000038   Code   RO         4384    i.printf1           debug_uart.o
    0x08005614   0x08005614   0x000000cc   Code   RO         3814    i.prvAddCurrentTaskToDelayedList  tasks.o
    0x080056e0   0x080056e0   0x000000f0   Code   RO         3815    i.prvAddNewTaskToReadyList  tasks.o
    0x080057d0   0x080057d0   0x00000048   Code   RO         3816    i.prvCheckTasksWaitingTermination  tasks.o
    0x08005818   0x08005818   0x0000002a   Code   RO         3507    i.prvCopyDataFromQueue  queue.o
    0x08005842   0x08005842   0x0000006a   Code   RO         3508    i.prvCopyDataToQueue  queue.o
    0x080058ac   0x080058ac   0x00000068   Code   RO         3817    i.prvCreateIdleTasks  tasks.o
    0x08005914   0x08005914   0x0000005a   Code   RO         3818    i.prvCreateTask     tasks.o
    0x0800596e   0x0800596e   0x00000012   Code   RO         3819    i.prvDeleteTCB      tasks.o
    0x08005980   0x08005980   0x0000006c   Code   RO         3327    i.prvHeapInit       heap_4.o
    0x080059ec   0x080059ec   0x00000028   Code   RO         3820    i.prvIdleTask       tasks.o
    0x08005a14   0x08005a14   0x00000026   Code   RO         3509    i.prvInitialiseNewQueue  queue.o
    0x08005a3a   0x08005a3a   0x0000007a   Code   RO         3821    i.prvInitialiseNewTask  tasks.o
    0x08005ab4   0x08005ab4   0x00000068   Code   RO         3822    i.prvInitialiseTaskLists  tasks.o
    0x08005b1c   0x08005b1c   0x00000068   Code   RO         3328    i.prvInsertBlockIntoFreeList  heap_4.o
    0x08005b84   0x08005b84   0x0000001a   Code   RO         3510    i.prvIsQueueEmpty   queue.o
    0x08005b9e   0x08005b9e   0x00000002   PAD
    0x08005ba0   0x08005ba0   0x00000030   Code   RO         3823    i.prvResetNextTaskUnblockTime  tasks.o
    0x08005bd0   0x08005bd0   0x00000016   Code   RO         3438    i.prvTaskExitError  port.o
    0x08005be6   0x08005be6   0x00000002   PAD
    0x08005be8   0x08005be8   0x00000060   Code   RO         3824    i.prvTaskIsTaskSuspended  tasks.o
    0x08005c48   0x08005c48   0x0000007e   Code   RO         3512    i.prvUnlockQueue    queue.o
    0x08005cc6   0x08005cc6   0x00000002   PAD
    0x08005cc8   0x08005cc8   0x00000100   Code   RO         3330    i.pvPortMalloc      heap_4.o
    0x08005dc8   0x08005dc8   0x00000024   Code   RO         3439    i.pxPortInitialiseStack  port.o
    0x08005dec   0x08005dec   0x00000028   Code   RO         3400    i.uxListRemove      list.o
    0x08005e14   0x08005e14   0x0000000c   Code   RO         3827    i.uxTaskGetNumberOfTasks  tasks.o
    0x08005e20   0x08005e20   0x0000001a   Code   RO         3401    i.vListInitialise   list.o
    0x08005e3a   0x08005e3a   0x00000006   Code   RO         3402    i.vListInitialiseItem  list.o
    0x08005e40   0x08005e40   0x00000034   Code   RO         3403    i.vListInsert       list.o
    0x08005e74   0x08005e74   0x00000018   Code   RO         3404    i.vListInsertEnd    list.o
    0x08005e8c   0x08005e8c   0x00000024   Code   RO         3441    i.vPortEnterCritical  port.o
    0x08005eb0   0x08005eb0   0x00000020   Code   RO         3442    i.vPortExitCritical  port.o
    0x08005ed0   0x08005ed0   0x0000004c   Code   RO         3331    i.vPortFree         heap_4.o
    0x08005f1c   0x08005f1c   0x00000018   Code   RO         3443    i.vPortSetupTimerInterrupt  port.o
    0x08005f34   0x08005f34   0x00000034   Code   RO         3831    i.vTaskDelay        tasks.o
    0x08005f68   0x08005f68   0x000000ec   Code   RO         3832    i.vTaskDelete       tasks.o
    0x08006054   0x08006054   0x00000018   Code   RO         3835    i.vTaskInternalSetTimeOutState  tasks.o
    0x0800606c   0x0800606c   0x0000000c   Code   RO         3836    i.vTaskMissedYield  tasks.o
    0x08006078   0x08006078   0x00000020   Code   RO         3837    i.vTaskPlaceOnEventList  tasks.o
    0x08006098   0x08006098   0x000000bc   Code   RO         3842    i.vTaskResume       tasks.o
    0x08006154   0x08006154   0x0000004c   Code   RO         3844    i.vTaskStartScheduler  tasks.o
    0x080061a0   0x080061a0   0x000000dc   Code   RO         3845    i.vTaskSuspend      tasks.o
    0x0800627c   0x0800627c   0x00000010   Code   RO         3846    i.vTaskSuspendAll   tasks.o
    0x0800628c   0x0800628c   0x00000068   Code   RO         3847    i.vTaskSwitchContext  tasks.o
    0x080062f4   0x080062f4   0x00000034   Code   RO         3444    i.xPortStartScheduler  port.o
    0x08006328   0x08006328   0x0000004c   Code   RO         3519    i.xQueueGenericCreate  queue.o
    0x08006374   0x08006374   0x000000a0   Code   RO         3520    i.xQueueGenericReset  queue.o
    0x08006414   0x08006414   0x0000009a   Code   RO         3522    i.xQueueGenericSendFromISR  queue.o
    0x080064ae   0x080064ae   0x00000002   PAD
    0x080064b0   0x080064b0   0x00000104   Code   RO         3528    i.xQueueReceive     queue.o
    0x080065b4   0x080065b4   0x00000060   Code   RO         3849    i.xTaskCheckForTimeOut  tasks.o
    0x08006614   0x08006614   0x00000038   Code   RO         3850    i.xTaskCreate       tasks.o
    0x0800664c   0x0800664c   0x00000074   Code   RO         3851    i.xTaskDelayUntil   tasks.o
    0x080066c0   0x080066c0   0x0000000c   Code   RO         3858    i.xTaskGetTickCount  tasks.o
    0x080066cc   0x080066cc   0x000001a0   Code   RO         3860    i.xTaskIncrementTick  tasks.o
    0x0800686c   0x0800686c   0x00000118   Code   RO         3861    i.xTaskRemoveFromEventList  tasks.o
    0x08006984   0x08006984   0x0000017c   Code   RO         3862    i.xTaskResumeAll    tasks.o
    0x08006b00   0x08006b00   0x0000002c   Code   RO         5293    locale$$code        c_w.l(lc_numeric_c.o)
    0x08006b2c   0x08006b2c   0x0000002c   Code   RO         5376    locale$$code        c_w.l(lc_ctype_c.o)
    0x08006b58   0x08006b58   0x00000062   Code   RO         5022    x$fpl$d2f           fz_ws.l(d2f.o)
    0x08006bba   0x08006bba   0x00000002   PAD
    0x08006bbc   0x08006bbc   0x00000150   Code   RO         5024    x$fpl$dadd          fz_ws.l(daddsub_clz.o)
    0x08006d0c   0x08006d0c   0x00000010   Code   RO         5295    x$fpl$dcheck1       fz_ws.l(dcheck1.o)
    0x08006d1c   0x08006d1c   0x00000018   Code   RO         5297    x$fpl$dcmpinf       fz_ws.l(dcmpi.o)
    0x08006d34   0x08006d34   0x000002b0   Code   RO         5031    x$fpl$ddiv          fz_ws.l(ddiv.o)
    0x08006fe4   0x08006fe4   0x00000078   Code   RO         5165    x$fpl$deqf          fz_ws.l(deqf.o)
    0x0800705c   0x0800705c   0x0000002e   Code   RO         5035    x$fpl$dflt          fz_ws.l(dflt_clz.o)
    0x0800708a   0x0800708a   0x00000026   Code   RO         5034    x$fpl$dfltu         fz_ws.l(dflt_clz.o)
    0x080070b0   0x080070b0   0x00000154   Code   RO         5040    x$fpl$dmul          fz_ws.l(dmul.o)
    0x08007204   0x08007204   0x0000009c   Code   RO         5167    x$fpl$dnaninf       fz_ws.l(dnaninf.o)
    0x080072a0   0x080072a0   0x0000000c   Code   RO         5169    x$fpl$dretinf       fz_ws.l(dretinf.o)
    0x080072ac   0x080072ac   0x00000016   Code   RO         5025    x$fpl$drsb          fz_ws.l(daddsub_clz.o)
    0x080072c2   0x080072c2   0x00000002   PAD
    0x080072c4   0x080072c4   0x000001d4   Code   RO         5026    x$fpl$dsub          fz_ws.l(daddsub_clz.o)
    0x08007498   0x08007498   0x00000056   Code   RO         5042    x$fpl$f2d           fz_ws.l(f2d.o)
    0x080074ee   0x080074ee   0x00000002   PAD
    0x080074f0   0x080074f0   0x000000c4   Code   RO         5044    x$fpl$fadd          fz_ws.l(faddsub_clz.o)
    0x080075b4   0x080075b4   0x0000000c   Code   RO         5299    x$fpl$fcheck1       fz_ws.l(fcheck1.o)
    0x080075c0   0x080075c0   0x00000018   Code   RO         5171    x$fpl$fcmpinf       fz_ws.l(fcmpi.o)
    0x080075d8   0x080075d8   0x00000184   Code   RO         5051    x$fpl$fdiv          fz_ws.l(fdiv.o)
    0x0800775c   0x0800775c   0x00000052   Code   RO         5174    x$fpl$ffixr         fz_ws.l(ffix.o)
    0x080077ae   0x080077ae   0x00000002   PAD
    0x080077b0   0x080077b0   0x00000030   Code   RO         5055    x$fpl$fflt          fz_ws.l(fflt_clz.o)
    0x080077e0   0x080077e0   0x00000026   Code   RO         5054    x$fpl$ffltu         fz_ws.l(fflt_clz.o)
    0x08007806   0x08007806   0x00000002   PAD
    0x08007808   0x08007808   0x00000068   Code   RO         5060    x$fpl$fleqf         fz_ws.l(fleqf.o)
    0x08007870   0x08007870   0x00000102   Code   RO         5062    x$fpl$fmul          fz_ws.l(fmul.o)
    0x08007972   0x08007972   0x0000008c   Code   RO         5177    x$fpl$fnaninf       fz_ws.l(fnaninf.o)
    0x080079fe   0x080079fe   0x0000000a   Code   RO         5179    x$fpl$fretinf       fz_ws.l(fretinf.o)
    0x08007a08   0x08007a08   0x00000062   Code   RO         5064    x$fpl$frleqf        fz_ws.l(frleqf.o)
    0x08007a6a   0x08007a6a   0x00000014   Code   RO         5045    x$fpl$frsb          fz_ws.l(faddsub_clz.o)
    0x08007a7e   0x08007a7e   0x00000002   PAD
    0x08007a80   0x08007a80   0x000000ea   Code   RO         5046    x$fpl$fsub          fz_ws.l(faddsub_clz.o)
    0x08007b6a   0x08007b6a   0x00000004   Code   RO         5066    x$fpl$printf1       fz_ws.l(printf1.o)
    0x08007b6e   0x08007b6e   0x00000004   Code   RO         5183    x$fpl$printf2       fz_ws.l(printf2.o)
    0x08007b72   0x08007b72   0x00000064   Code   RO         5369    x$fpl$retnan        fz_ws.l(retnan.o)
    0x08007bd6   0x08007bd6   0x0000005c   Code   RO         5189    x$fpl$scalbn        fz_ws.l(scalbn.o)
    0x08007c32   0x08007c32   0x0000004c   Code   RO         5191    x$fpl$scalbnf       fz_ws.l(scalbnf.o)
    0x08007c7e   0x08007c7e   0x00000030   Code   RO         5386    x$fpl$trapveneer    fz_ws.l(trapv.o)
    0x08007cae   0x08007cae   0x00000000   Code   RO         5193    x$fpl$usenofp       fz_ws.l(usenofp.o)
    0x08007cae   0x08007cae   0x00000011   Data   RO         5000    .constdata          c_w.l(__printf_flags_ss_wp.o)
    0x08007cbf   0x08007cbf   0x00000001   PAD
    0x08007cc0   0x08007cc0   0x00000038   Data   RO         5070    .constdata          m_ws.l(log.o)
    0x08007cf8   0x08007cf8   0x00000140   Data   RO         5080    .constdata          m_ws.l(powf.o)
    0x08007e38   0x08007e38   0x00000008   Data   RO         5112    .constdata          c_w.l(_printf_wctomb.o)
    0x08007e40   0x08007e40   0x00000028   Data   RO         5141    .constdata          c_w.l(_printf_hex_int_ll_ptr.o)
    0x08007e68   0x08007e68   0x00000008   Data   RO         5226    .constdata          m_ws.l(qnan.o)
    0x08007e70   0x08007e70   0x00000026   Data   RO         5257    .constdata          c_w.l(_printf_fp_hex.o)
    0x08007e96   0x08007e96   0x00000002   PAD
    0x08007e98   0x08007e98   0x00000094   Data   RO         5266    .constdata          c_w.l(bigflt0.o)
    0x08007f2c   0x08007f2c   0x000000d2   Data   RO         4706    .conststring        dog.o
    0x08007ffe   0x08007ffe   0x00000002   PAD
    0x08008000   0x08008000   0x00000020   Data   RO         5457    Region$$Table       anon$$obj.o
    0x08008020   0x08008020   0x0000001c   Data   RO         5292    locale$$data        c_w.l(lc_numeric_c.o)
    0x0800803c   0x0800803c   0x00000110   Data   RO         5375    locale$$data        c_w.l(lc_ctype_c.o)


    Execution Region RW_IRAM1 (Exec base: 0x20000000, Load base: 0x0800814c, Size: 0x00004d78, Max: 0x00005000, ABSOLUTE)

    Exec Addr    Load Addr    Size         Type   Attr      Idx    E Section Name        Object

    0x20000000   0x0800814c   0x00000014   Data   RW         1805    .data               stm32f10x_rcc.o
    0x20000014   0x08008160   0x0000001c   Data   RW         3338    .data               heap_4.o
    0x20000030   0x0800817c   0x00000004   Data   RW         3445    .data               port.o
    0x20000034   0x08008180   0x00000040   Data   RW         3865    .data               tasks.o
    0x20000074   0x080081c0   0x0000002c   Data   RW         4737    .data               global.o
    0x200000a0   0x080081ec   0x00000001   Data   RW         4812    .data               instruction_task.o
    0x200000a1   0x080081ed   0x00000003   PAD
    0x200000a4        -       0x00004400   Zero   RW         3337    .bss                heap_4.o
    0x200044a4        -       0x000000c8   Zero   RW         3864    .bss                tasks.o
    0x2000456c        -       0x000001a8   Zero   RW         4736    .bss                global.o
    0x20004714        -       0x00000060   Zero   RW         5304    .bss                c_w.l(libspace.o)
    0x20004774   0x080081ed   0x00000004   PAD
    0x20004778        -       0x00000200   Zero   RW            2    HEAP                startup_stm32f10x_md.o
    0x20004978        -       0x00000400   Zero   RW            1    STACK               startup_stm32f10x_md.o


==============================================================================

Image component sizes


      Code (inc. data)   RO Data    RW Data    ZI Data      Debug   Object Name

       188         16          0          0          0       1028   adc.o
       224         16          0          0          0       1065   bluetooth.o
        20          6          0          0          0        396   buzzer.o
      2202       1120          0          0          0      21895   common_utils.o
         0          0          0          0          0       4508   core_cm3.o
         0          0          0          0          0       8452   croutine.o
       224         12          0          0          0       2187   debug_uart.o
       136          0          0          0          0       1785   delay.o
       236        120        210          0          0       1265   dog.o
       104         10          0          0          0        856   esp_task.o
         0          0          0          0          0      15112   event_groups.o
       276        162          0          0          0        843   feed_dog_task.o
        80         16          0          0          0       1339   flash.o
         0          0          0         44        424       2557   global.o
       544         58          0         28      17408       4495   heap_4.o
       380        182          0          0          0        638   init.o
       496        228          0          1          0      18327   instruction_task.o
       132         24          0          0          0       1613   leds.o
       148          0          0          0          0       2850   list.o
       556        340          0          0          0        611   main.o
       132         22          0          0          0     213531   misc.o
       948        350          0          0          0       4664   outline_task.o
       404         48          0          4          0       8288   port.o
       988          8          0          0          0      11050   queue.o
        92         12          0          0          0        994   reset_button.o
       400         76          0          0          0       1176   sensor.o
        64         26        236          0       1536        800   startup_stm32f10x_md.o
       394         10          0          0          0      17777   stm32f10x_adc.o
       318         32          0          0          0      10586   stm32f10x_flash.o
       304          0          0          0          0      11548   stm32f10x_gpio.o
        20          0          0          0          0       2321   stm32f10x_it.o
        68         30          0          0          0       2094   stm32f10x_iwdg.o
       380         48          0         20          0      14193   stm32f10x_rcc.o
       142          0          0          0          0      10722   stm32f10x_spi.o
       198         42          0          0          0      22699   stm32f10x_tim.o
       442          6          0          0          0      11529   stm32f10x_usart.o
        40         14          0          0          0       1240   stm32f10x_wwdg.o
       328         28          0          0          0      51773   system_stm32f10x.o
      3466        428          0         64        200      35363   tasks.o
       538         22          0          0          0       5864   w25q64.o
       282         24          0          0          0       1946   wifi.o
       712        340          0          0          0       1315   wifi_config_task.o
       280        154          0          0          0        918   wifi_reconnect_task.o

    ----------------------------------------------------------------------
     16918       4030        480        164      19568     534213   Object Totals
         0          0         32          0          0          0   (incl. Generated)
        32          0          2          3          0          0   (incl. Padding)

    ----------------------------------------------------------------------

      Code (inc. data)   RO Data    RW Data    ZI Data      Debug   Library Member Name

        44          6          0          0          0         84   __2sprintf.o
         8          0          0          0          0         68   __main.o
       392          4         17          0          0         92   __printf_flags_ss_wp.o
        14          0          0          0          0         68   __printf_wp.o
         0          0          0          0          0          0   __rtentry.o
        12          0          0          0          0          0   __rtentry2.o
         6          0          0          0          0          0   __rtentry4.o
        52          8          0          0          0          0   __scatter.o
        26          0          0          0          0          0   __scatter_copy.o
        28          0          0          0          0          0   __scatter_zi.o
         6          0          0          0          0          0   _printf_a.o
         6          0          0          0          0          0   _printf_c.o
        44          0          0          0          0        108   _printf_char.o
        48          6          0          0          0         96   _printf_char_common.o
        40          0          0          0          0         68   _printf_charcount.o
         6          0          0          0          0          0   _printf_d.o
       120         16          0          0          0         92   _printf_dec.o
         6          0          0          0          0          0   _printf_e.o
         6          0          0          0          0          0   _printf_f.o
      1054          0          0          0          0        216   _printf_fp_dec.o
       764          8         38          0          0        100   _printf_fp_hex.o
       128         16          0          0          0         84   _printf_fp_infnan.o
         6          0          0          0          0          0   _printf_g.o
       148          4         40          0          0        160   _printf_hex_int_ll_ptr.o
         6          0          0          0          0          0   _printf_i.o
       178          0          0          0          0         88   _printf_intcommon.o
        10          0          0          0          0          0   _printf_l.o
         6          0          0          0          0          0   _printf_lc.o
        10          0          0          0          0          0   _printf_ll.o
         6          0          0          0          0          0   _printf_lld.o
         6          0          0          0          0          0   _printf_lli.o
         6          0          0          0          0          0   _printf_llo.o
         6          0          0          0          0          0   _printf_llu.o
         6          0          0          0          0          0   _printf_llx.o
       124         16          0          0          0         92   _printf_longlong_dec.o
         6          0          0          0          0          0   _printf_ls.o
         6          0          0          0          0          0   _printf_n.o
         6          0          0          0          0          0   _printf_o.o
       112         10          0          0          0        124   _printf_oct_int_ll.o
         6          0          0          0          0          0   _printf_p.o
        78          0          0          0          0        108   _printf_pad.o
         0          0          0          0          0          0   _printf_percent.o
         4          0          0          0          0          0   _printf_percent_end.o
         6          0          0          0          0          0   _printf_s.o
        82          0          0          0          0         80   _printf_str.o
        36          0          0          0          0         84   _printf_truncate.o
         6          0          0          0          0          0   _printf_u.o
        44          0          0          0          0        108   _printf_wchar.o
       188          6          8          0          0         92   _printf_wctomb.o
         6          0          0          0          0          0   _printf_x.o
        22          0          0          0          0        100   _rserrno.o
        10          0          0          0          0         68   _sputc.o
        64          0          0          0          0         92   _wcrtomb.o
       228          4        148          0          0         96   bigflt0.o
      1936        128          0          0          0        672   btod.o
        18          0          0          0          0         80   exit.o
         6          0          0          0          0        152   heapauxi.o
         0          0          0          0          0          0   indicate_semi.o
        44         10        272          0          0         76   lc_ctype_c.o
        44         10         28          0          0         76   lc_numeric_c.o
         2          0          0          0          0          0   libinit.o
        30          0          0          0          0          0   libinit2.o
         2          0          0          0          0          0   libshutdown.o
         2          0          0          0          0          0   libshutdown2.o
         8          4          0          0         96         68   libspace.o
       138          0          0          0          0         80   lludiv10.o
       238          0          0          0          0        100   lludivv7m.o
        16          4          0          0          0         76   rt_ctype_table.o
         8          4          0          0          0         68   rt_errno_addr_intlibspace.o
         8          4          0          0          0         68   rt_locale_intlibspace.o
        68          0          0          0          0         68   rt_memclr.o
        78          0          0          0          0         80   rt_memclr_w.o
       138          0          0          0          0         68   rt_memcpy_v6.o
       100          0          0          0          0         80   rt_memcpy_w.o
         2          0          0          0          0          0   rtexit.o
        10          0          0          0          0          0   rtexit2.o
       128          0          0          0          0         68   strcmpv7m.o
        72          0          0          0          0         80   strcpy.o
        62          0          0          0          0         76   strlen.o
        36          0          0          0          0         80   strstr.o
        12          4          0          0          0         68   sys_exit.o
        74          0          0          0          0         80   sys_stackheap_outer.o
         2          0          0          0          0         68   use_no_semi.o
        36          4          0          0          0         76   vsprintf.o
        98          4          0          0          0         92   d2f.o
       826         16          0          0          0        348   daddsub_clz.o
        16          4          0          0          0         68   dcheck1.o
        24          0          0          0          0         68   dcmpi.o
       688        140          0          0          0        208   ddiv.o
       120          4          0          0          0         92   deqf.o
        84          0          0          0          0        136   dflt_clz.o
       340         12          0          0          0        104   dmul.o
       156          4          0          0          0         92   dnaninf.o
        12          0          0          0          0         68   dretinf.o
        86          4          0          0          0         84   f2d.o
       450          8          0          0          0        236   faddsub_clz.o
        12          4          0          0          0         68   fcheck1.o
        24          0          0          0          0         68   fcmpi.o
       388         76          0          0          0         96   fdiv.o
        82          4          0          0          0         84   ffix.o
        86          0          0          0          0        136   fflt_clz.o
       104          4          0          0          0         84   fleqf.o
       258          4          0          0          0         84   fmul.o
       140          4          0          0          0         84   fnaninf.o
        10          0          0          0          0         68   fretinf.o
        98          0          0          0          0         68   frleqf.o
         4          0          0          0          0         68   printf1.o
         4          0          0          0          0         68   printf2.o
       100          0          0          0          0         68   retnan.o
        92          0          0          0          0         68   scalbn.o
        76          0          0          0          0         68   scalbnf.o
        48          0          0          0          0         68   trapv.o
         0          0          0          0          0          0   usenofp.o
        34          4          0          0          0        204   dunder.o
        40          0          0          0          0         68   fpclassify.o
        38          0          0          0          0         68   fpclassifyf.o
        42          0          0          0          0        340   funder.o
       860         52         56          0          0        256   log.o
       170          0          0          0          0         96   poly.o
      1568         80        320          0          0        224   powf.o
         0          0          8          0          0          0   qnan.o

    ----------------------------------------------------------------------
     14764        704        938          0        100       8876   Library Totals
        30          0          3          0          4          0   (incl. Padding)

    ----------------------------------------------------------------------

      Code (inc. data)   RO Data    RW Data    ZI Data      Debug   Library Name

      7556        276        551          0         96       4776   c_w.l
      4426        292          0          0          0       2844   fz_ws.l
      2752        136        384          0          0       1256   m_ws.l

    ----------------------------------------------------------------------
     14764        704        938          0        100       8876   Library Totals

    ----------------------------------------------------------------------

==============================================================================


      Code (inc. data)   RO Data    RW Data    ZI Data      Debug   

     31682       4734       1418        164      19668     528733   Grand Totals
     31682       4734       1418        164      19668     528733   ELF Image Totals
     31682       4734       1418        164          0          0   ROM Totals

==============================================================================

    Total RO  Size (Code + RO Data)                33100 (  32.32kB)
    Total RW  Size (RW Data + ZI Data)             19832 (  19.37kB)
    Total ROM Size (Code + RO Data + RW Data)      33264 (  32.48kB)

==============================================================================

