Component: ARM Compiler 5.06 update 7 (build 960) Tool: armlink [4d3601]

==============================================================================

Section Cross References

    startup_stm32f10x_md.o(STACK) refers (Special) to heapauxi.o(.text) for __use_two_region_memory
    startup_stm32f10x_md.o(HEAP) refers (Special) to heapauxi.o(.text) for __use_two_region_memory
    startup_stm32f10x_md.o(RESET) refers (Special) to heapauxi.o(.text) for __use_two_region_memory
    startup_stm32f10x_md.o(RESET) refers to startup_stm32f10x_md.o(STACK) for __initial_sp
    startup_stm32f10x_md.o(RESET) refers to startup_stm32f10x_md.o(.text) for Reset_Handler
    startup_stm32f10x_md.o(RESET) refers to stm32f10x_it.o(i.NMI_Handler) for NMI_Handler
    startup_stm32f10x_md.o(RESET) refers to stm32f10x_it.o(i.HardFault_Handler) for HardFault_Handler
    startup_stm32f10x_md.o(RESET) refers to stm32f10x_it.o(i.MemManage_Handler) for MemManage_Handler
    startup_stm32f10x_md.o(RESET) refers to stm32f10x_it.o(i.BusFault_Handler) for BusFault_Handler
    startup_stm32f10x_md.o(RESET) refers to stm32f10x_it.o(i.UsageFault_Handler) for UsageFault_Handler
    startup_stm32f10x_md.o(RESET) refers to port.o(.emb_text) for SVC_Handler
    startup_stm32f10x_md.o(RESET) refers to stm32f10x_it.o(i.DebugMon_Handler) for DebugMon_Handler
    startup_stm32f10x_md.o(RESET) refers to port.o(i.SysTick_Handler) for SysTick_Handler
    startup_stm32f10x_md.o(RESET) refers to wifi.o(i.USART2_IRQHandler) for USART2_IRQHandler
    startup_stm32f10x_md.o(RESET) refers to bluetooth.o(i.USART3_IRQHandler) for USART3_IRQHandler
    startup_stm32f10x_md.o(.text) refers (Special) to heapauxi.o(.text) for __use_two_region_memory
    startup_stm32f10x_md.o(.text) refers to system_stm32f10x.o(i.SystemInit) for SystemInit
    startup_stm32f10x_md.o(.text) refers to __main.o(!!!main) for __main
    startup_stm32f10x_md.o(.text) refers to startup_stm32f10x_md.o(HEAP) for Heap_Mem
    startup_stm32f10x_md.o(.text) refers to startup_stm32f10x_md.o(STACK) for Stack_Mem
    system_stm32f10x.o(i.SetSysClock) refers to system_stm32f10x.o(i.SetSysClockTo72) for SetSysClockTo72
    system_stm32f10x.o(i.SystemCoreClockUpdate) refers to system_stm32f10x.o(.data) for SystemCoreClock
    system_stm32f10x.o(i.SystemInit) refers to system_stm32f10x.o(i.SetSysClock) for SetSysClock
    stm32f10x_adc.o(i.ADC_DeInit) refers to stm32f10x_rcc.o(i.RCC_APB2PeriphResetCmd) for RCC_APB2PeriphResetCmd
    stm32f10x_bkp.o(i.BKP_DeInit) refers to stm32f10x_rcc.o(i.RCC_BackupResetCmd) for RCC_BackupResetCmd
    stm32f10x_can.o(i.CAN_DeInit) refers to stm32f10x_rcc.o(i.RCC_APB1PeriphResetCmd) for RCC_APB1PeriphResetCmd
    stm32f10x_can.o(i.CAN_GetITStatus) refers to stm32f10x_can.o(i.CheckITStatus) for CheckITStatus
    stm32f10x_cec.o(i.CEC_DeInit) refers to stm32f10x_rcc.o(i.RCC_APB1PeriphResetCmd) for RCC_APB1PeriphResetCmd
    stm32f10x_dac.o(i.DAC_DeInit) refers to stm32f10x_rcc.o(i.RCC_APB1PeriphResetCmd) for RCC_APB1PeriphResetCmd
    stm32f10x_flash.o(i.FLASH_EnableWriteProtection) refers to stm32f10x_flash.o(i.FLASH_WaitForLastOperation) for FLASH_WaitForLastOperation
    stm32f10x_flash.o(i.FLASH_EraseAllBank1Pages) refers to stm32f10x_flash.o(i.FLASH_WaitForLastBank1Operation) for FLASH_WaitForLastBank1Operation
    stm32f10x_flash.o(i.FLASH_EraseAllPages) refers to stm32f10x_flash.o(i.FLASH_WaitForLastOperation) for FLASH_WaitForLastOperation
    stm32f10x_flash.o(i.FLASH_EraseOptionBytes) refers to stm32f10x_flash.o(i.FLASH_GetReadOutProtectionStatus) for FLASH_GetReadOutProtectionStatus
    stm32f10x_flash.o(i.FLASH_EraseOptionBytes) refers to stm32f10x_flash.o(i.FLASH_WaitForLastOperation) for FLASH_WaitForLastOperation
    stm32f10x_flash.o(i.FLASH_ErasePage) refers to stm32f10x_flash.o(i.FLASH_WaitForLastOperation) for FLASH_WaitForLastOperation
    stm32f10x_flash.o(i.FLASH_ProgramHalfWord) refers to stm32f10x_flash.o(i.FLASH_WaitForLastOperation) for FLASH_WaitForLastOperation
    stm32f10x_flash.o(i.FLASH_ProgramOptionByteData) refers to stm32f10x_flash.o(i.FLASH_WaitForLastOperation) for FLASH_WaitForLastOperation
    stm32f10x_flash.o(i.FLASH_ProgramWord) refers to stm32f10x_flash.o(i.FLASH_WaitForLastOperation) for FLASH_WaitForLastOperation
    stm32f10x_flash.o(i.FLASH_ReadOutProtection) refers to stm32f10x_flash.o(i.FLASH_WaitForLastOperation) for FLASH_WaitForLastOperation
    stm32f10x_flash.o(i.FLASH_UserOptionByteConfig) refers to stm32f10x_flash.o(i.FLASH_WaitForLastOperation) for FLASH_WaitForLastOperation
    stm32f10x_flash.o(i.FLASH_WaitForLastBank1Operation) refers to stm32f10x_flash.o(i.FLASH_GetBank1Status) for FLASH_GetBank1Status
    stm32f10x_flash.o(i.FLASH_WaitForLastOperation) refers to stm32f10x_flash.o(i.FLASH_GetBank1Status) for FLASH_GetBank1Status
    stm32f10x_gpio.o(i.GPIO_AFIODeInit) refers to stm32f10x_rcc.o(i.RCC_APB2PeriphResetCmd) for RCC_APB2PeriphResetCmd
[...]
    W25Q64_WaitBusy                          0x080031f1   Thumb Code    18  w25q64.o(i.W25Q64_WaitBusy)
    i.W25Q64_WriteByte                       0x08003202   Section        0  w25q64.o(i.W25Q64_WriteByte)
    i.W25Q64_WriteBytes                      0x08003212   Section        0  w25q64.o(i.W25Q64_WriteBytes)
    i.W25Q64_WriteEnable                     0x08003262   Section        0  w25q64.o(i.W25Q64_WriteEnable)
    W25Q64_WriteEnable                       0x08003263   Thumb Code    22  w25q64.o(i.W25Q64_WriteEnable)
    i.WIFI_Init                              0x08003278   Section        0  wifi.o(i.WIFI_Init)
    i.WIFI_SendByte                          0x08003320   Section        0  wifi.o(i.WIFI_SendByte)
    WIFI_SendByte                            0x08003321   Thumb Code    28  wifi.o(i.WIFI_SendByte)
    i.WIFI_SendString                        0x08003340   Section        0  wifi.o(i.WIFI_SendString)
    i.WiFiConfigTask_Entry                   0x08003358   Section        0  wifi_config_task.o(i.WiFiConfigTask_Entry)
    i.__ARM_fpclassify                       0x08003590   Section        0  fpclassify.o(i.__ARM_fpclassify)
    i._is_digit                              0x080035b8   Section        0  __printf_wp.o(i._is_digit)
    i.main                                   0x080035c8   Section        0  main.o(i.main)
    i.printf1                                0x08003650   Section        0  debug_uart.o(i.printf1)
    i.prvAddCurrentTaskToDelayedList         0x08003688   Section        0  tasks.o(i.prvAddCurrentTaskToDelayedList)
    prvAddCurrentTaskToDelayedList           0x08003689   Thumb Code   174  tasks.o(i.prvAddCurrentTaskToDelayedList)
    i.prvAddNewTaskToReadyList               0x08003754   Section        0  tasks.o(i.prvAddNewTaskToReadyList)
    prvAddNewTaskToReadyList                 0x08003755   Thumb Code   212  tasks.o(i.prvAddNewTaskToReadyList)
    i.prvCheckTasksWaitingTermination        0x08003844   Section        0  tasks.o(i.prvCheckTasksWaitingTermination)
    prvCheckTasksWaitingTermination          0x08003845   Thumb Code    60  tasks.o(i.prvCheckTasksWaitingTermination)
    i.prvCopyDataFromQueue                   0x0800388c   Section        0  queue.o(i.prvCopyDataFromQueue)
    prvCopyDataFromQueue                     0x0800388d   Thumb Code    42  queue.o(i.prvCopyDataFromQueue)
    i.prvCopyDataToQueue                     0x080038b6   Section        0  queue.o(i.prvCopyDataToQueue)
    prvCopyDataToQueue                       0x080038b7   Thumb Code   106  queue.o(i.prvCopyDataToQueue)
    i.prvCreateIdleTasks                     0x08003920   Section        0  tasks.o(i.prvCreateIdleTasks)
    prvCreateIdleTasks                       0x08003921   Thumb Code    86  tasks.o(i.prvCreateIdleTasks)
    i.prvCreateTask                          0x08003988   Section        0  tasks.o(i.prvCreateTask)
    prvCreateTask                            0x08003989   Thumb Code    90  tasks.o(i.prvCreateTask)
    i.prvDeleteTCB                           0x080039e2   Section        0  tasks.o(i.prvDeleteTCB)
    prvDeleteTCB                             0x080039e3   Thumb Code    18  tasks.o(i.prvDeleteTCB)
    i.prvHeapInit                            0x080039f4   Section        0  heap_4.o(i.prvHeapInit)
    prvHeapInit                              0x080039f5   Thumb Code    88  heap_4.o(i.prvHeapInit)
    i.prvIdleTask                            0x08003a60   Section        0  tasks.o(i.prvIdleTask)
    prvIdleTask                              0x08003a61   Thumb Code    32  tasks.o(i.prvIdleTask)
    i.prvInitialiseNewQueue                  0x08003a88   Section        0  queue.o(i.prvInitialiseNewQueue)
    prvInitialiseNewQueue                    0x08003a89   Thumb Code    38  queue.o(i.prvInitialiseNewQueue)
    i.prvInitialiseNewTask                   0x08003aae   Section        0  tasks.o(i.prvInitialiseNewTask)
    prvInitialiseNewTask                     0x08003aaf   Thumb Code   122  tasks.o(i.prvInitialiseNewTask)
    i.prvInitialiseTaskLists                 0x08003b28   Section        0  tasks.o(i.prvInitialiseTaskLists)
    prvInitialiseTaskLists                   0x08003b29   Thumb Code    70  tasks.o(i.prvInitialiseTaskLists)
    i.prvInsertBlockIntoFreeList             0x08003b90   Section        0  heap_4.o(i.prvInsertBlockIntoFreeList)
    prvInsertBlockIntoFreeList               0x08003b91   Thumb Code    96  heap_4.o(i.prvInsertBlockIntoFreeList)
    i.prvIsQueueEmpty                        0x08003bf8   Section        0  queue.o(i.prvIsQueueEmpty)
    prvIsQueueEmpty                          0x08003bf9   Thumb Code    26  queue.o(i.prvIsQueueEmpty)
    i.prvResetNextTaskUnblockTime            0x08003c14   Section        0  tasks.o(i.prvResetNextTaskUnblockTime)
    prvResetNextTaskUnblockTime              0x08003c15   Thumb Code    40  tasks.o(i.prvResetNextTaskUnblockTime)
    i.prvTaskExitError                       0x08003c44   Section        0  port.o(i.prvTaskExitError)
    prvTaskExitError                         0x08003c45   Thumb Code    22  port.o(i.prvTaskExitError)
    i.prvUnlockQueue                         0x08003c5a   Section        0  queue.o(i.prvUnlockQueue)
    prvUnlockQueue                           0x08003c5b   Thumb Code   126  queue.o(i.prvUnlockQueue)
    i.pvPortMalloc                           0x08003cd8   Section        0  heap_4.o(i.pvPortMalloc)
    i.pxPortInitialiseStack                  0x08003dd8   Section        0  port.o(i.pxPortInitialiseStack)
    i.uxListRemove                           0x08003dfc   Section        0  list.o(i.uxListRemove)
    i.uxTaskGetNumberOfTasks                 0x08003e24   Section        0  tasks.o(i.uxTaskGetNumberOfTasks)
    i.vListInitialise                        0x08003e30   Section        0  list.o(i.vListInitialise)
    i.vListInitialiseItem                    0x08003e4a   Section        0  list.o(i.vListInitialiseItem)
    i.vListInsert                            0x08003e50   Section        0  list.o(i.vListInsert)
    i.vListInsertEnd                         0x08003e84   Section        0  list.o(i.vListInsertEnd)
    i.vPortEnterCritical                     0x08003e9c   Section        0  port.o(i.vPortEnterCritical)
    i.vPortExitCritical                      0x08003ec0   Section        0  port.o(i.vPortExitCritical)
    i.vPortFree                              0x08003ee0   Section        0  heap_4.o(i.vPortFree)
    i.vPortSetupTimerInterrupt               0x08003f2c   Section        0  port.o(i.vPortSetupTimerInterrupt)
    i.vTaskDelay                             0x08003f44   Section        0  tasks.o(i.vTaskDelay)
    i.vTaskDelete                            0x08003f78   Section        0  tasks.o(i.vTaskDelete)
    i.vTaskInternalSetTimeOutState           0x08004064   Section        0  tasks.o(i.vTaskInternalSetTimeOutState)
    i.vTaskMissedYield                       0x0800407c   Section        0  tasks.o(i.vTaskMissedYield)
    i.vTaskPlaceOnEventList                  0x08004088   Section        0  tasks.o(i.vTaskPlaceOnEventList)
    i.vTaskStartScheduler                    0x080040a8   Section        0  tasks.o(i.vTaskStartScheduler)
    i.vTaskSuspendAll                        0x080040f4   Section        0  tasks.o(i.vTaskSuspendAll)
    i.vTaskSwitchContext                     0x08004104   Section        0  tasks.o(i.vTaskSwitchContext)
    i.xPortStartScheduler                    0x0800416c   Section        0  port.o(i.xPortStartScheduler)
    i.xQueueGenericCreate                    0x080041a0   Section        0  queue.o(i.xQueueGenericCreate)
    i.xQueueGenericReset                     0x080041ec   Section        0  queue.o(i.xQueueGenericReset)
    i.xQueueGenericSendFromISR               0x0800428c   Section        0  queue.o(i.xQueueGenericSendFromISR)
    i.xQueueReceive                          0x08004328   Section        0  queue.o(i.xQueueReceive)
    i.xTaskCheckForTimeOut                   0x0800442c   Section        0  tasks.o(i.xTaskCheckForTimeOut)
    i.xTaskCreate                            0x0800448c   Section        0  tasks.o(i.xTaskCreate)
    i.xTaskDelayUntil                        0x080044c4   Section        0  tasks.o(i.xTaskDelayUntil)
    i.xTaskGetTickCount                      0x08004538   Section        0  tasks.o(i.xTaskGetTickCount)
    i.xTaskIncrementTick                     0x08004544   Section        0  tasks.o(i.xTaskIncrementTick)
    i.xTaskRemoveFromEventList               0x080046e4   Section        0  tasks.o(i.xTaskRemoveFromEventList)
    i.xTaskResumeAll                         0x080047fc   Section        0  tasks.o(i.xTaskResumeAll)
    locale$$code                             0x08004978   Section       44  lc_numeric_c.o(locale$$code)
    locale$$code                             0x080049a4   Section       44  lc_ctype_c.o(locale$$code)
    x$fpl$printf1                            0x080049d0   Section        4  printf1.o(x$fpl$printf1)
    x$fpl$printf2                            0x080049d4   Section        4  printf2.o(x$fpl$printf2)
    .constdata                               0x080049d8   Section       17  __printf_flags_ss_wp.o(.constdata)
    x$fpl$usenofp                            0x080049d8   Section        0  usenofp.o(x$fpl$usenofp)
    maptable                                 0x080049d8   Data          17  __printf_flags_ss_wp.o(.constdata)
    .constdata                               0x080049ec   Section        8  _printf_wctomb.o(.constdata)
    initial_mbstate                          0x080049ec   Data           8  _printf_wctomb.o(.constdata)
    .constdata                               0x080049f4   Section       40  _printf_hex_int_ll_ptr.o(.constdata)
    uc_hextab                                0x080049f4   Data          20  _printf_hex_int_ll_ptr.o(.constdata)
    lc_hextab                                0x08004a08   Data          20  _printf_hex_int_ll_ptr.o(.constdata)
    .constdata                               0x08004a1c   Section       38  _printf_fp_hex.o(.constdata)
    lc_hextab                                0x08004a1c   Data          19  _printf_fp_hex.o(.constdata)
    uc_hextab                                0x08004a2f   Data          19  _printf_fp_hex.o(.constdata)
    .constdata                               0x08004a44   Section      148  bigflt0.o(.constdata)
    tenpwrs_x                                0x08004a44   Data          60  bigflt0.o(.constdata)
    tenpwrs_i                                0x08004a80   Data          64  bigflt0.o(.constdata)
    locale$$data                             0x08004af8   Section       28  lc_numeric_c.o(locale$$data)
    __lcnum_c_name                           0x08004afc   Data           2  lc_numeric_c.o(locale$$data)
    __lcnum_c_start                          0x08004b04   Data           0  lc_numeric_c.o(locale$$data)
    __lcnum_c_point                          0x08004b10   Data           0  lc_numeric_c.o(locale$$data)
    __lcnum_c_thousands                      0x08004b12   Data           0  lc_numeric_c.o(locale$$data)
    __lcnum_c_grouping                       0x08004b13   Data           0  lc_numeric_c.o(locale$$data)
    locale$$data                             0x08004b14   Section      272  lc_ctype_c.o(locale$$data)
    __lcnum_c_end                            0x08004b14   Data           0  lc_numeric_c.o(locale$$data)
    __lcctype_c_name                         0x08004b18   Data           2  lc_ctype_c.o(locale$$data)
    __lcctype_c_start                        0x08004b20   Data           0  lc_ctype_c.o(locale$$data)
    __lcctype_c_end                          0x08004c24   Data           0  lc_ctype_c.o(locale$$data)
    .data                                    0x20000000   Section       20  stm32f10x_rcc.o(.data)
    APBAHBPrescTable                         0x20000000   Data          16  stm32f10x_rcc.o(.data)
    ADCPrescTable                            0x20000010   Data           4  stm32f10x_rcc.o(.data)
    .data                                    0x20000014   Section       28  heap_4.o(.data)
    xStart                                   0x20000014   Data           8  heap_4.o(.data)
    pxEnd                                    0x2000001c   Data           4  heap_4.o(.data)
    xFreeBytesRemaining                      0x20000020   Data           4  heap_4.o(.data)
    xMinimumEverFreeBytesRemaining           0x20000024   Data           4  heap_4.o(.data)
    xNumberOfSuccessfulAllocations           0x20000028   Data           4  heap_4.o(.data)
    xNumberOfSuccessfulFrees                 0x2000002c   Data           4  heap_4.o(.data)
    .data                                    0x20000030   Section        4  port.o(.data)
    uxCriticalNesting                        0x20000030   Data           4  port.o(.data)
    .data                                    0x20000034   Section       64  tasks.o(.data)
    pxDelayedTaskList                        0x20000038   Data           4  tasks.o(.data)
    pxOverflowDelayedTaskList                0x2000003c   Data           4  tasks.o(.data)
    uxDeletedTasksWaitingCleanUp             0x20000040   Data           4  tasks.o(.data)
    uxCurrentNumberOfTasks                   0x20000044   Data           4  tasks.o(.data)
    xTickCount                               0x20000048   Data           4  tasks.o(.data)
    uxTopReadyPriority                       0x2000004c   Data           4  tasks.o(.data)
    xSchedulerRunning                        0x20000050   Data           4  tasks.o(.data)
    xPendedTicks                             0x20000054   Data           4  tasks.o(.data)
    xYieldPendings                           0x20000058   Data           4  tasks.o(.data)
    xNumOfOverflows                          0x2000005c   Data           4  tasks.o(.data)
    uxTaskNumber                             0x20000060   Data           4  tasks.o(.data)
    xNextTaskUnblockTime                     0x20000064   Data           4  tasks.o(.data)
    xIdleTaskHandles                         0x20000068   Data           4  tasks.o(.data)
    uxTopUsedPriority                        0x2000006c   Data           4  tasks.o(.data)
    uxSchedulerSuspended                     0x20000070   Data           4  tasks.o(.data)
    .data                                    0x20000074   Section       20  global.o(.data)
    .bss                                     0x20000088   Section    17408  heap_4.o(.bss)
    ucHeap                                   0x20000088   Data       17408  heap_4.o(.bss)
    .bss                                     0x20004488   Section      200  tasks.o(.bss)
    pxReadyTasksLists                        0x20004488   Data         100  tasks.o(.bss)
    xDelayedTaskList1                        0x200044ec   Data          20  tasks.o(.bss)
    xDelayedTaskList2                        0x20004500   Data          20  tasks.o(.bss)
    xPendingReadyList                        0x20004514   Data          20  tasks.o(.bss)
    xTasksWaitingTermination                 0x20004528   Data          20  tasks.o(.bss)
    xSuspendedTaskList                       0x2000453c   Data          20  tasks.o(.bss)
    .bss                                     0x20004550   Section       40  global.o(.bss)
    .bss                                     0x20004578   Section       96  libspace.o(.bss)
    HEAP                                     0x200045d8   Section      512  startup_stm32f10x_md.o(HEAP)
    Heap_Mem                                 0x200045d8   Data         512  startup_stm32f10x_md.o(HEAP)
    STACK                                    0x200047d8   Section     1024  startup_stm32f10x_md.o(STACK)
    Stack_Mem                                0x200047d8   Data        1024  startup_stm32f10x_md.o(STACK)
    __initial_sp                             0x20004bd8   Data           0  startup_stm32f10x_md.o(STACK)

    Global Symbols

    Symbol Name                              Value     Ov Type        Size  Object(Section)

    BuildAttributes$$THM_ISAv4$P$D$K$B$S$PE$A:L22UL41UL21$X:L11$S22US41US21$IEEE1$IW$USESV6$~STKCKD$USESV7$~SHL$OTIME$ROPI$IEEEJ$EBA8$UX$STANDARDLIB$REQ8$PRES8$EABIv2 0x00000000   Number         0  anon$$obj.o ABSOLUTE
    __ARM_use_no_argv                        0x00000000   Number         0  main.o ABSOLUTE
    _printf_flags                            0x00000000   Number         0  printf_stubs.o ABSOLUTE
    _printf_return_value                     0x00000000   Number         0  printf_stubs.o ABSOLUTE
    _printf_sizespec                         0x00000000   Number         0  printf_stubs.o ABSOLUTE
    _printf_widthprec                        0x00000000   Number         0  printf_stubs.o ABSOLUTE
    __ARM_exceptions_init                     - Undefined Weak Reference
    __alloca_initialize                       - Undefined Weak Reference
    __arm_fini_                               - Undefined Weak Reference
    __arm_preinit_                            - Undefined Weak Reference
    __cpp_initialize__aeabi_                  - Undefined Weak Reference
    __cxa_finalize                            - Undefined Weak Reference
    __sigvec_lookup                           - Undefined Weak Reference
    _atexit_init                              - Undefined Weak Reference
    _call_atexit_fns                          - Undefined Weak Reference
    _clock_init                               - Undefined Weak Reference
    _fp_trap_init                             - Undefined Weak Reference
    _fp_trap_shutdown                         - Undefined Weak Reference
    _get_lc_collate                           - Undefined Weak Reference
    _get_lc_monetary                          - Undefined Weak Reference
    _get_lc_time                              - Undefined Weak Reference
    _getenv_init                              - Undefined Weak Reference
    _handle_redirection                       - Undefined Weak Reference
    _init_alloc                               - Undefined Weak Reference
    _init_user_alloc                          - Undefined Weak Reference
    _initio                                   - Undefined Weak Reference
    _printf_mbtowc                            - Undefined Weak Reference
    _printf_wc                                - Undefined Weak Reference
    _rand_init                                - Undefined Weak Reference
    _signal_finish                            - Undefined Weak Reference
    _signal_init                              - Undefined Weak Reference
    _terminate_alloc                          - Undefined Weak Reference
    _terminate_user_alloc                     - Undefined Weak Reference
    _terminateio                              - Undefined Weak Reference
    __Vectors_Size                           0x000000ec   Number         0  startup_stm32f10x_md.o ABSOLUTE
    __Vectors                                0x08000000   Data           4  startup_stm32f10x_md.o(RESET)
    __Vectors_End                            0x080000ec   Data           0  startup_stm32f10x_md.o(RESET)
    __main                                   0x080000ed   Thumb Code     8  __main.o(!!!main)
    __scatterload                            0x080000f5   Thumb Code     0  __scatter.o(!!!scatter)
    __scatterload_rt2                        0x080000f5   Thumb Code    44  __scatter.o(!!!scatter)
    __scatterload_rt2_thumb_only             0x080000f5   Thumb Code     0  __scatter.o(!!!scatter)
    __scatterload_null                       0x08000103   Thumb Code     0  __scatter.o(!!!scatter)
    __scatterload_copy                       0x08000129   Thumb Code    26  __scatter_copy.o(!!handler_copy)
    __scatterload_zeroinit                   0x08000145   Thumb Code    28  __scatter_zi.o(!!handler_zi)
    _printf_n                                0x08000161   Thumb Code     0  _printf_n.o(.ARM.Collect$$_printf_percent$$00000001)
    _printf_percent                          0x08000161   Thumb Code     0  _printf_percent.o(.ARM.Collect$$_printf_percent$$00000000)
    _printf_p                                0x08000167   Thumb Code     0  _printf_p.o(.ARM.Collect$$_printf_percent$$00000002)
    _printf_f                                0x0800016d   Thumb Code     0  _printf_f.o(.ARM.Collect$$_printf_percent$$00000003)
    _printf_e                                0x08000173   Thumb Code     0  _printf_e.o(.ARM.Collect$$_printf_percent$$00000004)
    _printf_g                                0x08000179   Thumb Code     0  _printf_g.o(.ARM.Collect$$_printf_percent$$00000005)
    _printf_a                                0x0800017f   Thumb Code     0  _printf_a.o(.ARM.Collect$$_printf_percent$$00000006)
    _printf_ll                               0x08000185   Thumb Code     0  _printf_ll.o(.ARM.Collect$$_printf_percent$$00000007)
    _printf_i                                0x0800018f   Thumb Code     0  _printf_i.o(.ARM.Collect$$_printf_percent$$00000008)
    _printf_d                                0x08000195   Thumb Code     0  _printf_d.o(.ARM.Collect$$_printf_percent$$00000009)
    _printf_u                                0x0800019b   Thumb Code     0  _printf_u.o(.ARM.Collect$$_printf_percent$$0000000A)
    _printf_o                                0x080001a1   Thumb Code     0  _printf_o.o(.ARM.Collect$$_printf_percent$$0000000B)
    _printf_x                                0x080001a7   Thumb Code     0  _printf_x.o(.ARM.Collect$$_printf_percent$$0000000C)
    _printf_lli                              0x080001ad   Thumb Code     0  _printf_lli.o(.ARM.Collect$$_printf_percent$$0000000D)
    _printf_lld                              0x080001b3   Thumb Code     0  _printf_lld.o(.ARM.Collect$$_printf_percent$$0000000E)
    _printf_llu                              0x080001b9   Thumb Code     0  _printf_llu.o(.ARM.Collect$$_printf_percent$$0000000F)
    _printf_llo                              0x080001bf   Thumb Code     0  _printf_llo.o(.ARM.Collect$$_printf_percent$$00000010)
    _printf_llx                              0x080001c5   Thumb Code     0  _printf_llx.o(.ARM.Collect$$_printf_percent$$00000011)
    _printf_l                                0x080001cb   Thumb Code     0  _printf_l.o(.ARM.Collect$$_printf_percent$$00000012)
    _printf_c                                0x080001d5   Thumb Code     0  _printf_c.o(.ARM.Collect$$_printf_percent$$00000013)
    _printf_s                                0x080001db   Thumb Code     0  _printf_s.o(.ARM.Collect$$_printf_percent$$00000014)
    _printf_lc                               0x080001e1   Thumb Code     0  _printf_lc.o(.ARM.Collect$$_printf_percent$$00000015)
    _printf_ls                               0x080001e7   Thumb Code     0  _printf_ls.o(.ARM.Collect$$_printf_percent$$00000016)
    _printf_percent_end                      0x080001ed   Thumb Code     0  _printf_percent_end.o(.ARM.Collect$$_printf_percent$$00000017)
    __rt_lib_init                            0x080001f1   Thumb Code     0  libinit.o(.ARM.Collect$$libinit$$00000000)
    __rt_lib_init_fp_1                       0x080001f3   Thumb Code     0  libinit2.o(.ARM.Collect$$libinit$$00000002)
    __rt_lib_init_heap_1                     0x080001f3   Thumb Code     0  libinit2.o(.ARM.Collect$$libinit$$0000000A)
    __rt_lib_init_lc_common                  0x080001f3   Thumb Code     0  libinit2.o(.ARM.Collect$$libinit$$0000000F)
    __rt_lib_init_preinit_1                  0x080001f3   Thumb Code     0  libinit2.o(.ARM.Collect$$libinit$$00000004)
    __rt_lib_init_rand_1                     0x080001f3   Thumb Code     0  libinit2.o(.ARM.Collect$$libinit$$0000000E)
    __rt_lib_init_user_alloc_1               0x080001f3   Thumb Code     0  libinit2.o(.ARM.Collect$$libinit$$0000000C)
    __rt_lib_init_lc_collate_1               0x080001f9   Thumb Code     0  libinit2.o(.ARM.Collect$$libinit$$00000011)
    __rt_lib_init_lc_ctype_2                 0x080001f9   Thumb Code     0  libinit2.o(.ARM.Collect$$libinit$$00000012)
    __rt_lib_init_lc_ctype_1                 0x08000205   Thumb Code     0  libinit2.o(.ARM.Collect$$libinit$$00000013)
    __rt_lib_init_lc_monetary_1              0x08000205   Thumb Code     0  libinit2.o(.ARM.Collect$$libinit$$00000015)
    __rt_lib_init_lc_numeric_2               0x08000205   Thumb Code     0  libinit2.o(.ARM.Collect$$libinit$$00000016)
    __rt_lib_init_alloca_1                   0x0800020f   Thumb Code     0  libinit2.o(.ARM.Collect$$libinit$$0000002E)
    __rt_lib_init_argv_1                     0x0800020f   Thumb Code     0  libinit2.o(.ARM.Collect$$libinit$$0000002C)
    __rt_lib_init_atexit_1                   0x0800020f   Thumb Code     0  libinit2.o(.ARM.Collect$$libinit$$0000001B)
    __rt_lib_init_clock_1                    0x0800020f   Thumb Code     0  libinit2.o(.ARM.Collect$$libinit$$00000021)
    __rt_lib_init_cpp_1                      0x0800020f   Thumb Code     0  libinit2.o(.ARM.Collect$$libinit$$00000032)
    __rt_lib_init_exceptions_1               0x0800020f   Thumb Code     0  libinit2.o(.ARM.Collect$$libinit$$00000030)
    __rt_lib_init_fp_trap_1                  0x0800020f   Thumb Code     0  libinit2.o(.ARM.Collect$$libinit$$0000001F)
    __rt_lib_init_getenv_1                   0x0800020f   Thumb Code     0  libinit2.o(.ARM.Collect$$libinit$$00000023)
    __rt_lib_init_lc_numeric_1               0x0800020f   Thumb Code     0  libinit2.o(.ARM.Collect$$libinit$$00000017)
    __rt_lib_init_lc_time_1                  0x0800020f   Thumb Code     0  libinit2.o(.ARM.Collect$$libinit$$00000019)
    __rt_lib_init_return                     0x0800020f   Thumb Code     0  libinit2.o(.ARM.Collect$$libinit$$00000033)
    __rt_lib_init_signal_1                   0x0800020f   Thumb Code     0  libinit2.o(.ARM.Collect$$libinit$$0000001D)
    __rt_lib_init_stdio_1                    0x0800020f   Thumb Code     0  libinit2.o(.ARM.Collect$$libinit$$00000025)
    __rt_lib_shutdown                        0x08000211   Thumb Code     0  libshutdown.o(.ARM.Collect$$libshutdown$$00000000)
    __rt_lib_shutdown_cpp_1                  0x08000213   Thumb Code     0  libshutdown2.o(.ARM.Collect$$libshutdown$$00000004)
    __rt_lib_shutdown_fini_1                 0x08000213   Thumb Code     0  libshutdown2.o(.ARM.Collect$$libshutdown$$00000002)
    __rt_lib_shutdown_fp_trap_1              0x08000213   Thumb Code     0  libshutdown2.o(.ARM.Collect$$libshutdown$$00000009)
    __rt_lib_shutdown_heap_1                 0x08000213   Thumb Code     0  libshutdown2.o(.ARM.Collect$$libshutdown$$00000011)
    __rt_lib_shutdown_return                 0x08000213   Thumb Code     0  libshutdown2.o(.ARM.Collect$$libshutdown$$00000012)
    __rt_lib_shutdown_signal_1               0x08000213   Thumb Code     0  libshutdown2.o(.ARM.Collect$$libshutdown$$0000000C)
    __rt_lib_shutdown_stdio_1                0x08000213   Thumb Code     0  libshutdown2.o(.ARM.Collect$$libshutdown$$00000006)
    __rt_lib_shutdown_user_alloc_1           0x08000213   Thumb Code     0  libshutdown2.o(.ARM.Collect$$libshutdown$$0000000E)
    __rt_entry                               0x08000215   Thumb Code     0  __rtentry.o(.ARM.Collect$$rtentry$$00000000)
    __rt_entry_presh_1                       0x08000215   Thumb Code     0  __rtentry2.o(.ARM.Collect$$rtentry$$00000002)
    __rt_entry_sh                            0x08000215   Thumb Code     0  __rtentry4.o(.ARM.Collect$$rtentry$$00000004)
    __rt_entry_li                            0x0800021b   Thumb Code     0  __rtentry2.o(.ARM.Collect$$rtentry$$0000000A)
    __rt_entry_postsh_1                      0x0800021b   Thumb Code     0  __rtentry2.o(.ARM.Collect$$rtentry$$00000009)
    __rt_entry_main                          0x0800021f   Thumb Code     0  __rtentry2.o(.ARM.Collect$$rtentry$$0000000D)
    __rt_entry_postli_1                      0x0800021f   Thumb Code     0  __rtentry2.o(.ARM.Collect$$rtentry$$0000000C)
    __rt_exit                                0x08000227   Thumb Code     0  rtexit.o(.ARM.Collect$$rtexit$$00000000)
    __rt_exit_ls                             0x08000229   Thumb Code     0  rtexit2.o(.ARM.Collect$$rtexit$$00000003)
    __rt_exit_prels_1                        0x08000229   Thumb Code     0  rtexit2.o(.ARM.Collect$$rtexit$$00000002)
    __rt_exit_exit                           0x0800022d   Thumb Code     0  rtexit2.o(.ARM.Collect$$rtexit$$00000004)
    SVC_Handler                              0x08000235   Thumb Code    32  port.o(.emb_text)
    __asm___6_port_c_39a90d8d__prvStartFirstTask 0x08000259   Thumb Code    28  port.o(.emb_text)
    PendSV_Handler                           0x08000279   Thumb Code    72  port.o(.emb_text)
    vPortGetIPSR                             0x080002c5   Thumb Code     6  port.o(.emb_text)
    Reset_Handler                            0x080002cd   Thumb Code     8  startup_stm32f10x_md.o(.text)
    ADC1_2_IRQHandler                        0x080002e7   Thumb Code     0  startup_stm32f10x_md.o(.text)
    CAN1_RX1_IRQHandler                      0x080002e7   Thumb Code     0  startup_stm32f10x_md.o(.text)
    CAN1_SCE_IRQHandler                      0x080002e7   Thumb Code     0  startup_stm32f10x_md.o(.text)
    DMA1_Channel1_IRQHandler                 0x080002e7   Thumb Code     0  startup_stm32f10x_md.o(.text)
    DMA1_Channel2_IRQHandler                 0x080002e7   Thumb Code     0  startup_stm32f10x_md.o(.text)
    DMA1_Channel3_IRQHandler                 0x080002e7   Thumb Code     0  startup_stm32f10x_md.o(.text)
    DMA1_Channel4_IRQHandler                 0x080002e7   Thumb Code     0  startup_stm32f10x_md.o(.text)
    DMA1_Channel5_IRQHandler                 0x080002e7   Thumb Code     0  startup_stm32f10x_md.o(.text)
    DMA1_Channel6_IRQHandler                 0x080002e7   Thumb Code     0  startup_stm32f10x_md.o(.text)
    DMA1_Channel7_IRQHandler                 0x080002e7   Thumb Code     0  startup_stm32f10x_md.o(.text)
    EXTI0_IRQHandler                         0x080002e7   Thumb Code     0  startup_stm32f10x_md.o(.text)
    EXTI15_10_IRQHandler                     0x080002e7   Thumb Code     0  startup_stm32f10x_md.o(.text)
    EXTI1_IRQHandler                         0x080002e7   Thumb Code     0  startup_stm32f10x_md.o(.text)
    EXTI2_IRQHandler                         0x080002e7   Thumb Code     0  startup_stm32f10x_md.o(.text)
    EXTI3_IRQHandler                         0x080002e7   Thumb Code     0  startup_stm32f10x_md.o(.text)
    EXTI4_IRQHandler                         0x080002e7   Thumb Code     0  startup_stm32f10x_md.o(.text)
    EXTI9_5_IRQHandler                       0x080002e7   Thumb Code     0  startup_stm32f10x_md.o(.text)
    FLASH_IRQHandler                         0x080002e7   Thumb Code     0  startup_stm32f10x_md.o(.text)
    I2C1_ER_IRQHandler                       0x080002e7   Thumb Code     0  startup_stm32f10x_md.o(.text)
    I2C1_EV_IRQHandler                       0x080002e7   Thumb Code     0  startup_stm32f10x_md.o(.text)
    I2C2_ER_IRQHandler                       0x080002e7   Thumb Code     0  startup_stm32f10x_md.o(.text)
    I2C2_EV_IRQHandler                       0x080002e7   Thumb Code     0  startup_stm32f10x_md.o(.text)
    PVD_IRQHandler                           0x080002e7   Thumb Code     0  startup_stm32f10x_md.o(.text)
    RCC_IRQHandler                           0x080002e7   Thumb Code     0  startup_stm32f10x_md.o(.text)
    RTCAlarm_IRQHandler                      0x080002e7   Thumb Code     0  startup_stm32f10x_md.o(.text)
    RTC_IRQHandler                           0x080002e7   Thumb Code     0  startup_stm32f10x_md.o(.text)
    SPI1_IRQHandler                          0x080002e7   Thumb Code     0  startup_stm32f10x_md.o(.text)
    SPI2_IRQHandler                          0x080002e7   Thumb Code     0  startup_stm32f10x_md.o(.text)
    TAMPER_IRQHandler                        0x080002e7   Thumb Code     0  startup_stm32f10x_md.o(.text)
    TIM1_BRK_IRQHandler                      0x080002e7   Thumb Code     0  startup_stm32f10x_md.o(.text)
    TIM1_CC_IRQHandler                       0x080002e7   Thumb Code     0  startup_stm32f10x_md.o(.text)
    TIM1_TRG_COM_IRQHandler                  0x080002e7   Thumb Code     0  startup_stm32f10x_md.o(.text)
    TIM1_UP_IRQHandler                       0x080002e7   Thumb Code     0  startup_stm32f10x_md.o(.text)
    TIM2_IRQHandler                          0x080002e7   Thumb Code     0  startup_stm32f10x_md.o(.text)
    TIM3_IRQHandler                          0x080002e7   Thumb Code     0  startup_stm32f10x_md.o(.text)
    TIM4_IRQHandler                          0x080002e7   Thumb Code     0  startup_stm32f10x_md.o(.text)
    USART1_IRQHandler                        0x080002e7   Thumb Code     0  startup_stm32f10x_md.o(.text)
    USBWakeUp_IRQHandler                     0x080002e7   Thumb Code     0  startup_stm32f10x_md.o(.text)
    USB_HP_CAN1_TX_IRQHandler                0x080002e7   Thumb Code     0  startup_stm32f10x_md.o(.text)
    USB_LP_CAN1_RX0_IRQHandler               0x080002e7   Thumb Code     0  startup_stm32f10x_md.o(.text)
    WWDG_IRQHandler                          0x080002e7   Thumb Code     0  startup_stm32f10x_md.o(.text)
    __user_initial_stackheap                 0x080002e9   Thumb Code     0  startup_stm32f10x_md.o(.text)
    __aeabi_uldivmod                         0x0800030d   Thumb Code     0  lludivv7m.o(.text)
    _ll_udiv                                 0x0800030d   Thumb Code   238  lludivv7m.o(.text)
    vsprintf                                 0x080003fd   Thumb Code    32  vsprintf.o(.text)
    __2sprintf                               0x08000421   Thumb Code    38  __2sprintf.o(.text)
    _printf_str                              0x0800044d   Thumb Code    82  _printf_str.o(.text)
    _printf_int_dec                          0x080004a1   Thumb Code   104  _printf_dec.o(.text)
    __printf                                 0x08000519   Thumb Code   388  __printf_flags_ss_wp.o(.text)
    strstr                                   0x080006a1   Thumb Code    36  strstr.o(.text)
    strcpy                                   0x080006c5   Thumb Code    72  strcpy.o(.text)
    strlen                                   0x0800070d   Thumb Code    62  strlen.o(.text)
    __aeabi_memcpy                           0x0800074b   Thumb Code     0  rt_memcpy_v6.o(.text)
    __rt_memcpy                              0x0800074b   Thumb Code   138  rt_memcpy_v6.o(.text)
    _memcpy_lastbytes                        0x080007b1   Thumb Code     0  rt_memcpy_v6.o(.text)
    __aeabi_memclr                           0x080007d5   Thumb Code     0  rt_memclr.o(.text)
    __rt_memclr                              0x080007d5   Thumb Code    68  rt_memclr.o(.text)
    _memset                                  0x080007d9   Thumb Code     0  rt_memclr.o(.text)
    __aeabi_memclr4                          0x08000819   Thumb Code     0  rt_memclr_w.o(.text)
    __aeabi_memclr8                          0x08000819   Thumb Code     0  rt_memclr_w.o(.text)
    __rt_memclr_w                            0x08000819   Thumb Code    78  rt_memclr_w.o(.text)
    _memset_w                                0x0800081d   Thumb Code     0  rt_memclr_w.o(.text)
    __use_two_region_memory                  0x08000867   Thumb Code     2  heapauxi.o(.text)
    __rt_heap_escrow$2region                 0x08000869   Thumb Code     2  heapauxi.o(.text)
    __rt_heap_expand$2region                 0x0800086b   Thumb Code     2  heapauxi.o(.text)
    _printf_pre_padding                      0x0800086d   Thumb Code    44  _printf_pad.o(.text)
    _printf_post_padding                     0x08000899   Thumb Code    34  _printf_pad.o(.text)
    _printf_truncate_signed                  0x080008bb   Thumb Code    18  _printf_truncate.o(.text)
    _printf_truncate_unsigned                0x080008cd   Thumb Code    18  _printf_truncate.o(.text)
    _printf_int_common                       0x080008df   Thumb Code   178  _printf_intcommon.o(.text)
    _printf_charcount                        0x08000991   Thumb Code    40  _printf_charcount.o(.text)
    _printf_char_common                      0x080009c3   Thumb Code    32  _printf_char_common.o(.text)
    _sputc                                   0x080009e9   Thumb Code    10  _sputc.o(.text)
    _printf_cs_common                        0x080009f3   Thumb Code    20  _printf_char.o(.text)
    _printf_char                             0x08000a07   Thumb Code    16  _printf_char.o(.text)
    _printf_string                           0x08000a17   Thumb Code     8  _printf_char.o(.text)
    _printf_wctomb                           0x08000a21   Thumb Code   182  _printf_wctomb.o(.text)
    _printf_longlong_dec                     0x08000add   Thumb Code   108  _printf_longlong_dec.o(.text)
    _printf_longlong_oct                     0x08000b59   Thumb Code    66  _printf_oct_int_ll.o(.text)
    _printf_int_oct                          0x08000b9b   Thumb Code    24  _printf_oct_int_ll.o(.text)
    _printf_ll_oct                           0x08000bb3   Thumb Code    12  _printf_oct_int_ll.o(.text)
    _printf_longlong_hex                     0x08000bc9   Thumb Code    86  _printf_hex_int_ll_ptr.o(.text)
    _printf_int_hex                          0x08000c1f   Thumb Code    28  _printf_hex_int_ll_ptr.o(.text)
    _printf_ll_hex                           0x08000c3b   Thumb Code    12  _printf_hex_int_ll_ptr.o(.text)
    _printf_hex_ptr                          0x08000c47   Thumb Code    18  _printf_hex_int_ll_ptr.o(.text)
    __aeabi_memcpy4                          0x08000c5d   Thumb Code     0  rt_memcpy_w.o(.text)
    __aeabi_memcpy8                          0x08000c5d   Thumb Code     0  rt_memcpy_w.o(.text)
    __rt_memcpy_w                            0x08000c5d   Thumb Code   100  rt_memcpy_w.o(.text)
    _memcpy_lastbytes_aligned                0x08000ca5   Thumb Code     0  rt_memcpy_w.o(.text)
    _ll_udiv10                               0x08000cc1   Thumb Code   138  lludiv10.o(.text)
    __lib_sel_fp_printf                      0x08000d4b   Thumb Code     2  _printf_fp_dec.o(.text)
    _printf_fp_dec_real                      0x08000efd   Thumb Code   620  _printf_fp_dec.o(.text)
    _printf_fp_hex_real                      0x08001169   Thumb Code   756  _printf_fp_hex.o(.text)
    _printf_lcs_common                       0x08001465   Thumb Code    20  _printf_wchar.o(.text)
    _printf_wchar                            0x08001479   Thumb Code    16  _printf_wchar.o(.text)
    _printf_wstring                          0x08001489   Thumb Code     8  _printf_wchar.o(.text)
    _wcrtomb                                 0x08001491   Thumb Code    64  _wcrtomb.o(.text)
    __user_setup_stackheap                   0x080014d1   Thumb Code    74  sys_stackheap_outer.o(.text)
    __rt_ctype_table                         0x0800151d   Thumb Code    16  rt_ctype_table.o(.text)
    __rt_locale                              0x0800152d   Thumb Code     8  rt_locale_intlibspace.o(.text)
    _printf_fp_infnan                        0x08001535   Thumb Code   112  _printf_fp_infnan.o(.text)
    _btod_etento                             0x080015b5   Thumb Code   224  bigflt0.o(.text)
    exit                                     0x08001699   Thumb Code    18  exit.o(.text)
    __user_libspace                          0x080016ad   Thumb Code     8  libspace.o(.text)
    __user_perproc_libspace                  0x080016ad   Thumb Code     0  libspace.o(.text)
    __user_perthread_libspace                0x080016ad   Thumb Code     0  libspace.o(.text)
    strcmp                                   0x080016b5   Thumb Code   128  strcmpv7m.o(.text)
    _sys_exit                                0x08001735   Thumb Code     8  sys_exit.o(.text)
    __I$use$semihosting                      0x08001741   Thumb Code     0  use_no_semi.o(.text)
    __use_no_semihosting_swi                 0x08001741   Thumb Code     2  use_no_semi.o(.text)
    __semihosting_library_function           0x08001743   Thumb Code     0  indicate_semi.o(.text)
    _btod_d2e                                0x08001743   Thumb Code    62  btod.o(CL$$btod_d2e)
    _d2e_denorm_low                          0x08001781   Thumb Code    70  btod.o(CL$$btod_d2e_denorm_low)
    _d2e_norm_op1                            0x080017c7   Thumb Code    96  btod.o(CL$$btod_d2e_norm_op1)
    __btod_div_common                        0x08001827   Thumb Code   696  btod.o(CL$$btod_div_common)
    _e2e                                     0x08001b5f   Thumb Code   220  btod.o(CL$$btod_e2e)
    _btod_ediv                               0x08001c3b   Thumb Code    42  btod.o(CL$$btod_ediv)
    _btod_emul                               0x08001c65   Thumb Code    42  btod.o(CL$$btod_emul)
    __btod_mult_common                       0x08001c8f   Thumb Code   580  btod.o(CL$$btod_mult_common)
    BlueTooth_Init                           0x08001ed5   Thumb Code   164  bluetooth.o(i.BlueTooth_Init)
    BusFault_Handler                         0x08001f81   Thumb Code     4  stm32f10x_it.o(i.BusFault_Handler)
    DebugMon_Handler                         0x08001f85   Thumb Code     2  stm32f10x_it.o(i.DebugMon_Handler)
    DebugUART_Init                           0x08001f89   Thumb Code   128  debug_uart.o(i.DebugUART_Init)
    Delay_Init                               0x08002031   Thumb Code    54  delay.o(i.Delay_Init)
    Delay_Ms                                 0x08002067   Thumb Code    26  delay.o(i.Delay_Ms)
    Delay_S                                  0x08002081   Thumb Code    26  delay.o(i.Delay_S)
    Delay_Us                                 0x0800209b   Thumb Code    30  delay.o(i.Delay_Us)
    ESPTask_Entry                            0x080020d9   Thumb Code   560  esp_task.o(i.ESPTask_Entry)
    GPIO_Init                                0x080026f1   Thumb Code   278  stm32f10x_gpio.o(i.GPIO_Init)
    GPIO_ResetBits                           0x08002807   Thumb Code     4  stm32f10x_gpio.o(i.GPIO_ResetBits)
    GPIO_SetBits                             0x0800280b   Thumb Code     4  stm32f10x_gpio.o(i.GPIO_SetBits)
    HardFault_Handler                        0x0800280f   Thumb Code     4  stm32f10x_it.o(i.HardFault_Handler)
    MemManage_Handler                        0x08002813   Thumb Code     4  stm32f10x_it.o(i.MemManage_Handler)
    NMI_Handler                              0x08002817   Thumb Code     2  stm32f10x_it.o(i.NMI_Handler)
    NVIC_Init                                0x08002819   Thumb Code   100  misc.o(i.NVIC_Init)
    NVIC_PriorityGroupConfig                 0x08002889   Thumb Code    10  misc.o(i.NVIC_PriorityGroupConfig)
    RCC_APB1PeriphClockCmd                   0x0800289d   Thumb Code    26  stm32f10x_rcc.o(i.RCC_APB1PeriphClockCmd)
    RCC_APB2PeriphClockCmd                   0x080028bd   Thumb Code    26  stm32f10x_rcc.o(i.RCC_APB2PeriphClockCmd)
    RCC_GetClocksFreq                        0x080028dd   Thumb Code   192  stm32f10x_rcc.o(i.RCC_GetClocksFreq)
    SPI_Cmd                                  0x080029e9   Thumb Code    24  stm32f10x_spi.o(i.SPI_Cmd)
    SPI_I2S_GetFlagStatus                    0x08002a01   Thumb Code    18  stm32f10x_spi.o(i.SPI_I2S_GetFlagStatus)
    SPI_I2S_ReceiveData                      0x08002a13   Thumb Code     6  stm32f10x_spi.o(i.SPI_I2S_ReceiveData)
    SPI_I2S_SendData                         0x08002a19   Thumb Code     4  stm32f10x_spi.o(i.SPI_I2S_SendData)
    SPI_Init                                 0x08002a1d   Thumb Code    60  stm32f10x_spi.o(i.SPI_Init)
    SPI_NSSInternalSoftwareConfig            0x08002a59   Thumb Code    30  stm32f10x_spi.o(i.SPI_NSSInternalSoftwareConfig)
    SplitWiFiInfo                            0x08002b61   Thumb Code    60  common_utils.o(i.SplitWiFiInfo)
    SysTick_Handler                          0x08002b9d   Thumb Code    46  port.o(i.SysTick_Handler)
    SystemInit                               0x08002bd1   Thumb Code    78  system_stm32f10x.o(i.SystemInit)
    System_Init                              0x08002c31   Thumb Code   182  init.o(i.System_Init)
    TIM_Cmd                                  0x08002d9d   Thumb Code    24  stm32f10x_tim.o(i.TIM_Cmd)
    TIM_GetCounter                           0x08002db5   Thumb Code     6  stm32f10x_tim.o(i.TIM_GetCounter)
    TIM_SetCounter                           0x08002dbb   Thumb Code     4  stm32f10x_tim.o(i.TIM_SetCounter)
    TIM_TimeBaseInit                         0x08002dc1   Thumb Code   122  stm32f10x_tim.o(i.TIM_TimeBaseInit)
    USART2_IRQHandler                        0x08002e65   Thumb Code    50  wifi.o(i.USART2_IRQHandler)
    USART3_IRQHandler                        0x08002ea1   Thumb Code    44  bluetooth.o(i.USART3_IRQHandler)
    USART_Cmd                                0x08002ed5   Thumb Code    24  stm32f10x_usart.o(i.USART_Cmd)
    USART_GetFlagStatus                      0x08002eed   Thumb Code    26  stm32f10x_usart.o(i.USART_GetFlagStatus)
    USART_GetITStatus                        0x08002f07   Thumb Code    84  stm32f10x_usart.o(i.USART_GetITStatus)
    USART_ITConfig                           0x08002f5b   Thumb Code    74  stm32f10x_usart.o(i.USART_ITConfig)
    USART_Init                               0x08002fa5   Thumb Code   210  stm32f10x_usart.o(i.USART_Init)
    USART_ReceiveData                        0x0800307d   Thumb Code    10  stm32f10x_usart.o(i.USART_ReceiveData)
    USART_SendData                           0x08003087   Thumb Code     8  stm32f10x_usart.o(i.USART_SendData)
    UsageFault_Handler                       0x0800308f   Thumb Code     4  stm32f10x_it.o(i.UsageFault_Handler)
    W25Q64_GPIO_Init                         0x080030a5   Thumb Code    84  w25q64.o(i.W25Q64_GPIO_Init)
    W25Q64_ReadByte                          0x080030fd   Thumb Code    52  w25q64.o(i.W25Q64_ReadByte)
    W25Q64_SPI1_Init                         0x0800314d   Thumb Code    88  w25q64.o(i.W25Q64_SPI1_Init)
    W25Q64_SectorErase                       0x080031a9   Thumb Code    54  w25q64.o(i.W25Q64_SectorErase)
    W25Q64_WriteByte                         0x08003203   Thumb Code    16  w25q64.o(i.W25Q64_WriteByte)
    W25Q64_WriteBytes                        0x08003213   Thumb Code    80  w25q64.o(i.W25Q64_WriteBytes)
    WIFI_Init                                0x08003279   Thumb Code   158  wifi.o(i.WIFI_Init)
    WIFI_SendString                          0x08003341   Thumb Code    22  wifi.o(i.WIFI_SendString)
    WiFiConfigTask_Entry                     0x08003359   Thumb Code   310  wifi_config_task.o(i.WiFiConfigTask_Entry)
    __ARM_fpclassify                         0x08003591   Thumb Code    40  fpclassify.o(i.__ARM_fpclassify)
    _is_digit                                0x080035b9   Thumb Code    14  __printf_wp.o(i._is_digit)
    main                                     0x080035c9   Thumb Code    54  main.o(i.main)
    printf1                                  0x08003651   Thumb Code    56  debug_uart.o(i.printf1)
    pvPortMalloc                             0x08003cd9   Thumb Code   234  heap_4.o(i.pvPortMalloc)
    pxPortInitialiseStack                    0x08003dd9   Thumb Code    30  port.o(i.pxPortInitialiseStack)
    uxListRemove                             0x08003dfd   Thumb Code    40  list.o(i.uxListRemove)
    uxTaskGetNumberOfTasks                   0x08003e25   Thumb Code     6  tasks.o(i.uxTaskGetNumberOfTasks)
    vListInitialise                          0x08003e31   Thumb Code    26  list.o(i.vListInitialise)
    vListInitialiseItem                      0x08003e4b   Thumb Code     6  list.o(i.vListInitialiseItem)
    vListInsert                              0x08003e51   Thumb Code    52  list.o(i.vListInsert)
    vListInsertEnd                           0x08003e85   Thumb Code    24  list.o(i.vListInsertEnd)
    vPortEnterCritical                       0x08003e9d   Thumb Code    30  port.o(i.vPortEnterCritical)
    vPortExitCritical                        0x08003ec1   Thumb Code    28  port.o(i.vPortExitCritical)
    vPortFree                                0x08003ee1   Thumb Code    68  heap_4.o(i.vPortFree)
    vPortSetupTimerInterrupt                 0x08003f2d   Thumb Code    20  port.o(i.vPortSetupTimerInterrupt)
    vTaskDelay                               0x08003f45   Thumb Code    46  tasks.o(i.vTaskDelay)
    vTaskDelete                              0x08003f79   Thumb Code   198  tasks.o(i.vTaskDelete)
    vTaskInternalSetTimeOutState             0x08004065   Thumb Code    14  tasks.o(i.vTaskInternalSetTimeOutState)
    vTaskMissedYield                         0x0800407d   Thumb Code     8  tasks.o(i.vTaskMissedYield)
    vTaskPlaceOnEventList                    0x08004089   Thumb Code    28  tasks.o(i.vTaskPlaceOnEventList)
    vTaskStartScheduler                      0x080040a9   Thumb Code    60  tasks.o(i.vTaskStartScheduler)
    vTaskSuspendAll                          0x080040f5   Thumb Code    12  tasks.o(i.vTaskSuspendAll)
    vTaskSwitchContext                       0x08004105   Thumb Code    84  tasks.o(i.vTaskSwitchContext)
    xPortStartScheduler                      0x0800416d   Thumb Code    42  port.o(i.xPortStartScheduler)
    xQueueGenericCreate                      0x080041a1   Thumb Code    76  queue.o(i.xQueueGenericCreate)
    xQueueGenericReset                       0x080041ed   Thumb Code   156  queue.o(i.xQueueGenericReset)
    xQueueGenericSendFromISR                 0x0800428d   Thumb Code   154  queue.o(i.xQueueGenericSendFromISR)
    xQueueReceive                            0x08004329   Thumb Code   256  queue.o(i.xQueueReceive)
    xTaskCheckForTimeOut                     0x0800442d   Thumb Code    88  tasks.o(i.xTaskCheckForTimeOut)
    xTaskCreate                              0x0800448d   Thumb Code    56  tasks.o(i.xTaskCreate)
    xTaskDelayUntil                          0x080044c5   Thumb Code   108  tasks.o(i.xTaskDelayUntil)
    xTaskGetTickCount                        0x08004539   Thumb Code     6  tasks.o(i.xTaskGetTickCount)
    xTaskIncrementTick                       0x08004545   Thumb Code   372  tasks.o(i.xTaskIncrementTick)
    xTaskRemoveFromEventList                 0x080046e5   Thumb Code   256  tasks.o(i.xTaskRemoveFromEventList)
    xTaskResumeAll                           0x080047fd   Thumb Code   344  tasks.o(i.xTaskResumeAll)
    _get_lc_numeric                          0x08004979   Thumb Code    44  lc_numeric_c.o(locale$$code)
    _get_lc_ctype                            0x080049a5   Thumb Code    44  lc_ctype_c.o(locale$$code)
    _printf_fp_dec                           0x080049d1   Thumb Code     4  printf1.o(x$fpl$printf1)
    _printf_fp_hex                           0x080049d5   Thumb Code     4  printf2.o(x$fpl$printf2)
    __I$use$fp                               0x080049d8   Number         0  usenofp.o(x$fpl$usenofp)
    Region$$Table$$Base                      0x08004ad8   Number         0  anon$$obj.o(Region$$Table)
    Region$$Table$$Limit                     0x08004af8   Number         0  anon$$obj.o(Region$$Table)
    __ctype                                  0x08004b21   Data           0  lc_ctype_c.o(locale$$data)
    pxCurrentTCB                             0x20000034   Data           4  tasks.o(.data)
    WiFiConfigTaskHandle                     0x20000074   Data           4  global.o(.data)
    ESPTaskHandle                            0x20000078   Data           4  global.o(.data)
    MonitorTaskHandle                        0x2000007c   Data           4  global.o(.data)
    BT_MsgQueue                              0x20000080   Data           4  global.o(.data)
    ESP_ATRxQueue                            0x20000084   Data           4  global.o(.data)
    WiFiConfigInfo                           0x20004550   Data          40  global.o(.bss)
    __libspace_start                         0x20004578   Data          96  libspace.o(.bss)
    __temporary_stack_top$libspace           0x200045d8   Data           0  libspace.o(.bss)



==============================================================================

Memory Map of the image

  Image Entry point : 0x080000ed

  Load Region LR_IROM1 (Base: 0x08000000, Size: 0x00004cac, Max: 0x00010000, ABSOLUTE)

    Execution Region ER_IROM1 (Exec base: 0x08000000, Load base: 0x08000000, Size: 0x00004c24, Max: 0x00010000, ABSOLUTE)

    Exec Addr    Load Addr    Size         Type   Attr      Idx    E Section Name        Object

    0x08000000   0x08000000   0x000000ec   Data   RO            3    RESET               startup_stm32f10x_md.o
    0x080000ec   0x080000ec   0x00000008   Code   RO         4720  * !!!main             c_w.l(__main.o)
    0x080000f4   0x080000f4   0x00000034   Code   RO         5026    !!!scatter          c_w.l(__scatter.o)
    0x08000128   0x08000128   0x0000001a   Code   RO         5028    !!handler_copy      c_w.l(__scatter_copy.o)
    0x08000142   0x08000142   0x00000002   PAD
    0x08000144   0x08000144   0x0000001c   Code   RO         5030    !!handler_zi        c_w.l(__scatter_zi.o)
    0x08000160   0x08000160   0x00000000   Code   RO         4705    .ARM.Collect$$_printf_percent$$00000000  c_w.l(_printf_percent.o)
    0x08000160   0x08000160   0x00000006   Code   RO         4774    .ARM.Collect$$_printf_percent$$00000001  c_w.l(_printf_n.o)
    0x08000166   0x08000166   0x00000006   Code   RO         4776    .ARM.Collect$$_printf_percent$$00000002  c_w.l(_printf_p.o)
    0x0800016c   0x0800016c   0x00000006   Code   RO         4780    .ARM.Collect$$_printf_percent$$00000003  c_w.l(_printf_f.o)
    0x08000172   0x08000172   0x00000006   Code   RO         4781    .ARM.Collect$$_printf_percent$$00000004  c_w.l(_printf_e.o)
    0x08000178   0x08000178   0x00000006   Code   RO         4782    .ARM.Collect$$_printf_percent$$00000005  c_w.l(_printf_g.o)
    0x0800017e   0x0800017e   0x00000006   Code   RO         4783    .ARM.Collect$$_printf_percent$$00000006  c_w.l(_printf_a.o)
    0x08000184   0x08000184   0x0000000a   Code   RO         4788    .ARM.Collect$$_printf_percent$$00000007  c_w.l(_printf_ll.o)
    0x0800018e   0x0800018e   0x00000006   Code   RO         4778    .ARM.Collect$$_printf_percent$$00000008  c_w.l(_printf_i.o)
    0x08000194   0x08000194   0x00000006   Code   RO         4704    .ARM.Collect$$_printf_percent$$00000009  c_w.l(_printf_d.o)
    0x0800019a   0x0800019a   0x00000006   Code   RO         4779    .ARM.Collect$$_printf_percent$$0000000A  c_w.l(_printf_u.o)
    0x080001a0   0x080001a0   0x00000006   Code   RO         4777    .ARM.Collect$$_printf_percent$$0000000B  c_w.l(_printf_o.o)
    0x080001a6   0x080001a6   0x00000006   Code   RO         4775    .ARM.Collect$$_printf_percent$$0000000C  c_w.l(_printf_x.o)
    0x080001ac   0x080001ac   0x00000006   Code   RO         4785    .ARM.Collect$$_printf_percent$$0000000D  c_w.l(_printf_lli.o)
    0x080001b2   0x080001b2   0x00000006   Code   RO         4786    .ARM.Collect$$_printf_percent$$0000000E  c_w.l(_printf_lld.o)
    0x080001b8   0x080001b8   0x00000006   Code   RO         4787    .ARM.Collect$$_printf_percent$$0000000F  c_w.l(_printf_llu.o)
    0x080001be   0x080001be   0x00000006   Code   RO         4792    .ARM.Collect$$_printf_percent$$00000010  c_w.l(_printf_llo.o)
    0x080001c4   0x080001c4   0x00000006   Code   RO         4793    .ARM.Collect$$_printf_percent$$00000011  c_w.l(_printf_llx.o)
    0x080001ca   0x080001ca   0x0000000a   Code   RO         4789    .ARM.Collect$$_printf_percent$$00000012  c_w.l(_printf_l.o)
    0x080001d4   0x080001d4   0x00000006   Code   RO         4773    .ARM.Collect$$_printf_percent$$00000013  c_w.l(_printf_c.o)
    0x080001da   0x080001da   0x00000006   Code   RO         4703    .ARM.Collect$$_printf_percent$$00000014  c_w.l(_printf_s.o)
    0x080001e0   0x080001e0   0x00000006   Code   RO         4790    .ARM.Collect$$_printf_percent$$00000015  c_w.l(_printf_lc.o)
    0x080001e6   0x080001e6   0x00000006   Code   RO         4791    .ARM.Collect$$_printf_percent$$00000016  c_w.l(_printf_ls.o)
    0x080001ec   0x080001ec   0x00000004   Code   RO         4784    .ARM.Collect$$_printf_percent$$00000017  c_w.l(_printf_percent_end.o)
    0x080001f0   0x080001f0   0x00000002   Code   RO         4884    .ARM.Collect$$libinit$$00000000  c_w.l(libinit.o)
    0x080001f2   0x080001f2   0x00000000   Code   RO         4907    .ARM.Collect$$libinit$$00000002  c_w.l(libinit2.o)
    0x080001f2   0x080001f2   0x00000000   Code   RO         4909    .ARM.Collect$$libinit$$00000004  c_w.l(libinit2.o)
    0x080001f2   0x080001f2   0x00000000   Code   RO         4912    .ARM.Collect$$libinit$$0000000A  c_w.l(libinit2.o)
    0x080001f2   0x080001f2   0x00000000   Code   RO         4914    .ARM.Collect$$libinit$$0000000C  c_w.l(libinit2.o)
    0x080001f2   0x080001f2   0x00000000   Code   RO         4916    .ARM.Collect$$libinit$$0000000E  c_w.l(libinit2.o)
    0x080001f2   0x080001f2   0x00000006   Code   RO         4917    .ARM.Collect$$libinit$$0000000F  c_w.l(libinit2.o)
    0x080001f8   0x080001f8   0x00000000   Code   RO         4919    .ARM.Collect$$libinit$$00000011  c_w.l(libinit2.o)
    0x080001f8   0x080001f8   0x0000000c   Code   RO         4920    .ARM.Collect$$libinit$$00000012  c_w.l(libinit2.o)
    0x08000204   0x08000204   0x00000000   Code   RO         4921    .ARM.Collect$$libinit$$00000013  c_w.l(libinit2.o)
    0x08000204   0x08000204   0x00000000   Code   RO         4923    .ARM.Collect$$libinit$$00000015  c_w.l(libinit2.o)
    0x08000204   0x08000204   0x0000000a   Code   RO         4924    .ARM.Collect$$libinit$$00000016  c_w.l(libinit2.o)
    0x0800020e   0x0800020e   0x00000000   Code   RO         4925    .ARM.Collect$$libinit$$00000017  c_w.l(libinit2.o)
    0x0800020e   0x0800020e   0x00000000   Code   RO         4927    .ARM.Collect$$libinit$$00000019  c_w.l(libinit2.o)
    0x0800020e   0x0800020e   0x00000000   Code   RO         4929    .ARM.Collect$$libinit$$0000001B  c_w.l(libinit2.o)
    0x0800020e   0x0800020e   0x00000000   Code   RO         4931    .ARM.Collect$$libinit$$0000001D  c_w.l(libinit2.o)
    0x0800020e   0x0800020e   0x00000000   Code   RO         4933    .ARM.Collect$$libinit$$0000001F  c_w.l(libinit2.o)
    0x0800020e   0x0800020e   0x00000000   Code   RO         4935    .ARM.Collect$$libinit$$00000021  c_w.l(libinit2.o)
    0x0800020e   0x0800020e   0x00000000   Code   RO         4937    .ARM.Collect$$libinit$$00000023  c_w.l(libinit2.o)
    0x0800020e   0x0800020e   0x00000000   Code   RO         4939    .ARM.Collect$$libinit$$00000025  c_w.l(libinit2.o)
    0x0800020e   0x0800020e   0x00000000   Code   RO         4943    .ARM.Collect$$libinit$$0000002C  c_w.l(libinit2.o)
    0x0800020e   0x0800020e   0x00000000   Code   RO         4945    .ARM.Collect$$libinit$$0000002E  c_w.l(libinit2.o)
    0x0800020e   0x0800020e   0x00000000   Code   RO         4947    .ARM.Collect$$libinit$$00000030  c_w.l(libinit2.o)
    0x0800020e   0x0800020e   0x00000000   Code   RO         4949    .ARM.Collect$$libinit$$00000032  c_w.l(libinit2.o)
    0x0800020e   0x0800020e   0x00000002   Code   RO         4950    .ARM.Collect$$libinit$$00000033  c_w.l(libinit2.o)
    0x08000210   0x08000210   0x00000002   Code   RO         4981    .ARM.Collect$$libshutdown$$00000000  c_w.l(libshutdown.o)
    0x08000212   0x08000212   0x00000000   Code   RO         5007    .ARM.Collect$$libshutdown$$00000002  c_w.l(libshutdown2.o)
    0x08000212   0x08000212   0x00000000   Code   RO         5009    .ARM.Collect$$libshutdown$$00000004  c_w.l(libshutdown2.o)
    0x08000212   0x08000212   0x00000000   Code   RO         5011    .ARM.Collect$$libshutdown$$00000006  c_w.l(libshutdown2.o)
    0x08000212   0x08000212   0x00000000   Code   RO         5014    .ARM.Collect$$libshutdown$$00000009  c_w.l(libshutdown2.o)
    0x08000212   0x08000212   0x00000000   Code   RO         5017    .ARM.Collect$$libshutdown$$0000000C  c_w.l(libshutdown2.o)
    0x08000212   0x08000212   0x00000000   Code   RO         5019    .ARM.Collect$$libshutdown$$0000000E  c_w.l(libshutdown2.o)
    0x08000212   0x08000212   0x00000000   Code   RO         5022    .ARM.Collect$$libshutdown$$00000011  c_w.l(libshutdown2.o)
    0x08000212   0x08000212   0x00000002   Code   RO         5023    .ARM.Collect$$libshutdown$$00000012  c_w.l(libshutdown2.o)
    0x08000214   0x08000214   0x00000000   Code   RO         4722    .ARM.Collect$$rtentry$$00000000  c_w.l(__rtentry.o)
    0x08000214   0x08000214   0x00000000   Code   RO         4805    .ARM.Collect$$rtentry$$00000002  c_w.l(__rtentry2.o)
    0x08000214   0x08000214   0x00000006   Code   RO         4817    .ARM.Collect$$rtentry$$00000004  c_w.l(__rtentry4.o)
    0x0800021a   0x0800021a   0x00000000   Code   RO         4807    .ARM.Collect$$rtentry$$00000009  c_w.l(__rtentry2.o)
    0x0800021a   0x0800021a   0x00000004   Code   RO         4808    .ARM.Collect$$rtentry$$0000000A  c_w.l(__rtentry2.o)
    0x0800021e   0x0800021e   0x00000000   Code   RO         4810    .ARM.Collect$$rtentry$$0000000C  c_w.l(__rtentry2.o)
    0x0800021e   0x0800021e   0x00000008   Code   RO         4811    .ARM.Collect$$rtentry$$0000000D  c_w.l(__rtentry2.o)
    0x08000226   0x08000226   0x00000002   Code   RO         4893    .ARM.Collect$$rtexit$$00000000  c_w.l(rtexit.o)
    0x08000228   0x08000228   0x00000000   Code   RO         4954    .ARM.Collect$$rtexit$$00000002  c_w.l(rtexit2.o)
    0x08000228   0x08000228   0x00000004   Code   RO         4955    .ARM.Collect$$rtexit$$00000003  c_w.l(rtexit2.o)
    0x0800022c   0x0800022c   0x00000006   Code   RO         4956    .ARM.Collect$$rtexit$$00000004  c_w.l(rtexit2.o)
    0x08000232   0x08000232   0x00000002   PAD
    0x08000234   0x08000234   0x00000096   Code   RO         3436    .emb_text           port.o
    0x080002ca   0x080002ca   0x00000002   PAD
    0x080002cc   0x080002cc   0x00000040   Code   RO            4    .text               startup_stm32f10x_md.o
    0x0800030c   0x0800030c   0x000000ee   Code   RO         4669    .text               c_w.l(lludivv7m.o)
    0x080003fa   0x080003fa   0x00000002   PAD
    0x080003fc   0x080003fc   0x00000024   Code   RO         4671    .text               c_w.l(vsprintf.o)
    0x08000420   0x08000420   0x0000002c   Code   RO         4673    .text               c_w.l(__2sprintf.o)
    0x0800044c   0x0800044c   0x00000052   Code   RO         4679    .text               c_w.l(_printf_str.o)
    0x0800049e   0x0800049e   0x00000002   PAD
    0x080004a0   0x080004a0   0x00000078   Code   RO         4681    .text               c_w.l(_printf_dec.o)
    0x08000518   0x08000518   0x00000188   Code   RO         4700    .text               c_w.l(__printf_flags_ss_wp.o)
    0x080006a0   0x080006a0   0x00000024   Code   RO         4706    .text               c_w.l(strstr.o)
    0x080006c4   0x080006c4   0x00000048   Code   RO         4708    .text               c_w.l(strcpy.o)
    0x0800070c   0x0800070c   0x0000003e   Code   RO         4710    .text               c_w.l(strlen.o)
    0x0800074a   0x0800074a   0x0000008a   Code   RO         4712    .text               c_w.l(rt_memcpy_v6.o)
    0x080007d4   0x080007d4   0x00000044   Code   RO         4714    .text               c_w.l(rt_memclr.o)
    0x08000818   0x08000818   0x0000004e   Code   RO         4716    .text               c_w.l(rt_memclr_w.o)
    0x08000866   0x08000866   0x00000006   Code   RO         4718    .text               c_w.l(heapauxi.o)
    0x0800086c   0x0800086c   0x0000004e   Code   RO         4727    .text               c_w.l(_printf_pad.o)
    0x080008ba   0x080008ba   0x00000024   Code   RO         4729    .text               c_w.l(_printf_truncate.o)
    0x080008de   0x080008de   0x000000b2   Code   RO         4731    .text               c_w.l(_printf_intcommon.o)
    0x08000990   0x08000990   0x00000028   Code   RO         4733    .text               c_w.l(_printf_charcount.o)
    0x080009b8   0x080009b8   0x00000030   Code   RO         4735    .text               c_w.l(_printf_char_common.o)
    0x080009e8   0x080009e8   0x0000000a   Code   RO         4737    .text               c_w.l(_sputc.o)
    0x080009f2   0x080009f2   0x0000002c   Code   RO         4739    .text               c_w.l(_printf_char.o)
    0x08000a1e   0x08000a1e   0x00000002   PAD
    0x08000a20   0x08000a20   0x000000bc   Code   RO         4741    .text               c_w.l(_printf_wctomb.o)
    0x08000adc   0x08000adc   0x0000007c   Code   RO         4744    .text               c_w.l(_printf_longlong_dec.o)
    0x08000b58   0x08000b58   0x00000070   Code   RO         4750    .text               c_w.l(_printf_oct_int_ll.o)
    0x08000bc8   0x08000bc8   0x00000094   Code   RO         4770    .text               c_w.l(_printf_hex_int_ll_ptr.o)
    0x08000c5c   0x08000c5c   0x00000064   Code   RO         4794    .text               c_w.l(rt_memcpy_w.o)
    0x08000cc0   0x08000cc0   0x0000008a   Code   RO         4821    .text               c_w.l(lludiv10.o)
    0x08000d4a   0x08000d4a   0x0000041e   Code   RO         4823    .text               c_w.l(_printf_fp_dec.o)
    0x08001168   0x08001168   0x000002fc   Code   RO         4825    .text               c_w.l(_printf_fp_hex.o)
    0x08001464   0x08001464   0x0000002c   Code   RO         4830    .text               c_w.l(_printf_wchar.o)
    0x08001490   0x08001490   0x00000040   Code   RO         4832    .text               c_w.l(_wcrtomb.o)
    0x080014d0   0x080014d0   0x0000004a   Code   RO         4834    .text               c_w.l(sys_stackheap_outer.o)
    0x0800151a   0x0800151a   0x00000002   PAD
    0x0800151c   0x0800151c   0x00000010   Code   RO         4836    .text               c_w.l(rt_ctype_table.o)
    0x0800152c   0x0800152c   0x00000008   Code   RO         4841    .text               c_w.l(rt_locale_intlibspace.o)
    0x08001534   0x08001534   0x00000080   Code   RO         4843    .text               c_w.l(_printf_fp_infnan.o)
    0x080015b4   0x080015b4   0x000000e4   Code   RO         4845    .text               c_w.l(bigflt0.o)
    0x08001698   0x08001698   0x00000012   Code   RO         4873    .text               c_w.l(exit.o)
    0x080016aa   0x080016aa   0x00000002   PAD
    0x080016ac   0x080016ac   0x00000008   Code   RO         4890    .text               c_w.l(libspace.o)
    0x080016b4   0x080016b4   0x00000080   Code   RO         4904    .text               c_w.l(strcmpv7m.o)
    0x08001734   0x08001734   0x0000000c   Code   RO         4951    .text               c_w.l(sys_exit.o)
    0x08001740   0x08001740   0x00000002   Code   RO         4970    .text               c_w.l(use_no_semi.o)
    0x08001742   0x08001742   0x00000000   Code   RO         4972    .text               c_w.l(indicate_semi.o)
    0x08001742   0x08001742   0x0000003e   Code   RO         4848    CL$$btod_d2e        c_w.l(btod.o)
    0x08001780   0x08001780   0x00000046   Code   RO         4850    CL$$btod_d2e_denorm_low  c_w.l(btod.o)
    0x080017c6   0x080017c6   0x00000060   Code   RO         4849    CL$$btod_d2e_norm_op1  c_w.l(btod.o)
    0x08001826   0x08001826   0x00000338   Code   RO         4858    CL$$btod_div_common  c_w.l(btod.o)
    0x08001b5e   0x08001b5e   0x000000dc   Code   RO         4855    CL$$btod_e2e        c_w.l(btod.o)
    0x08001c3a   0x08001c3a   0x0000002a   Code   RO         4852    CL$$btod_ediv       c_w.l(btod.o)
    0x08001c64   0x08001c64   0x0000002a   Code   RO         4851    CL$$btod_emul       c_w.l(btod.o)
    0x08001c8e   0x08001c8e   0x00000244   Code   RO         4857    CL$$btod_mult_common  c_w.l(btod.o)
    0x08001ed2   0x08001ed2   0x00000002   PAD
    0x08001ed4   0x08001ed4   0x000000ac   Code   RO         4276    i.BlueTooth_Init    bluetooth.o
    0x08001f80   0x08001f80   0x00000004   Code   RO         4622    i.BusFault_Handler  stm32f10x_it.o
    0x08001f84   0x08001f84   0x00000002   Code   RO         4623    i.DebugMon_Handler  stm32f10x_it.o
    0x08001f86   0x08001f86   0x00000002   PAD
    0x08001f88   0x08001f88   0x00000088   Code   RO         4297    i.DebugUART_Init    debug_uart.o
    0x08002010   0x08002010   0x00000020   Code   RO         4298    i.DebugUSART1_SendByte  debug_uart.o
    0x08002030   0x08002030   0x00000036   Code   RO         4240    i.Delay_Init        delay.o
    0x08002066   0x08002066   0x0000001a   Code   RO         4241    i.Delay_Ms          delay.o
    0x08002080   0x08002080   0x0000001a   Code   RO         4242    i.Delay_S           delay.o
    0x0800209a   0x0800209a   0x0000001e   Code   RO         4243    i.Delay_Us          delay.o
    0x080020b8   0x080020b8   0x00000020   Code   RO         4556    i.ESPTask_ClearQueue  esp_task.o
    0x080020d8   0x080020d8   0x00000524   Code   RO         4557    i.ESPTask_Entry     esp_task.o
    0x080025fc   0x080025fc   0x00000032   Code   RO         4558    i.ESPTask_SendCmdAndWait  esp_task.o
    0x0800262e   0x0800262e   0x00000002   PAD
    0x08002630   0x08002630   0x000000c0   Code   RO         4559    i.ESPTask_WaitResponse  esp_task.o
    0x080026f0   0x080026f0   0x00000116   Code   RO         1347    i.GPIO_Init         stm32f10x_gpio.o
    0x08002806   0x08002806   0x00000004   Code   RO         1354    i.GPIO_ResetBits    stm32f10x_gpio.o
    0x0800280a   0x0800280a   0x00000004   Code   RO         1355    i.GPIO_SetBits      stm32f10x_gpio.o
    0x0800280e   0x0800280e   0x00000004   Code   RO         4624    i.HardFault_Handler  stm32f10x_it.o
    0x08002812   0x08002812   0x00000004   Code   RO         4625    i.MemManage_Handler  stm32f10x_it.o
    0x08002816   0x08002816   0x00000002   Code   RO         4626    i.NMI_Handler       stm32f10x_it.o
    0x08002818   0x08002818   0x00000070   Code   RO          137    i.NVIC_Init         misc.o
    0x08002888   0x08002888   0x00000014   Code   RO          138    i.NVIC_PriorityGroupConfig  misc.o
    0x0800289c   0x0800289c   0x00000020   Code   RO         1775    i.RCC_APB1PeriphClockCmd  stm32f10x_rcc.o
    0x080028bc   0x080028bc   0x00000020   Code   RO         1777    i.RCC_APB2PeriphClockCmd  stm32f10x_rcc.o
    0x080028dc   0x080028dc   0x000000d4   Code   RO         1785    i.RCC_GetClocksFreq  stm32f10x_rcc.o
    0x080029b0   0x080029b0   0x00000038   Code   RO         4428    i.SPI1_TransferByte  w25q64.o
    0x080029e8   0x080029e8   0x00000018   Code   RO         2263    i.SPI_Cmd           stm32f10x_spi.o
    0x08002a00   0x08002a00   0x00000012   Code   RO         2271    i.SPI_I2S_GetFlagStatus  stm32f10x_spi.o
    0x08002a12   0x08002a12   0x00000006   Code   RO         2274    i.SPI_I2S_ReceiveData  stm32f10x_spi.o
    0x08002a18   0x08002a18   0x00000004   Code   RO         2275    i.SPI_I2S_SendData  stm32f10x_spi.o
    0x08002a1c   0x08002a1c   0x0000003c   Code   RO         2276    i.SPI_Init          stm32f10x_spi.o
    0x08002a58   0x08002a58   0x0000001e   Code   RO         2277    i.SPI_NSSInternalSoftwareConfig  stm32f10x_spi.o
    0x08002a76   0x08002a76   0x00000008   Code   RO           24    i.SetSysClock       system_stm32f10x.o
    0x08002a7e   0x08002a7e   0x00000002   PAD
    0x08002a80   0x08002a80   0x000000e0   Code   RO           25    i.SetSysClockTo72   system_stm32f10x.o
    0x08002b60   0x08002b60   0x0000003c   Code   RO         4142    i.SplitWiFiInfo     common_utils.o
    0x08002b9c   0x08002b9c   0x00000034   Code   RO         3437    i.SysTick_Handler   port.o
    0x08002bd0   0x08002bd0   0x00000060   Code   RO           27    i.SystemInit        system_stm32f10x.o
    0x08002c30   0x08002c30   0x0000016c   Code   RO         4540    i.System_Init       init.o
    0x08002d9c   0x08002d9c   0x00000018   Code   RO         2421    i.TIM_Cmd           stm32f10x_tim.o
    0x08002db4   0x08002db4   0x00000006   Code   RO         2440    i.TIM_GetCounter    stm32f10x_tim.o
    0x08002dba   0x08002dba   0x00000004   Code   RO         2486    i.TIM_SetCounter    stm32f10x_tim.o
    0x08002dbe   0x08002dbe   0x00000002   PAD
    0x08002dc0   0x08002dc0   0x000000a4   Code   RO         2492    i.TIM_TimeBaseInit  stm32f10x_tim.o
    0x08002e64   0x08002e64   0x0000003c   Code   RO         4336    i.USART2_IRQHandler  wifi.o
    0x08002ea0   0x08002ea0   0x00000034   Code   RO         4277    i.USART3_IRQHandler  bluetooth.o
    0x08002ed4   0x08002ed4   0x00000018   Code   RO         2960    i.USART_Cmd         stm32f10x_usart.o
    0x08002eec   0x08002eec   0x0000001a   Code   RO         2963    i.USART_GetFlagStatus  stm32f10x_usart.o
    0x08002f06   0x08002f06   0x00000054   Code   RO         2964    i.USART_GetITStatus  stm32f10x_usart.o
    0x08002f5a   0x08002f5a   0x0000004a   Code   RO         2966    i.USART_ITConfig    stm32f10x_usart.o
    0x08002fa4   0x08002fa4   0x000000d8   Code   RO         2967    i.USART_Init        stm32f10x_usart.o
    0x0800307c   0x0800307c   0x0000000a   Code   RO         2974    i.USART_ReceiveData  stm32f10x_usart.o
    0x08003086   0x08003086   0x00000008   Code   RO         2977    i.USART_SendData    stm32f10x_usart.o
    0x0800308e   0x0800308e   0x00000004   Code   RO         4627    i.UsageFault_Handler  stm32f10x_it.o
    0x08003092   0x08003092   0x00000002   PAD
    0x08003094   0x08003094   0x00000010   Code   RO         4429    i.W25Q64_Deselect   w25q64.o
    0x080030a4   0x080030a4   0x00000058   Code   RO         4430    i.W25Q64_GPIO_Init  w25q64.o
    0x080030fc   0x080030fc   0x00000034   Code   RO         4431    i.W25Q64_ReadByte   w25q64.o
    0x08003130   0x08003130   0x0000001c   Code   RO         4433    i.W25Q64_ReadStatusRegister1  w25q64.o
    0x0800314c   0x0800314c   0x0000005c   Code   RO         4435    i.W25Q64_SPI1_Init  w25q64.o
    0x080031a8   0x080031a8   0x00000036   Code   RO         4437    i.W25Q64_SectorErase  w25q64.o
    0x080031de   0x080031de   0x00000002   PAD
    0x080031e0   0x080031e0   0x00000010   Code   RO         4438    i.W25Q64_Select     w25q64.o
    0x080031f0   0x080031f0   0x00000012   Code   RO         4439    i.W25Q64_WaitBusy   w25q64.o
    0x08003202   0x08003202   0x00000010   Code   RO         4440    i.W25Q64_WriteByte  w25q64.o
    0x08003212   0x08003212   0x00000050   Code   RO         4441    i.W25Q64_WriteBytes  w25q64.o
    0x08003262   0x08003262   0x00000016   Code   RO         4442    i.W25Q64_WriteEnable  w25q64.o
    0x08003278   0x08003278   0x000000a8   Code   RO         4337    i.WIFI_Init         wifi.o
    0x08003320   0x08003320   0x00000020   Code   RO         4338    i.WIFI_SendByte     wifi.o
    0x08003340   0x08003340   0x00000016   Code   RO         4339    i.WIFI_SendString   wifi.o
    0x08003356   0x08003356   0x00000002   PAD
    0x08003358   0x08003358   0x00000238   Code   RO         4586    i.WiFiConfigTask_Entry  wifi_config_task.o
    0x08003590   0x08003590   0x00000028   Code   RO         4888    i.__ARM_fpclassify  m_ws.l(fpclassify.o)
    0x080035b8   0x080035b8   0x0000000e   Code   RO         4693    i._is_digit         c_w.l(__printf_wp.o)
    0x080035c6   0x080035c6   0x00000002   PAD
    0x080035c8   0x080035c8   0x00000088   Code   RO         4610    i.main              main.o
    0x08003650   0x08003650   0x00000038   Code   RO         4299    i.printf1           debug_uart.o
    0x08003688   0x08003688   0x000000cc   Code   RO         3814    i.prvAddCurrentTaskToDelayedList  tasks.o
    0x08003754   0x08003754   0x000000f0   Code   RO         3815    i.prvAddNewTaskToReadyList  tasks.o
    0x08003844   0x08003844   0x00000048   Code   RO         3816    i.prvCheckTasksWaitingTermination  tasks.o
    0x0800388c   0x0800388c   0x0000002a   Code   RO         3507    i.prvCopyDataFromQueue  queue.o
    0x080038b6   0x080038b6   0x0000006a   Code   RO         3508    i.prvCopyDataToQueue  queue.o
    0x08003920   0x08003920   0x00000068   Code   RO         3817    i.prvCreateIdleTasks  tasks.o
    0x08003988   0x08003988   0x0000005a   Code   RO         3818    i.prvCreateTask     tasks.o
    0x080039e2   0x080039e2   0x00000012   Code   RO         3819    i.prvDeleteTCB      tasks.o
    0x080039f4   0x080039f4   0x0000006c   Code   RO         3327    i.prvHeapInit       heap_4.o
    0x08003a60   0x08003a60   0x00000028   Code   RO         3820    i.prvIdleTask       tasks.o
    0x08003a88   0x08003a88   0x00000026   Code   RO         3509    i.prvInitialiseNewQueue  queue.o
    0x08003aae   0x08003aae   0x0000007a   Code   RO         3821    i.prvInitialiseNewTask  tasks.o
    0x08003b28   0x08003b28   0x00000068   Code   RO         3822    i.prvInitialiseTaskLists  tasks.o
    0x08003b90   0x08003b90   0x00000068   Code   RO         3328    i.prvInsertBlockIntoFreeList  heap_4.o
    0x08003bf8   0x08003bf8   0x0000001a   Code   RO         3510    i.prvIsQueueEmpty   queue.o
    0x08003c12   0x08003c12   0x00000002   PAD
    0x08003c14   0x08003c14   0x00000030   Code   RO         3823    i.prvResetNextTaskUnblockTime  tasks.o
    0x08003c44   0x08003c44   0x00000016   Code   RO         3438    i.prvTaskExitError  port.o
    0x08003c5a   0x08003c5a   0x0000007e   Code   RO         3512    i.prvUnlockQueue    queue.o
    0x08003cd8   0x08003cd8   0x00000100   Code   RO         3330    i.pvPortMalloc      heap_4.o
    0x08003dd8   0x08003dd8   0x00000024   Code   RO         3439    i.pxPortInitialiseStack  port.o
    0x08003dfc   0x08003dfc   0x00000028   Code   RO         3400    i.uxListRemove      list.o
    0x08003e24   0x08003e24   0x0000000c   Code   RO         3827    i.uxTaskGetNumberOfTasks  tasks.o
    0x08003e30   0x08003e30   0x0000001a   Code   RO         3401    i.vListInitialise   list.o
    0x08003e4a   0x08003e4a   0x00000006   Code   RO         3402    i.vListInitialiseItem  list.o
    0x08003e50   0x08003e50   0x00000034   Code   RO         3403    i.vListInsert       list.o
    0x08003e84   0x08003e84   0x00000018   Code   RO         3404    i.vListInsertEnd    list.o
    0x08003e9c   0x08003e9c   0x00000024   Code   RO         3441    i.vPortEnterCritical  port.o
    0x08003ec0   0x08003ec0   0x00000020   Code   RO         3442    i.vPortExitCritical  port.o
    0x08003ee0   0x08003ee0   0x0000004c   Code   RO         3331    i.vPortFree         heap_4.o
    0x08003f2c   0x08003f2c   0x00000018   Code   RO         3443    i.vPortSetupTimerInterrupt  port.o
    0x08003f44   0x08003f44   0x00000034   Code   RO         3831    i.vTaskDelay        tasks.o
    0x08003f78   0x08003f78   0x000000ec   Code   RO         3832    i.vTaskDelete       tasks.o
    0x08004064   0x08004064   0x00000018   Code   RO         3835    i.vTaskInternalSetTimeOutState  tasks.o
    0x0800407c   0x0800407c   0x0000000c   Code   RO         3836    i.vTaskMissedYield  tasks.o
    0x08004088   0x08004088   0x00000020   Code   RO         3837    i.vTaskPlaceOnEventList  tasks.o
    0x080040a8   0x080040a8   0x0000004c   Code   RO         3844    i.vTaskStartScheduler  tasks.o
    0x080040f4   0x080040f4   0x00000010   Code   RO         3846    i.vTaskSuspendAll   tasks.o
    0x08004104   0x08004104   0x00000068   Code   RO         3847    i.vTaskSwitchContext  tasks.o
    0x0800416c   0x0800416c   0x00000034   Code   RO         3444    i.xPortStartScheduler  port.o
    0x080041a0   0x080041a0   0x0000004c   Code   RO         3519    i.xQueueGenericCreate  queue.o
    0x080041ec   0x080041ec   0x000000a0   Code   RO         3520    i.xQueueGenericReset  queue.o
    0x0800428c   0x0800428c   0x0000009a   Code   RO         3522    i.xQueueGenericSendFromISR  queue.o
    0x08004326   0x08004326   0x00000002   PAD
    0x08004328   0x08004328   0x00000104   Code   RO         3528    i.xQueueReceive     queue.o
    0x0800442c   0x0800442c   0x00000060   Code   RO         3849    i.xTaskCheckForTimeOut  tasks.o
    0x0800448c   0x0800448c   0x00000038   Code   RO         3850    i.xTaskCreate       tasks.o
    0x080044c4   0x080044c4   0x00000074   Code   RO         3851    i.xTaskDelayUntil   tasks.o
    0x08004538   0x08004538   0x0000000c   Code   RO         3858    i.xTaskGetTickCount  tasks.o
    0x08004544   0x08004544   0x000001a0   Code   RO         3860    i.xTaskIncrementTick  tasks.o
    0x080046e4   0x080046e4   0x00000118   Code   RO         3861    i.xTaskRemoveFromEventList  tasks.o
    0x080047fc   0x080047fc   0x0000017c   Code   RO         3862    i.xTaskResumeAll    tasks.o
    0x08004978   0x08004978   0x0000002c   Code   RO         4871    locale$$code        c_w.l(lc_numeric_c.o)
    0x080049a4   0x080049a4   0x0000002c   Code   RO         4898    locale$$code        c_w.l(lc_ctype_c.o)
    0x080049d0   0x080049d0   0x00000004   Code   RO         4796    x$fpl$printf1       fz_ws.l(printf1.o)
    0x080049d4   0x080049d4   0x00000004   Code   RO         4798    x$fpl$printf2       fz_ws.l(printf2.o)
    0x080049d8   0x080049d8   0x00000000   Code   RO         4887    x$fpl$usenofp       fz_ws.l(usenofp.o)
    0x080049d8   0x080049d8   0x00000011   Data   RO         4701    .constdata          c_w.l(__printf_flags_ss_wp.o)
    0x080049e9   0x080049e9   0x00000003   PAD
    0x080049ec   0x080049ec   0x00000008   Data   RO         4742    .constdata          c_w.l(_printf_wctomb.o)
    0x080049f4   0x080049f4   0x00000028   Data   RO         4771    .constdata          c_w.l(_printf_hex_int_ll_ptr.o)
    0x08004a1c   0x08004a1c   0x00000026   Data   RO         4826    .constdata          c_w.l(_printf_fp_hex.o)
    0x08004a42   0x08004a42   0x00000002   PAD
    0x08004a44   0x08004a44   0x00000094   Data   RO         4846    .constdata          c_w.l(bigflt0.o)
    0x08004ad8   0x08004ad8   0x00000020   Data   RO         5024    Region$$Table       anon$$obj.o
    0x08004af8   0x08004af8   0x0000001c   Data   RO         4870    locale$$data        c_w.l(lc_numeric_c.o)
    0x08004b14   0x08004b14   0x00000110   Data   RO         4897    locale$$data        c_w.l(lc_ctype_c.o)


    Execution Region RW_IRAM1 (Exec base: 0x20000000, Load base: 0x08004c24, Size: 0x00004bd8, Max: 0x00005000, ABSOLUTE)

    Exec Addr    Load Addr    Size         Type   Attr      Idx    E Section Name        Object

    0x20000000   0x08004c24   0x00000014   Data   RW         1805    .data               stm32f10x_rcc.o
    0x20000014   0x08004c38   0x0000001c   Data   RW         3338    .data               heap_4.o
    0x20000030   0x08004c54   0x00000004   Data   RW         3445    .data               port.o
    0x20000034   0x08004c58   0x00000040   Data   RW         3865    .data               tasks.o
    0x20000074   0x08004c98   0x00000014   Data   RW         4522    .data               global.o
    0x20000088        -       0x00004400   Zero   RW         3337    .bss                heap_4.o
    0x20004488        -       0x000000c8   Zero   RW         3864    .bss                tasks.o
    0x20004550        -       0x00000028   Zero   RW         4521    .bss                global.o
    0x20004578        -       0x00000060   Zero   RW         4891    .bss                c_w.l(libspace.o)
    0x200045d8        -       0x00000200   Zero   RW            2    HEAP                startup_stm32f10x_md.o
    0x200047d8        -       0x00000400   Zero   RW            1    STACK               startup_stm32f10x_md.o


==============================================================================

Image component sizes


      Code (inc. data)   RO Data    RW Data    ZI Data      Debug   Object Name

       224         16          0          0          0       1065   bluetooth.o
        60          0          0          0          0      14392   common_utils.o
         0          0          0          0          0       4508   core_cm3.o
         0          0          0          0          0       8452   croutine.o
       224         12          0          0          0       2187   debug_uart.o
       136          0          0          0          0       1785   delay.o
      1590        810          0          0          0       2836   esp_task.o
         0          0          0          0          0      15112   event_groups.o
         0          0          0         20         40        816   global.o
       544         58          0         28      17408       4495   heap_4.o
       364        182          0          0          0        622   init.o
       148          0          0          0          0       2850   list.o
       136         82          0          0          0        467   main.o
       132         22          0          0          0     204555   misc.o
       404         48          0          4          0       8288   port.o
       988          8          0          0          0      11050   queue.o
        64         26        236          0       1536        800   startup_stm32f10x_md.o
         0          0          0          0          0       1616   stm32f10x_adc.o
       286          0          0          0          0      10996   stm32f10x_gpio.o
        20          0          0          0          0       2321   stm32f10x_it.o
       276         32          0         20          0      12734   stm32f10x_rcc.o
       142          0          0          0          0      10722   stm32f10x_spi.o
       198         42          0          0          0      22699   stm32f10x_tim.o
       442          6          0          0          0      11529   stm32f10x_usart.o
       328         28          0          0          0      51773   system_stm32f10x.o
      2962        372          0         64        200      33382   tasks.o
       538         22          0          0          0       5864   w25q64.o
       282         24          0          0          0       1946   wifi.o
       568        258          0          0          0        915   wifi_config_task.o

    ----------------------------------------------------------------------
     11076       2048        268        136      19184     450777   Object Totals
         0          0         32          0          0          0   (incl. Generated)
        20          0          0          0          0          0   (incl. Padding)

    ----------------------------------------------------------------------

      Code (inc. data)   RO Data    RW Data    ZI Data      Debug   Library Member Name

        44          6          0          0          0         84   __2sprintf.o
         8          0          0          0          0         68   __main.o
       392          4         17          0          0         92   __printf_flags_ss_wp.o
        14          0          0          0          0         68   __printf_wp.o
         0          0          0          0          0          0   __rtentry.o
        12          0          0          0          0          0   __rtentry2.o
         6          0          0          0          0          0   __rtentry4.o
        52          8          0          0          0          0   __scatter.o
        26          0          0          0          0          0   __scatter_copy.o
        28          0          0          0          0          0   __scatter_zi.o
         6          0          0          0          0          0   _printf_a.o
         6          0          0          0          0          0   _printf_c.o
        44          0          0          0          0        108   _printf_char.o
        48          6          0          0          0         96   _printf_char_common.o
        40          0          0          0          0         68   _printf_charcount.o
         6          0          0          0          0          0   _printf_d.o
       120         16          0          0          0         92   _printf_dec.o
         6          0          0          0          0          0   _printf_e.o
         6          0          0          0          0          0   _printf_f.o
      1054          0          0          0          0        216   _printf_fp_dec.o
       764          8         38          0          0        100   _printf_fp_hex.o
       128         16          0          0          0         84   _printf_fp_infnan.o
         6          0          0          0          0          0   _printf_g.o
       148          4         40          0          0        160   _printf_hex_int_ll_ptr.o
         6          0          0          0          0          0   _printf_i.o
       178          0          0          0          0         88   _printf_intcommon.o
        10          0          0          0          0          0   _printf_l.o
         6          0          0          0          0          0   _printf_lc.o
        10          0          0          0          0          0   _printf_ll.o
         6          0          0          0          0          0   _printf_lld.o
         6          0          0          0          0          0   _printf_lli.o
         6          0          0          0          0          0   _printf_llo.o
         6          0          0          0          0          0   _printf_llu.o
         6          0          0          0          0          0   _printf_llx.o
       124         16          0          0          0         92   _printf_longlong_dec.o
         6          0          0          0          0          0   _printf_ls.o
         6          0          0          0          0          0   _printf_n.o
         6          0          0          0          0          0   _printf_o.o
       112         10          0          0          0        124   _printf_oct_int_ll.o
         6          0          0          0          0          0   _printf_p.o
        78          0          0          0          0        108   _printf_pad.o
         0          0          0          0          0          0   _printf_percent.o
         4          0          0          0          0          0   _printf_percent_end.o
         6          0          0          0          0          0   _printf_s.o
        82          0          0          0          0         80   _printf_str.o
        36          0          0          0          0         84   _printf_truncate.o
         6          0          0          0          0          0   _printf_u.o
        44          0          0          0          0        108   _printf_wchar.o
       188          6          8          0          0         92   _printf_wctomb.o
         6          0          0          0          0          0   _printf_x.o
        10          0          0          0          0         68   _sputc.o
        64          0          0          0          0         92   _wcrtomb.o
       228          4        148          0          0         96   bigflt0.o
      1936        128          0          0          0        672   btod.o
        18          0          0          0          0         80   exit.o
         6          0          0          0          0        152   heapauxi.o
         0          0          0          0          0          0   indicate_semi.o
        44         10        272          0          0         76   lc_ctype_c.o
        44         10         28          0          0         76   lc_numeric_c.o
         2          0          0          0          0          0   libinit.o
        30          0          0          0          0          0   libinit2.o
         2          0          0          0          0          0   libshutdown.o
         2          0          0          0          0          0   libshutdown2.o
         8          4          0          0         96         68   libspace.o
       138          0          0          0          0         80   lludiv10.o
       238          0          0          0          0        100   lludivv7m.o
        16          4          0          0          0         76   rt_ctype_table.o
         8          4          0          0          0         68   rt_locale_intlibspace.o
        68          0          0          0          0         68   rt_memclr.o
        78          0          0          0          0         80   rt_memclr_w.o
       138          0          0          0          0         68   rt_memcpy_v6.o
       100          0          0          0          0         80   rt_memcpy_w.o
         2          0          0          0          0          0   rtexit.o
        10          0          0          0          0          0   rtexit2.o
       128          0          0          0          0         68   strcmpv7m.o
        72          0          0          0          0         80   strcpy.o
        62          0          0          0          0         76   strlen.o
        36          0          0          0          0         80   strstr.o
        12          4          0          0          0         68   sys_exit.o
        74          0          0          0          0         80   sys_stackheap_outer.o
         2          0          0          0          0         68   use_no_semi.o
        36          4          0          0          0         76   vsprintf.o
         4          0          0          0          0         68   printf1.o
         4          0          0          0          0         68   printf2.o
         0          0          0          0          0          0   usenofp.o
        40          0          0          0          0         68   fpclassify.o

    ----------------------------------------------------------------------
      7592        272        556          0         96       4812   Library Totals
        18          0          5          0          0          0   (incl. Padding)

    ----------------------------------------------------------------------

      Code (inc. data)   RO Data    RW Data    ZI Data      Debug   Library Name

      7526        272        551          0         96       4608   c_w.l
         8          0          0          0          0        136   fz_ws.l
        40          0          0          0          0         68   m_ws.l

    ----------------------------------------------------------------------
      7592        272        556          0         96       4812   Library Totals

    ----------------------------------------------------------------------

==============================================================================


      Code (inc. data)   RO Data    RW Data    ZI Data      Debug   

     18668       2320        824        136      19280     446953   Grand Totals
     18668       2320        824        136      19280     446953   ELF Image Totals
     18668       2320        824        136          0          0   ROM Totals

==============================================================================

    Total RO  Size (Code + RO Data)                19492 (  19.04kB)
    Total RW  Size (RW Data + ZI Data)             19416 (  18.96kB)
    Total ROM Size (Code + RO Data + RW Data)      19628 (  19.17kB)

==============================================================================

